{
  "new_neutral_human_sequences": 24,
  "new_neutral_human_geometry_context_pass": 19,
  "human_neutral_models_including_control": 25,
  "human_acid_models_including_control": 4,
  "mouse_models_including_control": 7,
  "mouse_geometry_context_pass_including_control": 6,
  "all_geometry_context_models": 36,
  "all_geometry_context_pass": 30,
  "human_neutral_all_independent_priors_acid_on_including_control": 23
}
[
  {
    "candidate_id": "H00011",
    "decision": "Retain for further evaluation as conditional pH improvement over matched C00003 parent",
    "minimum_engineered_acid_scope_contrast_kcal": 0.6971394447581574,
    "difference_from_matched_parent_kcal": 0.0962428299596425,
    "human_geometry_pass": true,
    "mouse_geometry_pass": true,
    "no_claim_of_experimental_success": true,
    "no_thermal_trajectory_for_this_variant": true
  },
  {
    "candidate_id": "H00020",
    "decision": "Retain for further evaluation as conditional pH improvement over matched C00003 parent",
    "minimum_engineered_acid_scope_contrast_kcal": 0.7091988050424405,
    "difference_from_matched_parent_kcal": 0.10830219024392562,
    "human_geometry_pass": true,
    "mouse_geometry_pass": false,
    "no_claim_of_experimental_success": true,
    "no_thermal_trajectory_for_this_variant": true
  },
  {
    "candidate_id": "H00021",
    "decision": "Retain for further evaluation as conditional pH improvement over matched C00003 parent",
    "minimum_engineered_acid_scope_contrast_kcal": 0.6654958913649054,
    "difference_from_matched_parent_kcal": 0.06459927656639053,
    "human_geometry_pass": true,
    "mouse_geometry_pass": true,
    "no_claim_of_experimental_success": true,
    "no_thermal_trajectory_for_this_variant": true
  }
]
