B00000 human6ARU True same-clash 0 alt [0, 0] gly 0
B00000 human6ARU True same-clash 0 alt [0, 0] gly 0
B00000 mouseAF True same-clash 0 alt [0, 0] gly 0
H00001 human6ARU True same-clash 0 alt [0, 0] gly 0
H00005 human6ARU True same-clash 0 alt [0, 0] gly 0
H00007 human6ARU True same-clash 0 alt [0, 0] gly 0
H00011 human6ARU True same-clash 0 alt [0, 0] gly 0
H00011 human6ARU True same-clash 0 alt [0, 0] gly 0
H00011 mouseAF True same-clash 0 alt [0, 0] gly 0
H00016 human6ARU True same-clash 0 alt [0, 0] gly 0
H00018 human6ARU True same-clash 0 alt [0, 0] gly 0
H00020 human6ARU True same-clash 0 alt [0, 0] gly 0
H00020 human6ARU True same-clash 0 alt [0, 0] gly 0
H00020 mouseAF False same-clash 0 alt [0, 0] gly 0
H00021 human6ARU True same-clash 0 alt [0, 0] gly 0
H00021 human6ARU True same-clash 0 alt [0, 0] gly 0
H00021 mouseAF True same-clash 0 alt [0, 0] gly 0
N2070600 human6ARU True same-clash 0 alt [0, 0] gly 0
N2070600 mouseAF True same-clash 0 alt [0, 0] gly 0
N2070802 human6ARU True same-clash 0 alt [0, 0] gly 0
N2070802 mouseAF True same-clash 0 alt [0, 0] gly 0
N2091100 human6ARU True same-clash 0 alt [0, 0] gly 0
N2091100 mouseAF True same-clash 0 alt [0, 0] gly 0
N2091301 human6ARU True same-clash 0 alt [0, 0] gly 0
N3060500 human6ARU True same-clash 0 alt [0, 0] gly 0
N3060700 human6ARU True same-clash 0 alt [0, 0] gly 0
N3080400 human6ARU False same-clash 0 alt [1, 0] gly 0
N3081001 human6ARU False same-clash 0 alt [0, 0] gly 0
R2071700 human6ARU True same-clash 0 alt [0, 0] gly 0
R2091700 human6ARU True same-clash 0 alt [0, 0] gly 0
R3060700 human6ARU True same-clash 0 alt [0, 0] gly 0
R3080900 human6ARU False same-clash 0 alt [1, 0] gly 0
T3070400 human6ARU False same-clash 0 alt [1, 0] gly 0
T3070900 human6ARU True same-clash 0 alt [0, 0] gly 0
T3080401 human6ARU False same-clash 0 alt [1, 0] gly 0
T3080600 human6ARU True same-clash 0 alt [0, 0] gly 0
