H00001 {54: 'E'} -3.76 0.859
H00002 {52: 'D', 54: 'E'} -4.42 0.859
H00003 {52: 'E', 54: 'E'} -4.38 0.859
H00004 {53: 'D', 54: 'E'} -4.82 1.037
H00005 {53: 'E', 54: 'E'} -4.95 1.037
H00006 {54: 'E', 103: 'Q'} -5.1 0.858
H00007 {52: 'E', 54: 'E', 103: 'Q'} -5.72 0.858
H00008 {52: 'D', 54: 'E', 103: 'Q'} -5.76 0.858
H00009 {103: 'D'} -4.11 0.775
H00010 {104: 'D'} -3.64 0.775
H00011 {104: 'E'} -4.42 0.973
H00012 {105: 'D'} -4.16 0.775
H00013 {105: 'E'} -3.97 0.775
H00014 {103: 'Q', 105: 'E'} -5.3 0.775
H00015 {54: 'E', 105: 'E'} -4.63 0.859
H00016 {54: 'E', 103: 'Q', 105: 'E'} -5.97 0.858
H00017 {103: 'D', 105: 'E'} -4.98 0.775
H00018 {106: 'D'} -2.53 0.431
H00019 {54: 'E', 106: 'D'} -3.19 0.515
GENERATED 19
