N2091100 198006 0.0 warmup T 292 CDRs [0.09, 0.14, 0.11]
N2091100 198006 0.5 warmup T 256 CDRs [0.39, 0.34, 0.32]
N2091100 198006 1.0 warmup T 281 CDRs [0.37, 0.45, 0.35]
N2091100 198006 1.5 warmup T 284 CDRs [0.46, 0.47, 0.5]
N2091100 198006 2.0 production T 301 CDRs [0.69, 0.61, 0.54]
N2091100 198006 2.5 production T 303 CDRs [0.71, 0.99, 0.91]
N2091100 198006 3.0 production T 302 CDRs [0.82, 1.26, 0.92]
N2091100 198006 3.5 production T 301 CDRs [1.03, 1.32, 1.13]
N2091100 198006 4.0 production T 294 CDRs [1.36, 1.14, 1.21]
N2091100 198006 4.5 production T 310 CDRs [1.34, 1.25, 1.4]
N2091100 198006 5.0 production T 304 CDRs [1.43, 1.22, 1.29]
N2091100 198006 5.5 production T 302 CDRs [1.7, 1.42, 1.18]
N2091100 198006 6.0 production T 297 CDRs [2.01, 1.49, 0.96]
N2091100 198006 6.5 production T 287 CDRs [1.87, 1.35, 1.13]
N2091100 198006 7.0 production T 291 CDRs [1.94, 1.34, 1.31]
N2091100 198006 7.5 production T 295 CDRs [1.79, 1.31, 1.34]
N2091100 198006 8.0 production T 293 CDRs [1.68, 1.36, 1.25]
N2091100 198006 8.5 production T 302 CDRs [1.75, 1.57, 1.08]
N2091100 198006 9.0 production T 302 CDRs [1.73, 1.83, 1.2]
N2091100 198006 9.5 production T 297 CDRs [1.57, 1.99, 1.06]
N2091100 198006 10.0 production T 306 CDRs [1.83, 1.77, 1.16]
N2091100 198006 10.5 production T 300 CDRs [2.06, 1.84, 1.44]
N2091100 198006 11.0 production T 291 CDRs [2.31, 2.03, 1.58]
N2091100 198006 11.5 production T 299 CDRs [1.99, 2.07, 1.52]
N2091100 198006 12.0 production T 297 CDRs [2.14, 1.95, 1.78]
N2091100 198006 12.5 production T 313 CDRs [2.07, 2.03, 2.06]
N2091100 198006 13.0 production T 304 CDRs [1.86, 1.88, 2.21]
N2091100 198006 13.5 production T 307 CDRs [1.95, 1.8, 2.18]
N2091100 198006 14.0 production T 294 CDRs [2.16, 1.72, 2.16]
N2091100 198006 14.5 production T 304 CDRs [1.92, 1.71, 2.39]
N2091100 198006 15.0 production T 296 CDRs [1.76, 1.79, 2.37]
N2091100 198006 15.5 production T 307 CDRs [1.63, 1.73, 2.29]
N2091100 198006 16.0 production T 317 CDRs [1.69, 1.83, 1.99]
N2091100 198006 16.5 production T 306 CDRs [1.57, 2.09, 2.38]
N2091100 198006 17.0 production T 298 CDRs [1.58, 2.51, 2.21]
N2091100 198006 17.5 production T 290 CDRs [1.65, 2.82, 2.33]
N2091100 198006 18.0 production T 306 CDRs [1.77, 2.92, 2.08]
N2091100 198006 18.5 production T 300 CDRs [1.6, 3.09, 2.11]
N2091100 198006 19.0 production T 302 CDRs [1.62, 2.9, 2.35]
N2091100 198006 19.5 production T 302 CDRs [1.82, 2.39, 2.55]
N2091100 198006 20.0 production T 295 CDRs [1.95, 2.45, 2.65]
N2091100 198006 20.5 production T 296 CDRs [2.13, 2.41, 2.35]
N2091100 198006 21.0 production T 290 CDRs [1.94, 2.29, 2.57]
N2091100 198006 21.5 production T 293 CDRs [2.31, 2.36, 2.44]
N2091100 198006 22.0 production T 299 CDRs [2.04, 2.5, 2.62]
DONE N2091100_v2_s198006 {'production_mean_temperature_K': 299.823045338956, 'production_mean_loop_RMSD_A': 1.7976574730626345, 'final_CDR_RMSD_A': [2.0389561587037472, 2.500944711871871, 2.624082121391022], 'final_framework_RMSD_A': 0.7612386750996885, 'production_mean_CDR_RMSD_A': [1.7253812602016778, 1.861425655724917, 1.7482326782346538]} seconds 640.345174074173
