N2070600 198005 0.0 warmup T 298 CDRs [0.1, 0.13, 0.08]
N2070600 198005 0.5 warmup T 246 CDRs [0.34, 0.35, 0.3]
N2070600 198005 1.0 warmup T 283 CDRs [0.43, 0.36, 0.45]
N2070600 198005 1.5 warmup T 285 CDRs [0.59, 0.44, 0.38]
N2070600 198005 2.0 production T 307 CDRs [1.06, 0.67, 0.6]
N2070600 198005 2.5 production T 299 CDRs [1.23, 1.0, 0.83]
N2070600 198005 3.0 production T 302 CDRs [1.44, 1.29, 0.88]
N2070600 198005 3.5 production T 293 CDRs [1.52, 1.58, 0.96]
N2070600 198005 4.0 production T 308 CDRs [1.38, 1.86, 1.11]
N2070600 198005 4.5 production T 296 CDRs [1.43, 2.03, 1.24]
N2070600 198005 5.0 production T 303 CDRs [1.58, 2.17, 1.3]
N2070600 198005 5.5 production T 295 CDRs [1.53, 2.26, 1.23]
N2070600 198005 6.0 production T 300 CDRs [1.51, 2.32, 1.14]
N2070600 198005 6.5 production T 307 CDRs [1.49, 2.18, 1.18]
N2070600 198005 7.0 production T 297 CDRs [1.52, 2.52, 1.23]
N2070600 198005 7.5 production T 294 CDRs [1.91, 2.56, 1.34]
N2070600 198005 8.0 production T 298 CDRs [2.28, 2.85, 1.43]
N2070600 198005 8.5 production T 306 CDRs [2.53, 3.21, 1.55]
N2070600 198005 9.0 production T 305 CDRs [2.7, 3.08, 1.83]
N2070600 198005 9.5 production T 303 CDRs [2.48, 3.2, 1.98]
N2070600 198005 10.0 production T 298 CDRs [2.45, 3.42, 2.06]
N2070600 198005 10.5 production T 305 CDRs [2.49, 3.3, 1.99]
N2070600 198005 11.0 production T 298 CDRs [2.34, 3.33, 1.86]
N2070600 198005 11.5 production T 309 CDRs [2.75, 3.58, 1.92]
N2070600 198005 12.0 production T 305 CDRs [2.76, 3.62, 1.97]
N2070600 198005 12.5 production T 302 CDRs [2.56, 3.41, 1.91]
N2070600 198005 13.0 production T 310 CDRs [2.51, 3.46, 1.93]
N2070600 198005 13.5 production T 298 CDRs [2.49, 3.78, 1.99]
N2070600 198005 14.0 production T 301 CDRs [2.19, 3.76, 2.2]
N2070600 198005 14.5 production T 295 CDRs [2.23, 3.81, 2.39]
N2070600 198005 15.0 production T 300 CDRs [2.14, 3.84, 2.38]
N2070600 198005 15.5 production T 301 CDRs [2.15, 3.98, 2.29]
N2070600 198005 16.0 production T 296 CDRs [2.05, 3.84, 2.38]
N2070600 198005 16.5 production T 298 CDRs [2.17, 4.13, 2.32]
N2070600 198005 17.0 production T 296 CDRs [2.12, 4.05, 2.34]
N2070600 198005 17.5 production T 292 CDRs [2.07, 4.03, 2.54]
N2070600 198005 18.0 production T 302 CDRs [2.24, 3.87, 2.51]
N2070600 198005 18.5 production T 294 CDRs [2.24, 3.64, 2.28]
N2070600 198005 19.0 production T 307 CDRs [2.12, 3.92, 2.25]
N2070600 198005 19.5 production T 305 CDRs [2.25, 3.95, 2.19]
N2070600 198005 20.0 production T 300 CDRs [2.26, 3.63, 2.31]
N2070600 198005 20.5 production T 301 CDRs [2.48, 3.44, 2.22]
N2070600 198005 21.0 production T 303 CDRs [2.21, 3.49, 2.21]
N2070600 198005 21.5 production T 302 CDRs [2.22, 3.67, 2.04]
N2070600 198005 22.0 production T 300 CDRs [2.35, 3.58, 1.99]
DONE N2070600_v2_s198005 {'production_mean_temperature_K': 300.6346283554585, 'production_mean_loop_RMSD_A': 2.3162068105379037, 'final_CDR_RMSD_A': [2.34984941036106, 3.5835182793494265, 1.9868906570251261], 'final_framework_RMSD_A': 0.7024076333346195, 'production_mean_CDR_RMSD_A': [2.0840175930501115, 3.104401210087766, 1.8132543684587952]} seconds 704.2797858715057
