B00000 198005 0.0 warmup T 299 CDRs [0.1, 0.12, 0.12]
B00000 198005 0.5 warmup T 249 CDRs [0.36, 0.33, 0.27]
B00000 198005 1.0 warmup T 288 CDRs [0.46, 0.32, 0.4]
B00000 198005 1.5 warmup T 290 CDRs [0.53, 0.49, 0.54]
B00000 198005 2.0 production T 292 CDRs [0.81, 0.72, 0.66]
B00000 198005 2.5 production T 311 CDRs [1.13, 0.57, 0.72]
B00000 198005 3.0 production T 311 CDRs [1.23, 0.85, 0.96]
B00000 198005 3.5 production T 292 CDRs [1.37, 0.73, 1.07]
B00000 198005 4.0 production T 297 CDRs [1.53, 0.92, 1.19]
B00000 198005 4.5 production T 296 CDRs [1.5, 0.93, 1.41]
B00000 198005 5.0 production T 298 CDRs [1.56, 1.05, 1.53]
B00000 198005 5.5 production T 293 CDRs [1.83, 1.01, 1.64]
B00000 198005 6.0 production T 311 CDRs [1.86, 1.02, 1.62]
B00000 198005 6.5 production T 300 CDRs [1.93, 1.27, 2.04]
B00000 198005 7.0 production T 305 CDRs [1.82, 1.3, 2.07]
B00000 198005 7.5 production T 301 CDRs [1.67, 1.11, 1.72]
B00000 198005 8.0 production T 310 CDRs [2.1, 1.23, 2.06]
B00000 198005 8.5 production T 296 CDRs [2.15, 1.25, 2.01]
B00000 198005 9.0 production T 299 CDRs [2.05, 1.49, 1.93]
B00000 198005 9.5 production T 305 CDRs [2.0, 1.48, 2.07]
B00000 198005 10.0 production T 292 CDRs [1.79, 1.49, 2.17]
B00000 198005 10.5 production T 302 CDRs [1.92, 1.57, 2.32]
B00000 198005 11.0 production T 292 CDRs [1.87, 1.49, 2.48]
B00000 198005 11.5 production T 301 CDRs [1.78, 1.5, 2.28]
B00000 198005 12.0 production T 291 CDRs [1.89, 1.47, 2.37]
B00000 198005 12.5 production T 299 CDRs [1.87, 1.57, 2.4]
B00000 198005 13.0 production T 293 CDRs [1.92, 1.38, 2.4]
B00000 198005 13.5 production T 304 CDRs [1.82, 1.47, 2.44]
B00000 198005 14.0 production T 292 CDRs [1.84, 1.54, 2.28]
B00000 198005 14.5 production T 297 CDRs [1.9, 1.62, 2.41]
B00000 198005 15.0 production T 307 CDRs [1.9, 1.36, 2.39]
B00000 198005 15.5 production T 303 CDRs [2.25, 1.54, 2.24]
B00000 198005 16.0 production T 295 CDRs [2.32, 1.4, 2.33]
B00000 198005 16.5 production T 296 CDRs [2.33, 1.53, 2.49]
B00000 198005 17.0 production T 302 CDRs [2.43, 1.52, 2.41]
B00000 198005 17.5 production T 295 CDRs [2.48, 1.73, 2.15]
B00000 198005 18.0 production T 294 CDRs [2.62, 1.83, 2.23]
B00000 198005 18.5 production T 308 CDRs [2.83, 1.99, 2.08]
B00000 198005 19.0 production T 301 CDRs [2.72, 1.92, 2.12]
B00000 198005 19.5 production T 306 CDRs [2.65, 1.99, 2.36]
B00000 198005 20.0 production T 305 CDRs [2.51, 2.36, 2.5]
B00000 198005 20.5 production T 306 CDRs [2.22, 2.26, 2.72]
B00000 198005 21.0 production T 298 CDRs [2.24, 2.08, 2.75]
B00000 198005 21.5 production T 305 CDRs [1.77, 1.68, 2.82]
B00000 198005 22.0 production T 304 CDRs [1.66, 1.69, 2.84]
DONE B00000_v2_s198005 {'production_mean_temperature_K': 300.0777493958373, 'production_mean_loop_RMSD_A': 1.853835691848411, 'final_CDR_RMSD_A': [1.65724573273223, 1.6921705841171497, 2.8441157576966263], 'final_framework_RMSD_A': 0.8618952552612561, 'production_mean_CDR_RMSD_A': [1.9525901087098108, 1.4368827493037888, 2.0654001047688015]} seconds 689.1063504219055
