B00000 198006 0.0 warmup T 286 CDRs [0.1, 0.12, 0.12]
B00000 198006 0.5 warmup T 244 CDRs [0.32, 0.29, 0.22]
B00000 198006 1.0 warmup T 278 CDRs [0.44, 0.57, 0.46]
B00000 198006 1.5 warmup T 291 CDRs [0.47, 0.57, 0.54]
B00000 198006 2.0 production T 295 CDRs [0.62, 0.45, 0.61]
B00000 198006 2.5 production T 295 CDRs [0.77, 0.63, 0.91]
B00000 198006 3.0 production T 292 CDRs [1.04, 0.73, 1.19]
B00000 198006 3.5 production T 308 CDRs [0.85, 0.69, 1.31]
B00000 198006 4.0 production T 306 CDRs [1.03, 0.74, 1.53]
B00000 198006 4.5 production T 307 CDRs [0.97, 0.85, 1.48]
B00000 198006 5.0 production T 308 CDRs [1.08, 0.99, 1.66]
B00000 198006 5.5 production T 299 CDRs [1.0, 1.08, 1.72]
B00000 198006 6.0 production T 291 CDRs [0.96, 1.28, 1.81]
B00000 198006 6.5 production T 301 CDRs [1.02, 1.14, 1.97]
B00000 198006 7.0 production T 296 CDRs [1.2, 1.25, 1.94]
B00000 198006 7.5 production T 290 CDRs [1.23, 1.33, 1.94]
B00000 198006 8.0 production T 294 CDRs [1.45, 1.51, 2.01]
B00000 198006 8.5 production T 299 CDRs [1.71, 1.79, 2.1]
B00000 198006 9.0 production T 299 CDRs [1.45, 1.77, 2.33]
B00000 198006 9.5 production T 296 CDRs [1.39, 1.81, 2.4]
B00000 198006 10.0 production T 305 CDRs [1.59, 1.64, 2.66]
B00000 198006 10.5 production T 304 CDRs [1.77, 1.76, 2.92]
B00000 198006 11.0 production T 303 CDRs [2.01, 2.01, 2.82]
B00000 198006 11.5 production T 303 CDRs [1.55, 1.98, 2.73]
B00000 198006 12.0 production T 311 CDRs [1.56, 1.85, 2.72]
B00000 198006 12.5 production T 297 CDRs [1.75, 1.85, 2.85]
B00000 198006 13.0 production T 306 CDRs [1.54, 1.71, 2.88]
B00000 198006 13.5 production T 304 CDRs [1.58, 1.81, 2.73]
B00000 198006 14.0 production T 301 CDRs [1.78, 1.85, 2.67]
B00000 198006 14.5 production T 298 CDRs [1.73, 1.86, 2.67]
B00000 198006 15.0 production T 305 CDRs [1.62, 1.97, 2.65]
B00000 198006 15.5 production T 292 CDRs [1.72, 2.14, 2.56]
B00000 198006 16.0 production T 294 CDRs [1.72, 2.14, 2.48]
B00000 198006 16.5 production T 305 CDRs [1.48, 2.14, 2.34]
B00000 198006 17.0 production T 314 CDRs [1.71, 2.24, 2.66]
B00000 198006 17.5 production T 297 CDRs [1.62, 2.02, 2.73]
B00000 198006 18.0 production T 312 CDRs [1.58, 2.02, 2.52]
B00000 198006 18.5 production T 301 CDRs [1.6, 1.9, 2.44]
B00000 198006 19.0 production T 286 CDRs [1.76, 2.05, 2.17]
B00000 198006 19.5 production T 305 CDRs [1.78, 2.11, 1.91]
B00000 198006 20.0 production T 297 CDRs [2.01, 2.48, 1.84]
B00000 198006 20.5 production T 301 CDRs [2.14, 2.65, 1.76]
B00000 198006 21.0 production T 301 CDRs [2.26, 2.96, 1.88]
B00000 198006 21.5 production T 315 CDRs [2.3, 2.9, 1.94]
B00000 198006 22.0 production T 302 CDRs [2.58, 2.79, 2.13]
DONE B00000_v2_s198006 {'production_mean_temperature_K': 300.8407774164095, 'production_mean_loop_RMSD_A': 1.8907377365452605, 'final_CDR_RMSD_A': [2.5816330701081185, 2.793210949025038, 2.1342207189493756], 'final_framework_RMSD_A': 0.8303297641666453, 'production_mean_CDR_RMSD_A': [1.524463688146286, 1.7284331676274123, 2.159932942151599]} seconds 679.4498965740204
