NATIVE_3EAK 198005 0.0 warmup T 297 CDRs [0.15, 0.19, 0.16]
NATIVE_3EAK 198005 0.5 warmup T 251 CDRs [0.32, 0.35, 0.38]
NATIVE_3EAK 198005 1.0 warmup T 279 CDRs [0.38, 0.42, 0.3]
NATIVE_3EAK 198005 1.5 warmup T 295 CDRs [0.38, 0.32, 0.42]
NATIVE_3EAK 198005 2.0 production T 303 CDRs [0.53, 0.63, 0.54]
NATIVE_3EAK 198005 2.5 production T 301 CDRs [0.67, 0.7, 0.68]
NATIVE_3EAK 198005 3.0 production T 303 CDRs [0.63, 0.77, 0.79]
NATIVE_3EAK 198005 3.5 production T 298 CDRs [0.57, 0.87, 1.13]
NATIVE_3EAK 198005 4.0 production T 306 CDRs [0.63, 0.77, 1.02]
NATIVE_3EAK 198005 4.5 production T 298 CDRs [0.71, 0.82, 1.04]
NATIVE_3EAK 198005 5.0 production T 290 CDRs [1.02, 1.15, 1.16]
NATIVE_3EAK 198005 5.5 production T 299 CDRs [0.96, 1.16, 1.1]
NATIVE_3EAK 198005 6.0 production T 300 CDRs [0.79, 1.35, 1.12]
NATIVE_3EAK 198005 6.5 production T 301 CDRs [0.87, 1.28, 1.33]
NATIVE_3EAK 198005 7.0 production T 297 CDRs [0.96, 1.16, 1.3]
NATIVE_3EAK 198005 7.5 production T 312 CDRs [0.96, 1.4, 1.42]
NATIVE_3EAK 198005 8.0 production T 304 CDRs [1.01, 1.47, 1.36]
NATIVE_3EAK 198005 8.5 production T 304 CDRs [1.17, 1.66, 1.3]
NATIVE_3EAK 198005 9.0 production T 301 CDRs [1.44, 1.48, 1.36]
NATIVE_3EAK 198005 9.5 production T 288 CDRs [1.38, 1.45, 1.27]
NATIVE_3EAK 198005 10.0 production T 301 CDRs [1.19, 1.38, 1.16]
NATIVE_3EAK 198005 10.5 production T 293 CDRs [1.22, 1.41, 1.55]
NATIVE_3EAK 198005 11.0 production T 305 CDRs [1.13, 1.31, 1.75]
NATIVE_3EAK 198005 11.5 production T 298 CDRs [1.15, 1.47, 1.78]
NATIVE_3EAK 198005 12.0 production T 295 CDRs [1.07, 1.37, 1.86]
NATIVE_3EAK 198005 12.5 production T 291 CDRs [1.28, 1.41, 1.84]
NATIVE_3EAK 198005 13.0 production T 301 CDRs [1.13, 1.43, 1.87]
NATIVE_3EAK 198005 13.5 production T 304 CDRs [1.14, 1.42, 1.65]
NATIVE_3EAK 198005 14.0 production T 304 CDRs [1.23, 1.31, 1.66]
NATIVE_3EAK 198005 14.5 production T 298 CDRs [1.29, 1.29, 1.87]
NATIVE_3EAK 198005 15.0 production T 302 CDRs [1.31, 1.24, 2.01]
NATIVE_3EAK 198005 15.5 production T 306 CDRs [1.19, 1.13, 1.82]
NATIVE_3EAK 198005 16.0 production T 301 CDRs [1.02, 1.31, 1.81]
NATIVE_3EAK 198005 16.5 production T 299 CDRs [1.05, 1.33, 1.93]
NATIVE_3EAK 198005 17.0 production T 298 CDRs [1.18, 1.38, 1.86]
NATIVE_3EAK 198005 17.5 production T 293 CDRs [1.17, 1.57, 1.72]
NATIVE_3EAK 198005 18.0 production T 299 CDRs [0.93, 1.57, 1.9]
NATIVE_3EAK 198005 18.5 production T 297 CDRs [1.16, 1.36, 1.78]
NATIVE_3EAK 198005 19.0 production T 292 CDRs [1.17, 1.36, 1.88]
NATIVE_3EAK 198005 19.5 production T 297 CDRs [1.2, 1.42, 2.12]
NATIVE_3EAK 198005 20.0 production T 298 CDRs [1.22, 1.36, 2.09]
NATIVE_3EAK 198005 20.5 production T 297 CDRs [1.19, 1.4, 2.33]
NATIVE_3EAK 198005 21.0 production T 295 CDRs [1.17, 1.34, 2.49]
NATIVE_3EAK 198005 21.5 production T 293 CDRs [1.3, 1.33, 2.56]
NATIVE_3EAK 198005 22.0 production T 307 CDRs [1.47, 1.39, 2.39]
DONE NATIVE_3EAK_v2_s198005 {'production_mean_temperature_K': 299.1767078330565, 'production_mean_loop_RMSD_A': 1.3717427935302848, 'final_CDR_RMSD_A': [1.4662391811501114, 1.392219512218719, 2.394266422933859], 'final_framework_RMSD_A': 0.9863873180158567, 'production_mean_CDR_RMSD_A': [1.0704421527141017, 1.27775899006305, 1.5995905383039306]} seconds 745.952043056488
