N2070600 198006 0.0 warmup T 290 CDRs [0.1, 0.12, 0.08]
N2070600 198006 0.5 warmup T 255 CDRs [0.41, 0.32, 0.38]
N2070600 198006 1.0 warmup T 280 CDRs [0.51, 0.44, 0.32]
N2070600 198006 1.5 warmup T 293 CDRs [0.49, 0.48, 0.46]
N2070600 198006 2.0 production T 292 CDRs [0.41, 0.7, 0.56]
N2070600 198006 2.5 production T 306 CDRs [0.77, 0.96, 0.76]
N2070600 198006 3.0 production T 287 CDRs [0.82, 0.93, 0.9]
N2070600 198006 3.5 production T 296 CDRs [0.78, 0.95, 1.16]
N2070600 198006 4.0 production T 309 CDRs [1.02, 0.9, 1.35]
N2070600 198006 4.5 production T 295 CDRs [1.02, 0.91, 1.66]
N2070600 198006 5.0 production T 301 CDRs [1.0, 0.96, 1.95]
N2070600 198006 5.5 production T 293 CDRs [1.22, 0.79, 1.82]
N2070600 198006 6.0 production T 295 CDRs [1.33, 0.94, 1.42]
N2070600 198006 6.5 production T 289 CDRs [1.33, 1.25, 1.3]
N2070600 198006 7.0 production T 294 CDRs [1.18, 1.28, 1.25]
N2070600 198006 7.5 production T 295 CDRs [1.22, 1.43, 1.49]
N2070600 198006 8.0 production T 299 CDRs [1.08, 1.35, 1.64]
N2070600 198006 8.5 production T 299 CDRs [1.06, 1.25, 1.66]
N2070600 198006 9.0 production T 289 CDRs [1.19, 1.51, 1.8]
N2070600 198006 9.5 production T 297 CDRs [1.2, 1.35, 1.82]
N2070600 198006 10.0 production T 296 CDRs [1.33, 1.42, 1.8]
N2070600 198006 10.5 production T 303 CDRs [1.29, 1.29, 2.13]
N2070600 198006 11.0 production T 297 CDRs [1.49, 1.29, 2.24]
N2070600 198006 11.5 production T 293 CDRs [1.48, 1.18, 2.39]
N2070600 198006 12.0 production T 296 CDRs [1.77, 1.4, 2.39]
N2070600 198006 12.5 production T 296 CDRs [2.23, 1.66, 2.57]
N2070600 198006 13.0 production T 300 CDRs [2.02, 1.69, 2.52]
N2070600 198006 13.5 production T 305 CDRs [2.27, 1.79, 2.56]
N2070600 198006 14.0 production T 307 CDRs [2.2, 1.6, 2.44]
N2070600 198006 14.5 production T 309 CDRs [2.06, 1.49, 2.16]
N2070600 198006 15.0 production T 316 CDRs [2.08, 1.45, 2.24]
N2070600 198006 15.5 production T 320 CDRs [2.13, 1.38, 2.12]
N2070600 198006 16.0 production T 301 CDRs [2.45, 1.86, 2.29]
N2070600 198006 16.5 production T 299 CDRs [2.74, 1.8, 2.32]
N2070600 198006 17.0 production T 301 CDRs [2.86, 1.88, 2.35]
N2070600 198006 17.5 production T 303 CDRs [2.94, 1.82, 2.4]
N2070600 198006 18.0 production T 297 CDRs [3.18, 1.76, 2.53]
N2070600 198006 18.5 production T 305 CDRs [2.93, 1.49, 2.54]
N2070600 198006 19.0 production T 294 CDRs [2.54, 1.49, 2.69]
N2070600 198006 19.5 production T 288 CDRs [2.49, 1.26, 2.54]
N2070600 198006 20.0 production T 294 CDRs [2.34, 0.93, 2.43]
N2070600 198006 20.5 production T 295 CDRs [2.5, 0.83, 2.45]
N2070600 198006 21.0 production T 299 CDRs [2.15, 0.85, 2.32]
N2070600 198006 21.5 production T 308 CDRs [2.0, 1.0, 2.72]
N2070600 198006 22.0 production T 307 CDRs [1.88, 0.99, 2.84]
DONE N2070600_v2_s198006 {'production_mean_temperature_K': 299.08417938315574, 'production_mean_loop_RMSD_A': 1.7868273817698233, 'final_CDR_RMSD_A': [1.8791976933537347, 0.9868638865835959, 2.8369512177023277], 'final_framework_RMSD_A': 0.851732942657569, 'production_mean_CDR_RMSD_A': [1.7549543712978277, 1.2946960694016814, 2.0133426423524727]} seconds 693.5936858654022
