NATIVE_3EAK 198006 0.0 warmup T 292 CDRs [0.14, 0.18, 0.15]
NATIVE_3EAK 198006 0.5 warmup T 254 CDRs [0.34, 0.28, 0.3]
NATIVE_3EAK 198006 1.0 warmup T 287 CDRs [0.35, 0.36, 0.39]
NATIVE_3EAK 198006 1.5 warmup T 293 CDRs [0.56, 0.47, 0.53]
NATIVE_3EAK 198006 2.0 production T 306 CDRs [0.54, 0.5, 0.36]
NATIVE_3EAK 198006 2.5 production T 304 CDRs [0.8, 1.03, 0.66]
NATIVE_3EAK 198006 3.0 production T 297 CDRs [0.74, 0.9, 0.73]
NATIVE_3EAK 198006 3.5 production T 304 CDRs [0.71, 0.84, 0.91]
NATIVE_3EAK 198006 4.0 production T 312 CDRs [0.74, 0.77, 0.92]
NATIVE_3EAK 198006 4.5 production T 307 CDRs [0.9, 0.92, 0.89]
NATIVE_3EAK 198006 5.0 production T 298 CDRs [0.96, 1.03, 0.97]
NATIVE_3EAK 198006 5.5 production T 294 CDRs [0.86, 1.17, 1.12]
NATIVE_3EAK 198006 6.0 production T 303 CDRs [1.03, 1.09, 1.19]
NATIVE_3EAK 198006 6.5 production T 291 CDRs [1.1, 1.23, 1.2]
NATIVE_3EAK 198006 7.0 production T 292 CDRs [1.17, 1.36, 1.36]
NATIVE_3EAK 198006 7.5 production T 297 CDRs [1.0, 1.24, 1.61]
NATIVE_3EAK 198006 8.0 production T 295 CDRs [0.99, 1.18, 1.51]
NATIVE_3EAK 198006 8.5 production T 306 CDRs [1.11, 1.26, 1.56]
NATIVE_3EAK 198006 9.0 production T 305 CDRs [1.25, 1.42, 1.54]
NATIVE_3EAK 198006 9.5 production T 303 CDRs [1.23, 1.36, 1.4]
NATIVE_3EAK 198006 10.0 production T 301 CDRs [1.2, 1.34, 1.35]
NATIVE_3EAK 198006 10.5 production T 297 CDRs [1.2, 1.41, 1.5]
NATIVE_3EAK 198006 11.0 production T 293 CDRs [1.18, 1.39, 1.43]
NATIVE_3EAK 198006 11.5 production T 310 CDRs [1.4, 1.28, 1.44]
NATIVE_3EAK 198006 12.0 production T 301 CDRs [1.17, 1.34, 1.56]
NATIVE_3EAK 198006 12.5 production T 308 CDRs [1.14, 1.4, 1.46]
NATIVE_3EAK 198006 13.0 production T 302 CDRs [1.1, 1.46, 1.37]
NATIVE_3EAK 198006 13.5 production T 301 CDRs [1.26, 1.62, 1.54]
NATIVE_3EAK 198006 14.0 production T 303 CDRs [1.31, 1.64, 1.49]
NATIVE_3EAK 198006 14.5 production T 316 CDRs [1.13, 1.38, 1.32]
NATIVE_3EAK 198006 15.0 production T 293 CDRs [1.17, 1.24, 1.47]
NATIVE_3EAK 198006 15.5 production T 297 CDRs [1.1, 1.22, 1.48]
NATIVE_3EAK 198006 16.0 production T 308 CDRs [1.02, 1.17, 1.47]
NATIVE_3EAK 198006 16.5 production T 297 CDRs [1.08, 1.39, 1.56]
NATIVE_3EAK 198006 17.0 production T 301 CDRs [1.0, 1.23, 1.53]
NATIVE_3EAK 198006 17.5 production T 288 CDRs [0.9, 1.08, 1.32]
NATIVE_3EAK 198006 18.0 production T 301 CDRs [0.91, 1.18, 1.06]
NATIVE_3EAK 198006 18.5 production T 301 CDRs [1.06, 1.18, 1.1]
NATIVE_3EAK 198006 19.0 production T 313 CDRs [1.0, 1.39, 1.05]
NATIVE_3EAK 198006 19.5 production T 306 CDRs [1.14, 1.48, 1.15]
NATIVE_3EAK 198006 20.0 production T 303 CDRs [1.3, 1.34, 1.32]
NATIVE_3EAK 198006 20.5 production T 292 CDRs [0.97, 1.4, 1.24]
NATIVE_3EAK 198006 21.0 production T 301 CDRs [0.85, 1.08, 1.22]
NATIVE_3EAK 198006 21.5 production T 309 CDRs [1.06, 1.1, 1.16]
NATIVE_3EAK 198006 22.0 production T 304 CDRs [1.07, 1.24, 1.02]
DONE NATIVE_3EAK_v2_s198006 {'production_mean_temperature_K': 301.44191121400337, 'production_mean_loop_RMSD_A': 1.1942483926351226, 'final_CDR_RMSD_A': [1.0710581126276777, 1.240310926147345, 1.0192629137075022], 'final_framework_RMSD_A': 0.7963197525413078, 'production_mean_CDR_RMSD_A': [1.0446920276365945, 1.22671858345764, 1.2567205887104211]} seconds 701.3795435428619
