N2091100 198005 0.0 warmup T 294 CDRs [0.09, 0.15, 0.12]
N2091100 198005 0.5 warmup T 249 CDRs [0.35, 0.34, 0.37]
N2091100 198005 1.0 warmup T 284 CDRs [0.36, 0.31, 0.35]
N2091100 198005 1.5 warmup T 294 CDRs [0.41, 0.45, 0.35]
N2091100 198005 2.0 production T 296 CDRs [0.71, 0.69, 0.52]
N2091100 198005 2.5 production T 303 CDRs [0.99, 0.54, 0.61]
N2091100 198005 3.0 production T 294 CDRs [1.02, 0.86, 0.7]
N2091100 198005 3.5 production T 298 CDRs [0.98, 0.98, 0.98]
N2091100 198005 4.0 production T 301 CDRs [0.77, 1.09, 1.07]
N2091100 198005 4.5 production T 299 CDRs [1.09, 1.13, 1.0]
N2091100 198005 5.0 production T 294 CDRs [1.48, 1.18, 1.1]
N2091100 198005 5.5 production T 295 CDRs [1.67, 1.26, 1.15]
N2091100 198005 6.0 production T 290 CDRs [1.64, 1.32, 1.13]
N2091100 198005 6.5 production T 309 CDRs [1.67, 1.29, 1.16]
N2091100 198005 7.0 production T 305 CDRs [1.74, 1.2, 1.28]
N2091100 198005 7.5 production T 305 CDRs [1.78, 1.47, 1.17]
N2091100 198005 8.0 production T 306 CDRs [1.87, 1.46, 1.38]
N2091100 198005 8.5 production T 293 CDRs [1.83, 1.77, 1.45]
N2091100 198005 9.0 production T 309 CDRs [1.99, 1.86, 1.7]
N2091100 198005 9.5 production T 302 CDRs [1.92, 2.19, 1.83]
N2091100 198005 10.0 production T 308 CDRs [1.72, 2.35, 1.94]
N2091100 198005 10.5 production T 310 CDRs [1.91, 2.47, 2.52]
N2091100 198005 11.0 production T 307 CDRs [1.58, 2.26, 2.15]
N2091100 198005 11.5 production T 295 CDRs [1.57, 2.25, 2.16]
N2091100 198005 12.0 production T 302 CDRs [1.79, 1.99, 2.04]
N2091100 198005 12.5 production T 302 CDRs [1.83, 1.92, 2.28]
N2091100 198005 13.0 production T 296 CDRs [1.83, 1.89, 2.32]
N2091100 198005 13.5 production T 302 CDRs [1.95, 2.11, 2.25]
N2091100 198005 14.0 production T 294 CDRs [2.08, 2.08, 2.42]
N2091100 198005 14.5 production T 298 CDRs [2.18, 2.12, 2.28]
N2091100 198005 15.0 production T 290 CDRs [2.27, 2.01, 2.5]
N2091100 198005 15.5 production T 303 CDRs [2.36, 2.01, 2.38]
N2091100 198005 16.0 production T 291 CDRs [2.46, 1.79, 2.34]
N2091100 198005 16.5 production T 302 CDRs [2.53, 1.87, 2.42]
N2091100 198005 17.0 production T 292 CDRs [2.63, 1.85, 2.43]
N2091100 198005 17.5 production T 308 CDRs [2.59, 1.9, 2.53]
N2091100 198005 18.0 production T 305 CDRs [2.54, 2.26, 2.59]
N2091100 198005 18.5 production T 297 CDRs [2.47, 2.35, 2.88]
N2091100 198005 19.0 production T 296 CDRs [2.61, 2.32, 2.66]
N2091100 198005 19.5 production T 293 CDRs [2.69, 2.51, 2.64]
N2091100 198005 20.0 production T 305 CDRs [2.64, 2.67, 2.6]
N2091100 198005 20.5 production T 292 CDRs [2.72, 2.89, 2.58]
N2091100 198005 21.0 production T 295 CDRs [2.75, 2.97, 2.84]
N2091100 198005 21.5 production T 293 CDRs [2.8, 2.92, 2.73]
N2091100 198005 22.0 production T 290 CDRs [2.68, 3.02, 2.76]
DONE N2091100_v2_s198005 {'production_mean_temperature_K': 299.13946584635283, 'production_mean_loop_RMSD_A': 1.9355138899479079, 'final_CDR_RMSD_A': [2.680322253823728, 3.020959860760515, 2.7617425874932873], 'final_framework_RMSD_A': 1.0688645145897218, 'production_mean_CDR_RMSD_A': [1.9595057813599361, 1.879670673156896, 1.9382775485993442]} seconds 698.5633473396301
