START human_B00000.log 1476
START human_N2070802.log 1477
START human_N2070600.log 1478
END human_B00000.log 0 80.0
END human_N2070600.log 0 80.0
START human_N2091100.log 1553
START human_N2091301.log 1554
END human_N2070802.log 0 89.0
START human_N3060700.log 1631
END human_N2091301.log 0 84.0
START human_N3060500.log 1718
END human_N2091100.log 0 91.0
START human_N3080400.log 1720
END human_N3060700.log 0 87.0
START human_N3081001.log 1731
END human_N3060500.log 0 80.0
START human_R2071700.log 1785
END human_N3080400.log 0 79.0
START human_R2091700.log 1788
END human_N3081001.log 0 91.0
START human_R3060700.log 1831
END human_R2071700.log 0 75.0
START human_R3080900.log 1868
END human_R2091700.log 0 76.0
END human_R3060700.log 0 87.0
END human_R3080900.log 0 78.0
