{'checks': 144, 'passed': 144, 'method': 'algebraic tests, not biological validation', 'rng': 'MT19937'}
B00000_human6ARU_acid_proton.json 486 0.9295 True
B00000_human6ARU_proton.json 486 0.7723 True
B00000_mouseAF_proton.json 54 0.0012 True
H00001_human6ARU_proton.json 486 0.7159 True
H00005_human6ARU_proton.json 486 0.7465 True
H00007_human6ARU_proton.json 486 0.6445 True
H00011_human6ARU_acid_proton.json 486 0.9948 True
H00011_human6ARU_proton.json 486 0.9309 True
H00011_mouseAF_proton.json 54 0.2979 True
H00016_human6ARU_proton.json 486 0.5893 True
H00018_human6ARU_proton.json 486 0.829 True
H00020_human6ARU_acid_proton.json 486 0.9781 True
H00020_human6ARU_proton.json 486 0.8973 True
H00020_mouseAF_proton.json 54 0.0992 True
H00021_human6ARU_acid_proton.json 486 0.9277 True
H00021_human6ARU_proton.json 486 0.8453 True
H00021_mouseAF_proton.json 54 -0.1295 False
N2070600_human6ARU_proton.json 486 0.7942 True
N2070600_mouseAF_proton.json 54 -0.1597 False
N2070802_human6ARU_proton.json 486 0.6522 True
N2070802_mouseAF_proton.json 54 -0.1343 False
N2091100_human6ARU_proton.json 486 0.728 True
N2091100_mouseAF_proton.json 54 -0.1058 False
N2091301_human6ARU_proton.json 486 0.6891 True
N3060500_human6ARU_proton.json 486 -0.1569 False
N3060700_human6ARU_proton.json 486 0.2502 True
N3080400_human6ARU_proton.json 486 0.3416 True
N3081001_human6ARU_proton.json 486 0.2731 True
R2071700_human6ARU_proton.json 486 0.0252 True
R2091700_human6ARU_proton.json 486 0.0524 True
R3060700_human6ARU_proton.json 486 0.0886 True
R3080900_human6ARU_proton.json 486 -0.0239 False
T3070400_human6ARU_proton.json 486 0.8185 True
T3070900_human6ARU_proton.json 486 0.6483 True
T3080401_human6ARU_proton.json 486 0.8544 True
T3080600_human6ARU_proton.json 486 0.6632 True
