N2090000 rejected_glycosylation_sequon ATNYSSTQF -4.16
N2090100 candidate AQNSLQGFI -2.44
N2090102 candidate ATPFLQGFI -2.16
N2090200 candidate AFYGLQQGF -3.6
N2090201 candidate ANYGLFQGF -3.57
N2090300 candidate PYAFYPFNQ -3.64
N2090400 rejected_glycosylation_sequon SQNAFQSLL -2.3
N2090401 rejected_hydrophobic_run SQNAIFLYL -2.27
N2090402 rejected_glycosylation_sequon SQNAFTNLL -2.34
N2090500 rejected_glycosylation_sequon SSNGTNYQG -3.71
N2090501 candidate NQIGTFYQG -3.97
N2090600 candidate AFSVQFGGQ -2.98
N2090601 candidate AFSSQNGGQ -2.98
N2090700 candidate YPFAGNYFL -2.59
N2090702 candidate PAFAGNYFL -2.55
N2090800 rejected_glycosylation_sequon SANSAQGGF -0.87
N2090801 candidate YTNSAQGGF -0.84
N2090900 candidate NLNGYSYYL -2.7
N2090901 candidate ALAGYSYYL -2.6
N2091000 candidate NPGYALQYL -3.8
N2091001 candidate NPGYNPQYN -3.7
N2091100 candidate ANFYLQTYL -5.7
N2091200 candidate AYPTGNGFT -1.83
N2091201 rejected_glycosylation_sequon SYSQFNGFT -1.89
N2091300 rejected_glycosylation_sequon NQQPNNTYN -5.76
N2091301 candidate PTQNQNTLN -5.3
N2091302 rejected_glycosylation_sequon SYQPNNTYN -5.38
N2091400 candidate YSQQYQQGG -2.6
N2091402 rejected_glycosylation_sequon SFQYYQQGG -2.71
N2091500 candidate NYNSQFLYQ -3.68
N2091501 rejected_hydrophobic_run YYNPSFLYF -3.65
N2091600 candidate NQYNYGGGG 0.69
N2091700 rejected_hydrophobic_run SYTPSYLYL -5.09
N2091701 rejected_glycosylation_sequon SYTPSYLNI -5.12
N2091702 candidate YLTSSYYNI -5.25
DONE H2_n09 35 6.2
