N2070000 rejected_glycosylation_sequon SFGQSLI -1.86
N2070001 rejected_glycosylation_sequon SFGASFI -1.59
N2070100 candidate QNQNFQN -4.78
N2070200 rejected_glycosylation_sequon TTQGLQN -2.92
N2070300 candidate AGIAYNN -2.78
N2070400 candidate YLNTQSQ -3.4
N2070401 candidate YLNNQNL -3.6
N2070402 candidate NQNLQQL -3.77
N2070500 candidate NQFLSFF -2.34
N2070501 rejected_glycosylation_sequon SNFLSFF -2.09
N2070600 candidate NNNFYNQ -4.91
N2070700 rejected_glycosylation_sequon SFSLSSG -2.05
N2070800 candidate QFLNQFF -4.95
N2070802 candidate NQLNQFF -5.17
N2070900 rejected_glycosylation_sequon SSGQLNG -2.16
N2071000 rejected_glycosylation_sequon SQFGFFQ -5.12
N2071100 rejected_glycosylation_sequon SQFSFNQ -3.87
N2071200 candidate ATQSIFG -1.9
N2071300 candidate NQQATNN -3.9
N2071400 rejected_glycosylation_sequon SQQSYLI -5.47
N2071500 candidate QSQFPTN -3.44
N2071501 candidate QSYFPSN -3.71
N2071600 rejected_hydrophobic_run PYGLIYL -3.47
N2071700 candidate NQNYYNI -4.03
N2071701 candidate QNQYYSN -4.07
N2071702 candidate NQNYYSN -4.08
DONE H2_n07 26 4.8
