R3080000 candidate KDKYGGGK -8.38
R3080001 candidate QKKYGGGK -8.13
R3080100 candidate KNNNKFGK -4.6
R3080101 candidate KGDNKFGK -4.36
R3080200 candidate EYKGKNKG -6.5
R3080202 candidate DKNGKNKG -6.58
R3080300 candidate QKGPFGFG -4.32
R3080301 candidate KNGKFGFG -4.31
R3080400 candidate KKDKKEGF -8.65
R3080401 candidate KKNDKTGF -8.31
R3080402 candidate KYSSKTGF -7.82
R3080500 candidate DKAAGGKK -9.76
R3080501 candidate KDKAGGPK -8.34
R3080502 candidate DKKAGGPK -10.23
R3080600 candidate KGSYKAGK -5.95
R3080700 candidate KNAGKKGD -6.52
R3080701 candidate KKAGQKGD -6.57
R3080800 candidate KDEKDKKK -11.57
R3080900 candidate NFDKKKAK -12.04
R3081000 candidate KDKFPGLK -10.3
R3081001 candidate KKDFPGLK -10.1
R3081002 candidate KKDYAGQK -10.44
R3081100 candidate KDKKQDGK -8.23
R3081101 candidate DKKKQDGK -9.96
DONE H3_n08 24 4.1
