R2090000 candidate KKEDFSKDF -11.96
R2090002 candidate KDEKEKDDK -10.83
R2090100 candidate ADNKKDGKD -10.79
R2090101 candidate KKSPDDGKD -8.24
R2090102 candidate DKKEDKGKD -8.46
R2090200 rejected_glycosylation_sequon SKDGYFKGD -8.78
R2090202 candidate KDDGKKKGD -9.05
R2090300 candidate KKEDDKKNE -10.46
R2090301 candidate KKADDKFNE -10.45
R2090400 candidate KKDKDQSKE -7.88
R2090401 candidate KKDKDFKYE -8.0
R2090402 candidate KKDKEQKDE -7.91
R2090500 candidate KKEGEKEQG -7.73
R2090501 candidate KDEGKKEQG -9.33
R2090600 candidate KDDKDKGGQ -9.32
R2090700 candidate EKKAGEKFE -8.7
R2090701 candidate EKKDGEKKE -8.83
R2090702 candidate KEKAGEKKE -8.14
R2090800 candidate KDKSEKGGD -6.23
R2090801 candidate DKKSEKGGD -6.95
R2090900 candidate DKKGLSEDK -6.41
R2091000 candidate NKGYDDKKE -11.64
R2091001 candidate DKGKDDKKE -11.96
R2091002 candidate NKGYADQKE -10.15
R2091100 candidate EKKDKETKE -12.93
R2091102 candidate EKKEKEKKE -11.99
R2091200 candidate DKKAGEGKD -7.72
R2091201 candidate DGKSKEGKD -8.47
R2091300 candidate KKEDEKKKD -12.37
R2091400 candidate KSDQDKKGG -6.77
R2091401 candidate DKDKDKKGG -8.89
R2091500 candidate KEESKKKED -9.37
R2091502 candidate KENPSYKEE -8.23
R2091600 candidate NKDKKGGGG -4.37
R2091700 candidate DKKKEYEKE -13.65
R2091701 candidate DKKAKYEKE -13.33
DONE H2_n09 36 8.7
