R2070000 rejected_glycosylation_sequon SKGQEKE -7.6
R2070100 candidate QKKEDKD -10.67
R2070101 candidate DKKEFKD -10.64
R2070200 candidate KEKGDKD -8.05
R2070300 candidate AGKEYKE -10.4
R2070400 candidate NKNQDKE -9.14
R2070402 candidate KKNQDKE -8.92
R2070500 candidate DKKQKDE -8.2
R2070502 candidate KDKKKDE -8.03
R2070600 candidate NKKDYKE -10.29
R2070601 candidate KFKDYKE -10.28
R2070700 candidate QKDDKDG -8.01
R2070702 candidate QKDDSKG -7.65
R2070800 candidate NQKEQKE -11.07
R2070801 candidate KPKEQKE -10.91
R2070900 candidate KEGKDKG -4.86
R2070901 candidate DKGDKKG -5.68
R2071000 candidate KDEGKKE -10.62
R2071100 candidate KDDSKKE -7.9
R2071101 candidate KKDDKKE -8.41
R2071200 candidate KKSEDKG -6.51
R2071201 candidate KKDKDKG -7.25
R2071300 candidate NKKEEKE -8.03
R2071400 candidate KDKSEKD -7.87
R2071401 rejected_glycosylation_sequon SQKDYKD -8.4
R2071402 candidate DKKDYKD -8.27
R2071500 candidate KKEEKKE -9.74
R2071502 candidate DKEKSKE -8.13
R2071600 candidate QKGLKYE -8.73
R2071700 candidate KYKDYKD -12.47
DONE H2_n07 30 7.1
