R3060000 candidate EKKAGQ -6.06
R3060100 candidate QKKGKG -5.04
R3060200 candidate QKKNGN -3.99
R3060300 candidate PNSYKG -4.82
R3060400 candidate KAKKES -6.53
R3060401 candidate NKKKES -6.59
R3060402 rejected_glycosylation_sequon NKKNKS -6.37
R3060500 candidate QYKGKK -8.98
R3060501 candidate QSKGKK -8.86
R3060600 candidate KGKKDG -5.01
R3060700 candidate KPKEKK -9.91
R3060702 candidate PTKSKK -9.67
R3060800 candidate DKKKEQ -8.46
R3060900 candidate FTFKGK -5.54
R3060901 candidate DTKKGK -6.94
R3061000 candidate YLKEKK -8.39
R3061001 candidate QKKEPK -8.54
R3061100 candidate DKKYKP -9.5
R3061200 candidate KSQGGK -5.54
R3061300 candidate DKNGNK -8.47
DONE H3_n06 20 4.8
