T3_n07 {'attempts': 1004, 'closed': 583, 'rama_pass': 32, 'self_steric_pass': 20, 'target_glycan_pass': 20, 'diverse': 16} seconds 13.6
T3070000 rejected_glycosylation_sequon PPPNSTL -5.22
T3070001 rejected_glycosylation_sequon YPFNSTL -5.38
T3070100 candidate TSQIALL -5.16
T3070200 candidate FGGNYGN -0.65
T3070300 candidate PSNNYGG -1.81
T3070400 candidate FPTLYPF -7.52
T3070500 candidate QALANQG -2.48
T3070600 rejected_hydrophobic_run FAILYFI -5.24
T3070601 rejected_hydrophobic_run QQNNYLI -5.11
T3070602 rejected_hydrophobic_run QQINYFI -5.81
T3070700 candidate QSFPSGN -2.53
T3070800 candidate PYSYFGF -4.95
T3070900 candidate LGYVGFL -5.79
T3071000 candidate YSNPNGY -5.07
T3071100 rejected_hydrophobic_run LAFSYYY -6.27
T3071101 rejected_hydrophobic_run QATAYYY -6.4
T3071200 candidate YSGYFGG -0.77
T3071201 candidate FFGQFGG -0.75
T3071202 candidate PYGFFGG -0.79
T3071300 rejected_hydrophobic_run QQGQYFY -4.93
T3071400 candidate FPLSYNN -4.8
T3071500 candidate PAGLAGN -3.32
DONE T3_n07 22 5.3
T3_n08 {'attempts': 541, 'closed': 402, 'rama_pass': 22, 'self_steric_pass': 16, 'target_glycan_pass': 16, 'diverse': 16} seconds 7.4
T3080000 candidate PGNFYQNG -4.04
T3080100 candidate PAGQAFGN -3.51
T3080101 candidate PAGYYLGN -3.77
T3080200 candidate PAGLAYQN -4.42
T3080300 candidate QAQANGFL -4.23
T3080400 rejected_hydrophobic_run FYYNAYGV -6.73
T3080401 candidate PFYYAYGV -6.46
T3080500 candidate LNGGQAFF -2.3
T3080501 candidate LSGGYAFF -2.19
T3080600 candidate QYNPPQFY -6.72
T3080602 candidate QTNSLQFY -6.18
T3080700 rejected_glycosylation_sequon PINFSNNA -3.53
T3080800 rejected_glycosylation_sequon PNGTNQTL -4.8
T3080801 rejected_glycosylation_sequon PNGINFTL -4.99
T3080900 candidate QQTSGYNG -3.7
T3080901 candidate TQFSGQNG -2.72
T3081000 candidate IAFSFGFY -4.75
T3081002 candidate LAFSFGFY -4.35
T3081100 candidate FPIAFFQP -4.55
T3081101 rejected_hydrophobic_run QTLYFFQP -4.55
T3081200 candidate YSQLPLNG -1.57
T3081201 candidate PQQNSYNG -1.72
T3081300 candidate LAFAIQQF -5.66
T3081400 candidate QQSANYPL -3.6
T3081401 candidate QQTAFYPL -3.88
T3081402 candidate QTSASYPL -3.54
T3081500 candidate PALSFISF -4.38
T3081501 candidate PALNSISF -4.43
DONE T3_n08 28 5.3
