stage6:J00000 human True 0.75531
stage6:J00000 mouse True -0.04795
stage6:J00001 human True 0.78931
stage6:J00001 mouse True -0.04643
stage6:J00002 human True 0.87838
stage6:J00002 mouse True -0.07903
stage6:J00003 human True 0.91924
stage6:J00003 mouse True 0.30615
stage6:J00004 human True 0.75295
stage6:J00004 mouse True -0.36193
stage6:J00005 human True 0.98883
stage6:J00005 mouse True 0.30581
stage6:J00006 human True 0.97218
stage6:J00006 mouse True 0.29952
stage6:J00007 human True 0.97635
stage6:J00007 mouse True 0.30939
stage6:J00008 human True 1.04238
stage6:J00008 mouse True 0.31027
stage6:J00009 human True 1.0469
stage6:J00009 mouse True 0.30839
stage6:J00010 human True 0.99189
stage6:J00010 mouse True 0.30622
stage6:J00011 human True 0.7315
stage6:J00011 mouse True -0.14932
stage6:J00012 human True 0.76811
stage6:J00012 mouse False -0.16278
stage6:J00013 human True 0.83773
stage6:J00013 mouse True -0.36915
stage6:J00014 human True 1.05394
stage6:J00014 mouse True 0.27129
stage6:J00015 human True 0.8407
stage6:J00015 mouse True -0.36693
stage6:J00016 human True 0.61277
stage6:J00016 mouse True -0.16421
stage6:J00017 human True 0.76674
stage6:J00017 mouse False -0.04741
stage6:J00018 human True 0.69814
stage6:J00018 mouse False -0.05638
stage6:J00019 human True 0.74503
stage6:J00019 mouse True -0.36602
stage6:J00020 human True 0.85039
stage6:J00020 mouse True -0.12319
stage6:K00001 human False -0.71584
stage6:K00001 mouse True -0.32019
stage6:K00002 human True -0.65701
stage6:K00002 mouse True -0.45628
stage6:K00003 human True -0.74206
stage6:K00003 mouse True -0.329
stage6:K00004 human False -1.01092
stage6:K00004 mouse False -0.5172
stage6:K00005 human False 0.0546
stage6:K00005 mouse True -0.20954
stage6:K00006 human True -0.13599
stage6:K00006 mouse True 0.01377
stage6:K00007 human True 0.30526
stage6:K00007 mouse True -0.44606
stage6:K00008 human True -1.03346
stage6:K00008 mouse True -0.51293
Audited 58 models 37 sequences
