J00000 new False edits {}
J00001 new False edits {52: 'E'}
J00002 new False edits {52: 'E', 53: 'D'}
J00003 new False edits {104: 'E'}
J00004 new False edits {54: 'E', 103: 'Q', 104: 'E'}
J00005 new True edits {52: 'E', 104: 'E'}
J00006 new True edits {53: 'D', 104: 'E'}
J00007 new True edits {53: 'E', 104: 'E'}
J00008 new True edits {52: 'E', 53: 'D', 104: 'E'}
J00009 new True edits {52: 'E', 53: 'E', 104: 'E'}
J00010 new True edits {52: 'D', 104: 'E'}
J00011 new True edits {52: 'E', 103: 'Q', 104: 'E'}
J00012 new True edits {53: 'E', 103: 'Q', 104: 'E'}
J00013 new True edits {52: 'E', 53: 'D', 103: 'Q', 104: 'E'}
J00014 new True edits {52: 'E', 54: 'E', 104: 'E'}
J00015 new True edits {52: 'E', 54: 'E', 103: 'Q', 104: 'E'}
J00016 new True edits {53: 'D', 54: 'E', 103: 'Q', 104: 'E'}
J00017 new True edits {52: 'D', 54: 'E', 103: 'Q', 104: 'E'}
J00018 new True edits {52: 'E', 53: 'D', 54: 'E', 103: 'Q', 104: 'E'}
J00019 new True edits {52: 'E', 53: 'E', 54: 'E', 103: 'Q', 104: 'E'}
J00020 new True edits {52: 'D', 53: 'E', 103: 'Q', 104: 'E'}
Generation finished 3.69
