K00001_mouseAF 0 70.9
K00001_human6ARU 0 118.8
K00002_human6ARU 0 82.3
K00002_mouseAF 0 111.6
K00003_human6ARU 0 85.1
K00003_mouseAF 0 122.1
K00004_human6ARU 0 161.4
K00004_mouseAF 0 101.8
K00005_human6ARU 0 130.5
K00005_mouseAF 0 179.2
K00006_human6ARU 0 137.2
K00006_mouseAF 0 132.8
K00007_human6ARU 0 158.3
K00007_mouseAF 0 139.2
K00008_human6ARU 0 191.8
K00008_mouseAF 0 132.8
K00009_human6ARU 0 119.0
K00009_mouseAF 0 102.0
K00010_mouseAF 0 74.9
K00010_human6ARU 0 103.3
BATCH COMPLETE diversity_followup 20
