Glycan grid screened 345 retained 327
stage6:J00001 0.2777777777777778 True
stage6:J00002 0.2777777777777778 True
stage5:H00011 0.2222222222222222 True
stage5:H00021 0.2222222222222222 True
stage5:N2070600 0.16666666666666666 True
stage5:N2091100 0.6666666666666666 False
stage6:J00005 0.16666666666666666 True
stage6:J00006 0.16666666666666666 True
stage6:J00007 0.16666666666666666 True
stage6:J00008 0.16666666666666666 True
stage6:J00009 0.16666666666666666 True
stage6:J00010 0.16666666666666666 True
stage6:J00011 0.16666666666666666 True
stage6:J00013 0.16666666666666666 True
stage6:J00014 0.16666666666666666 True
stage6:J00015 0.16666666666666666 True
stage6:J00016 0.16666666666666666 True
stage6:J00019 0.16666666666666666 True
stage6:J00020 0.16666666666666666 True
