Eligible 329 excluded 1489 preview 125 tiers {0: 7, 1: 11, 2: 9, 3: 98}
1 stage6:J00005 tier 0 0.7529 GGYGGEEQEFTGSGQGQY
2 stage6:J00002 tier 0 0.7156 GGYGGEYQEFTGSGQGQY
3 stage5:H00011 tier 0 0.6963 GGYGGEEQEFTGSGQGQY
4 stage5:H00021 tier 0 0.6409 GGYGGQEQEFTGSGQGQY
5 stage6:J00001 tier 0 0.6101 GGYGGEYQEFTGSGQGQY
6 stage5:N2070600 tier 0 0.6013 GGYGGEYQEFTGSGQGQY
7 stage5:B00000 tier 0 0.5954 GGYGGEYQEFTGSGQGQY
8 stage6:J00014 tier 1 1.0539 GGYGGEEQEFTGSGQGQY
9 stage6:J00009 tier 1 1.0469 GGYGGEEQEFTGSGQGQY
10 stage6:J00008 tier 1 1.0424 GGYGGEEQEFTGSGQGQY
11 stage6:J00010 tier 1 0.9919 GGYGGEEQEFTGSGQGQY
12 stage6:J00020 tier 1 0.8504 GGYGGQEQEFTGSGQGQY
13 stage6:J00015 tier 1 0.8407 GGYGGQEQEFTGSGQGQY
14 stage6:J00013 tier 1 0.8377 GGYGGQEQEFTGSGQGQY
15 stage4:S00022 tier 1 0.7909 GGYGGEYQEFTGSGQGQY
16 stage6:J00019 tier 1 0.745 GGYGGQEQEFTGSGQGQY
17 stage6:J00011 tier 1 0.7315 GGYGGQEQEFTGSGQGQY
18 stage5:N2070802 tier 1 0.6522 GGYGGEYQEFTGSGQGQY
19 stage4:S00048 tier 2 0.8391 GGYGGEYQEFTGSAQGQY
20 stage5:H00018 tier 2 0.829 GGYGGEYQDFTGSGQGQY
21 stage5:T3080600 tier 2 0.6632 GGYGGEYQEFQYNPPQFY
22 stage5:T3070900 tier 2 0.6483 GGYGGEYQEFLGYVGFL
23 stage5:H00007 tier 2 0.6445 GGYGGQYQEFTGSGQGQY
24 stage5:H00016 tier 2 0.5893 GGYGGQYEEFTGSGQGQY
25 stage4:S00062 tier 2 0.4928 GGYGGEYQEHTGSGQGQY
