{
  "utc": "2026-10-02T21:47:25.541760+00:00",
  "count": 100,
  "unique_sequences": 100,
  "names_unique": 100,
  "length_range": [
    119,
    127
  ],
  "top20_count": 20,
  "molecule_class": "nanobody",
  "evidence_tiers_all100": {
    "0": 11,
    "1": 14,
    "2": 3,
    "3": 72
  },
  "evidence_tiers_top20": {
    "0": 11,
    "1": 9
  },
  "distinct_CDR3s": 85,
  "distinct_docking_pose_ids": 8,
  "maximum_entries_per_CDR3": 6,
  "local_CDR3_maximum_edit_identity": 0.5555555555555556,
  "BLAST_databases_verified": [
    "swissprot",
    "pdb",
    "antibodies_augmented"
  ],
  "BLAST_final_query_coverage_complete": true,
  "ancestry_audit_all_pass": true,
  "format_roundtrip_pass": true,
  "selection_idempotent": true,
  "glycan_screen_explicit_for_all_final_and_potential_candidates": true,
  "all_three_biological_objectives": "UNVERIFIED",
  "official_novelty_acceptance": "PENDING_ADAPTYV",
  "unbound_postprocessing_error_and_recovery": "/mnt/data/egfr_campaign/stage6/reference/unbound_chain_audit_recovery.json",
  "public_name_rng": "MT19937; seed 20061973; cosmetic naming only"
}
1 001_SilentLigand_Onyx stage6:J00008 0 0.8065
2 002_Stereosecret_Cipher stage6:J00014 0 0.8059
3 003_CatalyticCaper_Cinder stage6:J00002 0 0.7156
4 004_ChiralCipher_Cipher stage6:J00009 0 0.7628
5 005_PolypeptidePlot_Cinder stage6:J00005 0 0.7529
6 006_BondVoyage_Nightfall stage5:H00021 0 0.6409
7 007_IsoelectricAlias_Nightfall stage6:J00010 0 0.7402
8 008_MotifMisdirect_Cinder stage6:J00006 0 0.726
9 009_IsoelectricAlias_Cipher stage6:J00001 0 0.6101
10 010_SilentLigand_Cinder stage5:N2070600 0 0.6013
11 011_IsoelectricAlias_Velvet stage5:B00000 0 0.5954
12 012_PeptidePhantom_Nightfall stage4:S00048 1 0.8391
13 013_SilentLigand_Velvet stage5:H00018 1 0.829
14 014_MolarMirage_Cinder stage6:J00020 1 0.8504
15 015_MolarMirage_Velvet stage6:J00015 1 0.8407
16 016_EnzymeEnigma_Onyx stage6:J00013 1 0.8377
17 017_Covertase_Velvet stage4:S00022 1 0.7909
18 018_AmideAlibi_Nightfall stage5:T3080600 1 0.6632
19 019_MolarMirage_Cipher stage5:T3070900 1 0.6483
20 020_CatalyticCaper_Cipher stage6:J00019 1 0.745
