Eligible 327 excluded 1491 preview 125 tiers {0: 11, 1: 14, 2: 3, 3: 97}
1 stage6:J00008 tier 0 0.8065 GGYGGEEQEFTGSGQGQY
2 stage6:J00014 tier 0 0.8059 GGYGGEEQEFTGSGQGQY
3 stage6:J00002 tier 0 0.7156 GGYGGEYQEFTGSGQGQY
4 stage6:J00009 tier 0 0.7628 GGYGGEEQEFTGSGQGQY
5 stage6:J00005 tier 0 0.7529 GGYGGEEQEFTGSGQGQY
6 stage5:H00021 tier 0 0.6409 GGYGGQEQEFTGSGQGQY
7 stage6:J00010 tier 0 0.7402 GGYGGEEQEFTGSGQGQY
8 stage6:J00006 tier 0 0.726 GGYGGEEQEFTGSGQGQY
9 stage6:J00001 tier 0 0.6101 GGYGGEYQEFTGSGQGQY
10 stage5:N2070600 tier 0 0.6013 GGYGGEYQEFTGSGQGQY
11 stage5:B00000 tier 0 0.5954 GGYGGEYQEFTGSGQGQY
12 stage4:S00048 tier 1 0.8391 GGYGGEYQEFTGSAQGQY
13 stage5:H00018 tier 1 0.829 GGYGGEYQDFTGSGQGQY
14 stage6:J00020 tier 1 0.8504 GGYGGQEQEFTGSGQGQY
15 stage6:J00015 tier 1 0.8407 GGYGGQEQEFTGSGQGQY
16 stage6:J00013 tier 1 0.8377 GGYGGQEQEFTGSGQGQY
17 stage4:S00022 tier 1 0.7909 GGYGGEYQEFTGSGQGQY
18 stage5:T3080600 tier 1 0.6632 GGYGGEYQEFQYNPPQFY
19 stage5:T3070900 tier 1 0.6483 GGYGGEYQEFLGYVGFL
20 stage6:J00019 tier 1 0.745 GGYGGQEQEFTGSGQGQY
21 stage5:H00007 tier 1 0.6445 GGYGGQYQEFTGSGQGQY
22 stage6:J00011 tier 1 0.7315 GGYGGQEQEFTGSGQGQY
23 stage5:H00016 tier 1 0.5893 GGYGGQYEEFTGSGQGQY
24 stage5:N2070802 tier 1 0.6522 GGYGGEYQEFTGSGQGQY
25 stage6:K00007 tier 1 0.3053 GYFGGEYRKDEGEGEGQY
