{
  "candidates": 366,
  "unique_cdr3_queries": 346,
  "reference_cdr3": 203818,
  "below_70pct": 366,
  "max_identity": 0.6111111111111112,
  "distance_tests": [
    [
      "ARDYYGMDV",
      "ARDYYGMDV",
      0
    ],
    [
      "ARDYYGMDV",
      "ARDYFGMDV",
      1
    ],
    [
      "AAAA",
      "YYYY",
      4
    ],
    [
      "HGDHGEYY",
      "DHGEY",
      3
    ],
    [
      "",
      "AAAA",
      4
    ]
  ],
  "positive_control_exact_match": true,
  "seconds": 8.765182733535767,
  "qualification": "Local, motif-based coverage only; not organizer eligibility certification."
}
