ECR identity 0.8872785829307569
human6ARU range 28 636
mouseAF range 25 647
1IVO range 26 536
1NQL range 27 638
1YY9 range 26 638
human6ARU 1.6747652892626935e-14
mouseAF 0.49911638217557613
1IVO 0.7536686556418704
1NQL 0.543414832643779
1YY9 0.2978125391328895
Sequons {'human': [128, 175, 196, 352, 361, 413, 444, 528, 568, 603, 623], 'mouse': [128, 175, 196, 352, 413, 444, 528, 568, 603, 623]}
Domain III exposed charged groups (UniProt positions):
344 E mouse E sasa 106.2 PDB 320
347 D mouse D sasa 138.1 PDB 323
358 H mouse H sasa 112.5 PDB 334
368 D mouse D sasa 26.3 PDB 344
370 H mouse H sasa 31.7 PDB 346
379 D mouse D sasa 32.3 PDB 355
383 H mouse R sasa 155.4 PDB 359
388 D mouse D sasa 81.5 PDB 364
391 E mouse E sasa 63.8 PDB 367
393 D mouse E sasa 66.3 PDB 369
400 E mouse E sasa 33.1 PDB 376
412 E mouse D sasa 136.5 PDB 388
416 D mouse D sasa 25.8 PDB 392
421 E mouse E sasa 43.8 PDB 397
424 E mouse E sasa 92.6 PDB 400
433 H mouse H sasa 144.2 PDB 409
455 E mouse E sasa 76.6 PDB 431
458 D mouse D sasa 52.9 PDB 434
460 D mouse D sasa 37.1 PDB 436
496 E mouse E sasa 108.1 PDB 472
Glycan atoms 164
