assembled 25 attempts 187 poses 13 elapsed 5.4
assembled 50 attempts 386 poses 32 elapsed 10.6
assembled 75 attempts 562 poses 55 elapsed 15.7
assembled 100 attempts 698 poses 74 elapsed 20.9
assembled 125 attempts 886 poses 91 elapsed 25.9
assembled 150 attempts 1064 poses 110 elapsed 30.8
assembled 175 attempts 1229 poses 135 elapsed 35.5
assembled 200 attempts 1422 poses 153 elapsed 40.3
assembled 225 attempts 1662 poses 168 elapsed 45.4
assembled 250 attempts 1856 poses 204 elapsed 50.3
assembled 275 attempts 2069 poses 218 elapsed 54.7
assembled 300 attempts 2242 poses 236 elapsed 59.3
assembled 325 attempts 2442 poses 255 elapsed 64.1
assembled 350 attempts 2622 poses 272 elapsed 69.0
assembled 375 attempts 2826 poses 292 elapsed 73.7
assembled 400 attempts 3013 poses 318 elapsed 79.5
assembled 425 attempts 3201 poses 329 elapsed 84.8
assembled 450 attempts 3351 poses 348 elapsed 89.4
assembled 475 attempts 3525 poses 378 elapsed 94.0
assembled 500 attempts 3666 poses 389 elapsed 98.6
DONE 500 389 98.6
