MATCHED_C00003 198003 0.0 warmup T 291 CDRs [0.08, 0.09, 0.08]
MATCHED_C00003 198003 0.5 warmup T 253 CDRs [0.3, 0.34, 0.45]
MATCHED_C00003 198003 1.0 warmup T 276 CDRs [0.49, 0.47, 0.43]
MATCHED_C00003 198003 1.5 warmup T 294 CDRs [0.67, 0.64, 0.51]
MATCHED_C00003 198003 2.0 production T 305 CDRs [0.78, 0.63, 0.6]
MATCHED_C00003 198003 2.5 production T 295 CDRs [1.06, 0.91, 0.83]
MATCHED_C00003 198003 3.0 production T 302 CDRs [1.29, 1.04, 0.88]
MATCHED_C00003 198003 3.5 production T 290 CDRs [0.94, 0.96, 1.03]
MATCHED_C00003 198003 4.0 production T 296 CDRs [1.04, 1.22, 1.1]
MATCHED_C00003 198003 4.5 production T 304 CDRs [1.08, 1.37, 1.28]
MATCHED_C00003 198003 5.0 production T 301 CDRs [1.09, 1.52, 1.55]
MATCHED_C00003 198003 5.5 production T 301 CDRs [1.31, 1.68, 1.63]
MATCHED_C00003 198003 6.0 production T 303 CDRs [1.56, 1.33, 1.37]
MATCHED_C00003 198003 6.5 production T 296 CDRs [1.73, 1.33, 1.4]
MATCHED_C00003 198003 7.0 production T 307 CDRs [1.57, 1.47, 1.46]
MATCHED_C00003 198003 7.5 production T 303 CDRs [1.61, 1.56, 1.43]
MATCHED_C00003 198003 8.0 production T 292 CDRs [1.7, 1.77, 1.38]
MATCHED_C00003 198003 8.5 production T 303 CDRs [1.86, 2.14, 1.6]
MATCHED_C00003 198003 9.0 production T 291 CDRs [1.78, 2.01, 1.59]
MATCHED_C00003 198003 9.5 production T 297 CDRs [2.11, 1.8, 1.93]
MATCHED_C00003 198003 10.0 production T 289 CDRs [2.51, 1.42, 2.05]
MATCHED_C00003 198003 10.5 production T 308 CDRs [2.26, 1.36, 1.8]
MATCHED_C00003 198003 11.0 production T 295 CDRs [2.03, 1.66, 1.63]
MATCHED_C00003 198003 11.5 production T 302 CDRs [1.71, 1.54, 1.61]
MATCHED_C00003 198003 12.0 production T 300 CDRs [1.72, 1.33, 1.72]
MATCHED_C00003 198003 12.5 production T 292 CDRs [1.59, 1.28, 1.94]
MATCHED_C00003 198003 13.0 production T 298 CDRs [1.66, 1.3, 2.11]
MATCHED_C00003 198003 13.5 production T 297 CDRs [1.59, 1.56, 2.23]
MATCHED_C00003 198003 14.0 production T 295 CDRs [1.42, 1.51, 2.46]
MATCHED_C00003 198003 14.5 production T 299 CDRs [1.5, 1.74, 2.31]
MATCHED_C00003 198003 15.0 production T 291 CDRs [1.72, 1.59, 2.35]
MATCHED_C00003 198003 15.5 production T 297 CDRs [2.27, 1.84, 2.31]
MATCHED_C00003 198003 16.0 production T 302 CDRs [2.27, 1.92, 2.27]
MATCHED_C00003 198003 16.5 production T 291 CDRs [2.09, 1.99, 2.32]
MATCHED_C00003 198003 17.0 production T 309 CDRs [2.18, 2.04, 2.34]
MATCHED_C00003 198003 17.5 production T 292 CDRs [2.34, 2.13, 2.26]
MATCHED_C00003 198003 18.0 production T 285 CDRs [2.53, 1.88, 2.03]
MATCHED_C00003 198003 18.5 production T 305 CDRs [2.24, 2.03, 1.9]
MATCHED_C00003 198003 19.0 production T 303 CDRs [2.31, 1.73, 2.03]
MATCHED_C00003 198003 19.5 production T 293 CDRs [2.38, 1.57, 1.95]
MATCHED_C00003 198003 20.0 production T 289 CDRs [2.42, 1.59, 1.9]
MATCHED_C00003 198003 20.5 production T 299 CDRs [2.5, 1.47, 1.8]
MATCHED_C00003 198003 21.0 production T 293 CDRs [2.21, 1.46, 2.03]
MATCHED_C00003 198003 21.5 production T 304 CDRs [2.32, 1.64, 2.2]
MATCHED_C00003 198003 22.0 production T 309 CDRs [2.52, 2.04, 2.1]
DONE MATCHED_C00003_v2_s198003 {'production_mean_temperature_K': 298.07994542145883, 'production_mean_loop_RMSD_A': 1.7316382265351875, 'final_CDR_RMSD_A': [2.5211817111871726, 2.039999424127379, 2.099079174988817], 'final_framework_RMSD_A': 0.906245433451043, 'production_mean_CDR_RMSD_A': [1.8243974166134629, 1.570034647628563, 1.772765061589926]} seconds 661.2477555274963
