S00028 198003 0.0 warmup T 294 CDRs [0.09, 0.1, 0.1]
S00028 198003 0.5 warmup T 253 CDRs [0.3, 0.38, 0.26]
S00028 198003 1.0 warmup T 285 CDRs [0.42, 0.48, 0.39]
S00028 198003 1.5 warmup T 289 CDRs [0.6, 0.43, 0.46]
S00028 198003 2.0 production T 303 CDRs [0.68, 0.59, 0.68]
S00028 198003 2.5 production T 297 CDRs [0.62, 0.98, 0.86]
S00028 198003 3.0 production T 282 CDRs [0.88, 1.1, 1.01]
S00028 198003 3.5 production T 300 CDRs [0.95, 1.26, 1.14]
S00028 198003 4.0 production T 296 CDRs [1.16, 1.17, 1.44]
S00028 198003 4.5 production T 297 CDRs [1.15, 1.12, 1.34]
S00028 198003 5.0 production T 292 CDRs [1.0, 1.16, 1.51]
S00028 198003 5.5 production T 309 CDRs [1.14, 1.05, 1.63]
S00028 198003 6.0 production T 307 CDRs [1.0, 1.19, 1.7]
S00028 198003 6.5 production T 301 CDRs [1.02, 1.33, 1.81]
S00028 198003 7.0 production T 306 CDRs [0.9, 1.2, 1.81]
S00028 198003 7.5 production T 298 CDRs [1.16, 1.07, 1.86]
S00028 198003 8.0 production T 297 CDRs [1.32, 1.17, 1.83]
S00028 198003 8.5 production T 294 CDRs [1.68, 1.21, 2.11]
S00028 198003 9.0 production T 295 CDRs [1.43, 1.22, 2.22]
S00028 198003 9.5 production T 296 CDRs [1.6, 1.39, 2.15]
S00028 198003 10.0 production T 288 CDRs [1.89, 1.43, 2.04]
S00028 198003 10.5 production T 300 CDRs [1.96, 1.79, 2.05]
S00028 198003 11.0 production T 307 CDRs [2.01, 1.72, 1.92]
S00028 198003 11.5 production T 298 CDRs [1.95, 1.94, 1.89]
S00028 198003 12.0 production T 302 CDRs [1.8, 1.7, 1.92]
S00028 198003 12.5 production T 312 CDRs [2.08, 1.72, 2.06]
S00028 198003 13.0 production T 300 CDRs [2.06, 1.72, 1.85]
S00028 198003 13.5 production T 302 CDRs [1.98, 1.93, 1.83]
S00028 198003 14.0 production T 296 CDRs [2.19, 2.15, 1.64]
S00028 198003 14.5 production T 296 CDRs [2.1, 1.99, 1.92]
S00028 198003 15.0 production T 292 CDRs [2.2, 1.59, 1.9]
S00028 198003 15.5 production T 299 CDRs [2.05, 1.48, 2.15]
S00028 198003 16.0 production T 298 CDRs [2.0, 1.39, 2.35]
S00028 198003 16.5 production T 303 CDRs [2.09, 1.53, 2.22]
S00028 198003 17.0 production T 298 CDRs [2.02, 1.62, 2.27]
S00028 198003 17.5 production T 309 CDRs [2.31, 1.69, 2.15]
S00028 198003 18.0 production T 303 CDRs [2.53, 1.88, 2.11]
S00028 198003 18.5 production T 304 CDRs [2.53, 1.85, 2.11]
S00028 198003 19.0 production T 302 CDRs [2.72, 2.02, 2.1]
S00028 198003 19.5 production T 296 CDRs [2.93, 1.94, 2.13]
S00028 198003 20.0 production T 309 CDRs [2.99, 1.81, 2.18]
S00028 198003 20.5 production T 292 CDRs [2.57, 1.6, 2.23]
S00028 198003 21.0 production T 303 CDRs [2.7, 1.72, 2.35]
S00028 198003 21.5 production T 302 CDRs [2.68, 2.04, 2.2]
S00028 198003 22.0 production T 301 CDRs [3.01, 1.95, 2.31]
DONE S00028_v2_s198003 {'production_mean_temperature_K': 299.5422666015134, 'production_mean_loop_RMSD_A': 1.7652600057211454, 'final_CDR_RMSD_A': [3.0114290483545383, 1.947657431627437, 2.3085665285595782], 'final_framework_RMSD_A': 0.7689064941853619, 'production_mean_CDR_RMSD_A': [1.8294809477964356, 1.5223039409092556, 1.8773064936479185]} seconds 619.9013392925262
