NATIVE_3EAK 198003 0.0 warmup T 296 CDRs [0.15, 0.19, 0.16]
NATIVE_3EAK 198003 0.5 warmup T 243 CDRs [0.27, 0.41, 0.28]
NATIVE_3EAK 198003 1.0 warmup T 283 CDRs [0.41, 0.33, 0.31]
NATIVE_3EAK 198003 1.5 warmup T 294 CDRs [0.43, 0.56, 0.4]
NATIVE_3EAK 198003 2.0 production T 300 CDRs [0.56, 0.62, 0.59]
NATIVE_3EAK 198003 2.5 production T 299 CDRs [0.76, 0.82, 0.77]
NATIVE_3EAK 198003 3.0 production T 297 CDRs [0.59, 0.78, 0.86]
NATIVE_3EAK 198003 3.5 production T 297 CDRs [0.78, 0.78, 0.77]
NATIVE_3EAK 198003 4.0 production T 296 CDRs [1.26, 0.86, 1.07]
NATIVE_3EAK 198003 4.5 production T 304 CDRs [1.45, 0.9, 1.02]
NATIVE_3EAK 198003 5.0 production T 302 CDRs [1.36, 0.68, 0.96]
NATIVE_3EAK 198003 5.5 production T 299 CDRs [1.32, 0.64, 0.71]
NATIVE_3EAK 198003 6.0 production T 295 CDRs [1.17, 0.68, 0.6]
NATIVE_3EAK 198003 6.5 production T 300 CDRs [1.27, 0.78, 0.61]
NATIVE_3EAK 198003 7.0 production T 304 CDRs [1.24, 0.98, 0.73]
NATIVE_3EAK 198003 7.5 production T 287 CDRs [1.21, 0.87, 0.91]
NATIVE_3EAK 198003 8.0 production T 300 CDRs [0.9, 0.89, 0.8]
NATIVE_3EAK 198003 8.5 production T 304 CDRs [0.96, 1.04, 0.72]
NATIVE_3EAK 198003 9.0 production T 293 CDRs [0.98, 1.1, 0.93]
NATIVE_3EAK 198003 9.5 production T 290 CDRs [0.89, 0.96, 1.02]
NATIVE_3EAK 198003 10.0 production T 311 CDRs [0.87, 1.11, 0.91]
NATIVE_3EAK 198003 10.5 production T 308 CDRs [0.99, 1.26, 0.87]
NATIVE_3EAK 198003 11.0 production T 291 CDRs [1.15, 1.18, 0.84]
NATIVE_3EAK 198003 11.5 production T 295 CDRs [1.06, 1.32, 0.76]
NATIVE_3EAK 198003 12.0 production T 297 CDRs [1.01, 1.24, 0.96]
NATIVE_3EAK 198003 12.5 production T 295 CDRs [1.16, 1.16, 0.88]
NATIVE_3EAK 198003 13.0 production T 306 CDRs [1.29, 1.35, 1.16]
NATIVE_3EAK 198003 13.5 production T 307 CDRs [1.24, 1.35, 1.16]
NATIVE_3EAK 198003 14.0 production T 289 CDRs [1.14, 1.29, 1.12]
NATIVE_3EAK 198003 14.5 production T 306 CDRs [1.16, 1.17, 1.08]
NATIVE_3EAK 198003 15.0 production T 297 CDRs [1.16, 1.01, 0.99]
NATIVE_3EAK 198003 15.5 production T 295 CDRs [1.29, 1.2, 1.09]
NATIVE_3EAK 198003 16.0 production T 304 CDRs [1.35, 1.22, 1.17]
NATIVE_3EAK 198003 16.5 production T 302 CDRs [1.26, 1.07, 1.15]
NATIVE_3EAK 198003 17.0 production T 298 CDRs [1.39, 1.28, 1.16]
NATIVE_3EAK 198003 17.5 production T 300 CDRs [1.53, 1.2, 1.07]
NATIVE_3EAK 198003 18.0 production T 308 CDRs [1.23, 1.29, 1.0]
NATIVE_3EAK 198003 18.5 production T 294 CDRs [1.2, 1.6, 1.21]
NATIVE_3EAK 198003 19.0 production T 297 CDRs [1.24, 1.56, 1.26]
NATIVE_3EAK 198003 19.5 production T 291 CDRs [1.4, 1.6, 1.41]
NATIVE_3EAK 198003 20.0 production T 297 CDRs [1.38, 1.56, 1.47]
NATIVE_3EAK 198003 20.5 production T 299 CDRs [1.33, 1.51, 1.42]
NATIVE_3EAK 198003 21.0 production T 304 CDRs [1.1, 1.22, 1.54]
NATIVE_3EAK 198003 21.5 production T 299 CDRs [0.96, 1.16, 1.66]
NATIVE_3EAK 198003 22.0 production T 308 CDRs [0.92, 1.2, 1.63]
DONE NATIVE_3EAK_v2_s198003 {'production_mean_temperature_K': 299.1260333669479, 'production_mean_loop_RMSD_A': 1.0949351248966996, 'final_CDR_RMSD_A': [0.9223807241866756, 1.2003419809027938, 1.6272724861880201], 'final_framework_RMSD_A': 0.8956286315662088, 'production_mean_CDR_RMSD_A': [1.134354113917823, 1.109115600530509, 1.024696877832333]} seconds 701.7915544509888
