stage4 S00004_human6ARU_relaxed same-species 0 1IVO 0 1NQL 0 gly 0
stage4 S00005_human6ARU_relaxed same-species 0 1IVO 0 1NQL 0 gly 0
stage4 S00017_human6ARU_acid_relaxed same-species 0 1IVO 0 1NQL 0 gly 0
stage4 S00017_human6ARU_relaxed same-species 0 1IVO 0 1NQL 0 gly 0
stage4 S00017_mouseAF_relaxed same-species 0 1IVO 0 1NQL 0 gly 0
stage4 S00022_human6ARU_acid_relaxed same-species 0 1IVO 0 1NQL 0 gly 0
stage4 S00022_human6ARU_relaxed same-species 0 1IVO 0 1NQL 0 gly 0
stage4 S00022_mouseAF_relaxed same-species 0 1IVO 0 1NQL 0 gly 0
stage4 S00028_human6ARU_acid_relaxed same-species 0 1IVO 0 1NQL 0 gly 0
stage4 S00028_human6ARU_relaxed same-species 0 1IVO 0 1NQL 0 gly 0
stage4 S00028_mouseAF_relaxed same-species 0 1IVO 0 1NQL 0 gly 0
stage4 S00029_human6ARU_relaxed same-species 0 1IVO 0 1NQL 0 gly 0
stage4 S00035_human6ARU_relaxed same-species 0 1IVO 0 1NQL 0 gly 0
stage4 S00036_human6ARU_relaxed same-species 0 1IVO 0 1NQL 0 gly 0
stage4 S00048_human6ARU_relaxed same-species 0 1IVO 0 1NQL 0 gly 0
stage4 S00053_human6ARU_relaxed same-species 0 1IVO 0 1NQL 0 gly 0
stage4 S00059_human6ARU_relaxed same-species 0 1IVO 0 1NQL 0 gly 0
stage4 S00060_human6ARU_relaxed same-species 0 1IVO 0 1NQL 0 gly 0
stage4 S00062_human6ARU_relaxed same-species 0 1IVO 0 1NQL 0 gly 0
stage4 S00063_human6ARU_relaxed same-species 0 1IVO 0 1NQL 0 gly 0
matched_controls C00003_human6ARU_relaxed same-species 0 1IVO 0 1NQL 0 gly 0
S00062 C00003_human6ARU_relaxed same-species 0 1IVO 0 1NQL 0 gly 0
S00063 S00028_human6ARU_relaxed same-species 0 1IVO 0 1NQL 0 gly 0
