S00022 198003 0.0 warmup T 292 CDRs [0.1, 0.11, 0.1]
S00022 198003 0.5 warmup T 245 CDRs [0.21, 0.31, 0.34]
S00022 198003 1.0 warmup T 278 CDRs [0.48, 0.39, 0.45]
S00022 198003 1.5 warmup T 287 CDRs [0.48, 0.5, 0.49]
S00022 198003 2.0 production T 305 CDRs [0.65, 0.64, 0.7]
S00022 198003 2.5 production T 301 CDRs [0.74, 1.32, 0.88]
S00022 198003 3.0 production T 298 CDRs [1.04, 1.15, 0.73]
S00022 198003 3.5 production T 295 CDRs [1.21, 1.49, 0.85]
S00022 198003 4.0 production T 302 CDRs [1.22, 1.22, 0.87]
S00022 198003 4.5 production T 299 CDRs [1.28, 1.5, 0.78]
S00022 198003 5.0 production T 300 CDRs [1.82, 1.51, 0.78]
S00022 198003 5.5 production T 299 CDRs [2.02, 1.83, 1.06]
S00022 198003 6.0 production T 304 CDRs [2.19, 1.75, 1.11]
S00022 198003 6.5 production T 298 CDRs [2.13, 1.48, 1.24]
S00022 198003 7.0 production T 305 CDRs [2.1, 1.51, 1.29]
S00022 198003 7.5 production T 294 CDRs [2.29, 1.64, 1.3]
S00022 198003 8.0 production T 288 CDRs [2.3, 1.56, 1.28]
S00022 198003 8.5 production T 305 CDRs [2.41, 1.65, 1.55]
S00022 198003 9.0 production T 297 CDRs [2.51, 1.87, 1.84]
S00022 198003 9.5 production T 292 CDRs [2.49, 2.14, 1.76]
S00022 198003 10.0 production T 294 CDRs [2.26, 2.29, 1.76]
S00022 198003 10.5 production T 306 CDRs [2.57, 2.27, 1.89]
S00022 198003 11.0 production T 303 CDRs [2.63, 2.48, 1.77]
S00022 198003 11.5 production T 290 CDRs [2.88, 2.67, 1.71]
S00022 198003 12.0 production T 298 CDRs [2.79, 2.54, 1.7]
S00022 198003 12.5 production T 302 CDRs [2.34, 2.3, 1.81]
S00022 198003 13.0 production T 305 CDRs [2.02, 2.18, 1.92]
S00022 198003 13.5 production T 301 CDRs [1.97, 2.12, 1.97]
S00022 198003 14.0 production T 311 CDRs [2.28, 2.2, 2.02]
S00022 198003 14.5 production T 304 CDRs [1.93, 2.17, 2.11]
S00022 198003 15.0 production T 297 CDRs [1.88, 2.16, 2.21]
S00022 198003 15.5 production T 294 CDRs [1.93, 2.15, 2.06]
S00022 198003 16.0 production T 293 CDRs [1.91, 2.12, 1.91]
S00022 198003 16.5 production T 298 CDRs [1.95, 2.2, 1.71]
S00022 198003 17.0 production T 301 CDRs [2.21, 2.25, 1.59]
S00022 198003 17.5 production T 291 CDRs [2.42, 2.34, 1.85]
S00022 198003 18.0 production T 292 CDRs [2.66, 2.33, 1.86]
S00022 198003 18.5 production T 286 CDRs [2.64, 2.77, 2.11]
S00022 198003 19.0 production T 302 CDRs [2.56, 2.69, 2.18]
S00022 198003 19.5 production T 296 CDRs [2.44, 2.42, 2.35]
S00022 198003 20.0 production T 299 CDRs [2.22, 2.52, 2.09]
S00022 198003 20.5 production T 293 CDRs [2.27, 2.73, 1.99]
S00022 198003 21.0 production T 306 CDRs [2.29, 2.84, 1.81]
S00022 198003 21.5 production T 295 CDRs [2.6, 2.71, 1.83]
S00022 198003 22.0 production T 303 CDRs [2.45, 2.91, 1.84]
DONE S00022_v2_s198003 {'production_mean_temperature_K': 298.6092847951599, 'production_mean_loop_RMSD_A': 1.9153354166332055, 'final_CDR_RMSD_A': [2.446305568133373, 2.906896843348194, 1.8358507634388646], 'final_framework_RMSD_A': 0.9324555138345993, 'production_mean_CDR_RMSD_A': [2.1093721287147456, 2.0643877028337423, 1.61076632384944]} seconds 430.3374834060669
