S00004_human6ARU_relaxed True omega 0 SSstrain 0
S00005_human6ARU_relaxed True omega 0 SSstrain 0
S00017_human6ARU_acid_relaxed True omega 0 SSstrain 0
S00017_human6ARU_relaxed True omega 0 SSstrain 0
S00017_mouseAF_relaxed False omega 1 SSstrain 0
S00022_human6ARU_acid_relaxed True omega 0 SSstrain 0
S00022_human6ARU_relaxed True omega 0 SSstrain 0
S00022_mouseAF_relaxed True omega 0 SSstrain 0
S00028_human6ARU_acid_relaxed True omega 0 SSstrain 0
S00028_human6ARU_relaxed True omega 0 SSstrain 0
S00028_mouseAF_relaxed True omega 0 SSstrain 0
S00029_human6ARU_relaxed True omega 0 SSstrain 0
S00035_human6ARU_relaxed False omega 1 SSstrain 0
S00036_human6ARU_relaxed False omega 1 SSstrain 0
S00048_human6ARU_relaxed True omega 0 SSstrain 0
S00053_human6ARU_relaxed False omega 1 SSstrain 0
S00059_human6ARU_relaxed False omega 1 SSstrain 0
S00060_human6ARU_relaxed False omega 0 SSstrain 1
S00062_human6ARU_relaxed True omega 0 SSstrain 0
S00063_human6ARU_relaxed True omega 0 SSstrain 0
C00003_human6ARU_relaxed False omega 1 SSstrain 0
C00009_human6ARU_relaxed False omega 1 SSstrain 0
