
human
S00004 0.773 -6.89 -5.15 True
S00005 0.799 -1.36 0.45 True
S00017 0.774 -6.88 -5.16 True
S00022 0.791 -7.16 -5.42 True
S00028 0.789 -7.39 -5.64 True
S00029 0.721 -1.76 -0.01 True
S00035 0.854 -6.94 -5.14 False
S00036 0.909 -0.78 1.07 False
S00048 0.839 -3.35 -1.58 True
S00053 0.883 -6.4 -4.6 False
S00059 0.856 -6.97 -5.17 False
S00060 0.917 -1.28 0.56 False
S00062 0.7 -13.04 -11.54 True
S00063 0.683 -12.67 -11.18 True

mouse
S00017 -0.096 -18.59 -18.58 False
S00022 0.014 -18.56 -18.44 True
S00028 -0.081 -18.54 -18.52 True

Corrected trajectories {'C00003_v2_s198002': {'candidate_id': 'C00003', 'seed': 198002, 'warmup_ps': 2.0, 'production_ps': 4.0, 'production_mean_temperature_K': 301.8000807717916, 'production_mean_loop_RMSD_A': 1.4938022393872332, 'final_CDR_RMSD_A': [1.846556155815471, 1.8815608769007524, 1.9284698365427437], 'final_framework_RMSD_A': 0.6639131392606387, 'production_mean_CDR_RMSD_A': [1.2957901145569908, 1.396484956521024, 1.663867022149004], 'final_geometry_pass': True}, 'C00009_v2_s198002': {'candidate_id': 'C00009', 'seed': 198002, 'warmup_ps': 2.0, 'production_ps': 4.0, 'production_mean_temperature_K': 297.43965598029206, 'production_mean_loop_RMSD_A': 1.2503909939991047, 'final_CDR_RMSD_A': [1.594091332474228, 1.829953596934546, 1.024936293846534], 'final_framework_RMSD_A': 0.743444298693602, 'production_mean_CDR_RMSD_A': [1.3428470761672873, 1.3559058436724323, 1.0753756043418707], 'final_geometry_pass': True}, 'MATCHED_C00003_v2_s198002': {'candidate_id': 'MATCHED_C00003', 'seed': 198002, 'warmup_ps': 2.0, 'production_ps': 4.0, 'production_mean_temperature_K': 302.7303410785131, 'production_mean_loop_RMSD_A': 1.3947113063305037, 'final_CDR_RMSD_A': [1.1783405115062813, 1.9059764781907615, 1.5013731171977187], 'final_framework_RMSD_A': 0.5728345710299596, 'production_mean_CDR_RMSD_A': [1.0890938592374857, 1.4270419845283644, 1.5143424206656704], 'final_geometry_pass': True}, 'MATCHED_C00003_v2_s198003': {'candidate_id': 'MATCHED_C00003', 'seed': 198003, 'warmup_ps': 2.0, 'production_ps': 20.0, 'production_mean_temperature_K': 298.07994542145883, 'production_mean_loop_RMSD_A': 1.7316382265351875, 'final_CDR_RMSD_A': [2.5211817111871726, 2.039999424127379, 2.099079174988817], 'final_framework_RMSD_A': 0.906245433451043, 'production_mean_CDR_RMSD_A': [1.8243974166134629, 1.570034647628563, 1.772765061589926], 'final_geometry_pass': True}, 'NATIVE_3EAK_v2_s198002': {'candidate_id': 'NATIVE_3EAK', 'seed': 198002, 'warmup_ps': 2.0, 'production_ps': 4.0, 'production_mean_temperature_K': 299.2979027998955, 'production_mean_loop_RMSD_A': 1.0686971425415503, 'final_CDR_RMSD_A': [1.205960751047581, 1.8336798860610262, 1.7212115084022617], 'final_framework_RMSD_A': 0.8291555793359806, 'production_mean_CDR_RMSD_A': [0.8187291211942805, 1.3114399080907073, 0.9811894154779333], 'final_geometry_pass': True}, 'NATIVE_3EAK_v2_s198003': {'candidate_id': 'NATIVE_3EAK', 'seed': 198003, 'warmup_ps': 2.0, 'production_ps': 20.0, 'production_mean_temperature_K': 299.1260333669479, 'production_mean_loop_RMSD_A': 1.0949351248966996, 'final_CDR_RMSD_A': [0.9223807241866756, 1.2003419809027938, 1.6272724861880201], 'final_framework_RMSD_A': 0.8956286315662088, 'production_mean_CDR_RMSD_A': [1.134354113917823, 1.109115600530509, 1.024696877832333], 'final_geometry_pass': True}, 'S00017_v2_s198002': {'candidate_id': 'S00017', 'seed': 198002, 'warmup_ps': 2.0, 'production_ps': 4.0, 'production_mean_temperature_K': 303.8616571496681, 'production_mean_loop_RMSD_A': 1.376015123643981, 'final_CDR_RMSD_A': [2.0364144075818884, 1.9251816728081748, 1.5889053702757299], 'final_framework_RMSD_A': 0.7398095630178575, 'production_mean_CDR_RMSD_A': [1.6275503204672364, 1.3435609022137345, 1.2116189259032197], 'final_geometry_pass': True}, 'S00022_v2_s198002': {'candidate_id': 'S00022', 'seed': 198002, 'warmup_ps': 2.0, 'production_ps': 4.0, 'production_mean_temperature_K': 301.26977560300134, 'production_mean_loop_RMSD_A': 1.3328707030843916, 'final_CDR_RMSD_A': [1.4136284929890734, 1.4796941325287063, 2.0607056369454484], 'final_framework_RMSD_A': 0.7167362099071575, 'production_mean_CDR_RMSD_A': [1.3510561944132542, 1.2924377733280141, 1.336708408642912], 'final_geometry_pass': True}, 'S00022_v2_s198003': {'candidate_id': 'S00022', 'seed': 198003, 'warmup_ps': 2.0, 'production_ps': 20.0, 'production_mean_temperature_K': 298.6092847951599, 'production_mean_loop_RMSD_A': 1.9153354166332055, 'final_CDR_RMSD_A': [2.446305568133373, 2.906896843348194, 1.8358507634388646], 'final_framework_RMSD_A': 0.9324555138345993, 'production_mean_CDR_RMSD_A': [2.1093721287147456, 2.0643877028337423, 1.61076632384944], 'final_geometry_pass': True}, 'S00028_v2_s198002': {'candidate_id': 'S00028', 'seed': 198002, 'warmup_ps': 2.0, 'production_ps': 4.0, 'production_mean_temperature_K': 298.5810064254481, 'production_mean_loop_RMSD_A': 1.223653315115539, 'final_CDR_RMSD_A': [1.0201697641589231, 2.2219192336409694, 1.6047316824034374], 'final_framework_RMSD_A': 0.6616166165234452, 'production_mean_CDR_RMSD_A': [1.2077192483570274, 1.407249395370316, 1.0158192119041247], 'final_geometry_pass': True}, 'S00028_v2_s198003': {'candidate_id': 'S00028', 'seed': 198003, 'warmup_ps': 2.0, 'production_ps': 20.0, 'production_mean_temperature_K': 299.5422666015134, 'production_mean_loop_RMSD_A': 1.7652600057211454, 'final_CDR_RMSD_A': [3.0114290483545383, 1.947657431627437, 2.3085665285595782], 'final_framework_RMSD_A': 0.7689064941853619, 'production_mean_CDR_RMSD_A': [1.8294809477964356, 1.5223039409092556, 1.8773064936479185], 'final_geometry_pass': True}}
