S00001 C00003 [{'position': 27, 'from': 'S', 'to': 'P'}] score 3.923
S00002 C00003 [{'position': 29, 'from': 'S', 'to': 'P'}] score 4.337
S00003 C00003 [{'position': 35, 'from': 'G', 'to': 'P'}] score 5.568
S00004 C00003 [{'position': 55, 'from': 'N', 'to': 'P'}] score 2.443
S00005 C00003 [{'position': 56, 'from': 'Q', 'to': 'P'}] score 2.544
S00006 C00003 [{'position': 57, 'from': 'Q', 'to': 'P'}] score 4.731
S00007 C00003 [{'position': 59, 'from': 'N', 'to': 'P'}] score 5.333
S00008 C00003 [{'position': 61, 'from': 'E', 'to': 'P'}] score 4.434
S00009 C00003 [{'position': 64, 'from': 'K', 'to': 'P'}] score 3.376
S00010 C00003 [{'position': 35, 'from': 'G', 'to': 'A'}] score -0.327
S00011 C00003 [{'position': 51, 'from': 'G', 'to': 'A'}] score -0.583
S00012 C00003 [{'position': 99, 'from': 'G', 'to': 'A'}] score 2.109
S00013 C00003 [{'position': 102, 'from': 'G', 'to': 'A'}] score -0.459
S00014 C00003 [{'position': 111, 'from': 'G', 'to': 'A'}] score -0.354
S00015 C00003 [{'position': 113, 'from': 'G', 'to': 'A'}] score 1.79
S00016 C00003 [{'position': 35, 'from': 'G', 'to': 'A'}, {'position': 51, 'from': 'G', 'to': 'A'}] score -0.91
S00017 C00003 [{'position': 35, 'from': 'G', 'to': 'A'}, {'position': 51, 'from': 'G', 'to': 'A'}, {'position': 111, 'from': 'G', 'to': 'A'}] score -1.263
S00018 C00003 [{'position': 55, 'from': 'N', 'to': 'P'}, {'position': 51, 'from': 'G', 'to': 'A'}] score 1.86
S00019 C00003 [{'position': 56, 'from': 'Q', 'to': 'P'}, {'position': 51, 'from': 'G', 'to': 'A'}] score 1.961
S00020 C00003 [{'position': 57, 'from': 'Q', 'to': 'P'}, {'position': 51, 'from': 'G', 'to': 'A'}] score 4.148
S00021 C00003 [{'position': 59, 'from': 'N', 'to': 'P'}, {'position': 51, 'from': 'G', 'to': 'A'}] score 4.75
S00022 C00003 [{'position': 55, 'from': 'N', 'to': 'P'}, {'position': 59, 'from': 'N', 'to': 'P'}] score 7.776
S00023 C00003 [{'position': 56, 'from': 'Q', 'to': 'P'}, {'position': 64, 'from': 'K', 'to': 'P'}] score 5.92
S00024 C00003 [{'position': 57, 'from': 'Q', 'to': 'P'}, {'position': 64, 'from': 'K', 'to': 'P'}] score 8.107
S00025 C00003 [{'position': 51, 'from': 'G', 'to': 'A'}, {'position': 99, 'from': 'G', 'to': 'A'}, {'position': 102, 'from': 'G', 'to': 'A'}, {'position': 111, 'from': 'G', 'to': 'A'}] score 0.714
S00026 C00003 [{'position': 29, 'from': 'S', 'to': 'P'}, {'position': 55, 'from': 'N', 'to': 'P'}, {'position': 111, 'from': 'G', 'to': 'A'}] score 6.427
S00027 C00003 [{'position': 29, 'from': 'S', 'to': 'P'}, {'position': 57, 'from': 'Q', 'to': 'P'}, {'position': 111, 'from': 'G', 'to': 'A'}] score 8.715
S00028 C00003 [{'position': 57, 'from': 'Q', 'to': 'C'}, {'position': 60, 'from': 'Y', 'to': 'C'}] score 0.853
S00029 C00003 [{'position': 34, 'from': 'E', 'to': 'C'}, {'position': 99, 'from': 'G', 'to': 'C'}] score 3.928
S00030 C00003 [{'position': 35, 'from': 'G', 'to': 'C'}, {'position': 73, 'from': 'R', 'to': 'C'}] score 5.614
S00031 C00003 [{'position': 108, 'from': 'T', 'to': 'C'}, {'position': 110, 'from': 'S', 'to': 'C'}] score 2.614
S00032 C00009 [{'position': 27, 'from': 'S', 'to': 'P'}] score 3.934
S00033 C00009 [{'position': 29, 'from': 'S', 'to': 'P'}] score 4.357
S00034 C00009 [{'position': 35, 'from': 'G', 'to': 'P'}] score 6.046
S00035 C00009 [{'position': 55, 'from': 'N', 'to': 'P'}] score 2.267
S00036 C00009 [{'position': 56, 'from': 'Q', 'to': 'P'}] score 2.435
S00037 C00009 [{'position': 57, 'from': 'Q', 'to': 'P'}] score 4.513
S00038 C00009 [{'position': 59, 'from': 'N', 'to': 'P'}] score 5.444
S00039 C00009 [{'position': 61, 'from': 'E', 'to': 'P'}] score 4.384
S00040 C00009 [{'position': 64, 'from': 'K', 'to': 'P'}] score 3.366
S00041 C00009 [{'position': 35, 'from': 'G', 'to': 'A'}] score -0.21
S00042 C00009 [{'position': 51, 'from': 'G', 'to': 'A'}] score -0.574
S00043 C00009 [{'position': 99, 'from': 'G', 'to': 'A'}] score 3.567
S00044 C00009 [{'position': 102, 'from': 'G', 'to': 'A'}] score -0.46
S00045 C00009 [{'position': 111, 'from': 'G', 'to': 'A'}] score -0.354
S00046 C00009 [{'position': 113, 'from': 'G', 'to': 'A'}] score 1.853
S00047 C00009 [{'position': 35, 'from': 'G', 'to': 'A'}, {'position': 51, 'from': 'G', 'to': 'A'}] score -0.784
S00048 C00009 [{'position': 35, 'from': 'G', 'to': 'A'}, {'position': 51, 'from': 'G', 'to': 'A'}, {'position': 111, 'from': 'G', 'to': 'A'}] score -1.138
S00049 C00009 [{'position': 55, 'from': 'N', 'to': 'P'}, {'position': 51, 'from': 'G', 'to': 'A'}] score 1.694
S00050 C00009 [{'position': 56, 'from': 'Q', 'to': 'P'}, {'position': 51, 'from': 'G', 'to': 'A'}] score 1.861
S00051 C00009 [{'position': 57, 'from': 'Q', 'to': 'P'}, {'position': 51, 'from': 'G', 'to': 'A'}] score 3.94
S00052 C00009 [{'position': 59, 'from': 'N', 'to': 'P'}, {'position': 51, 'from': 'G', 'to': 'A'}] score 4.871
S00053 C00009 [{'position': 55, 'from': 'N', 'to': 'P'}, {'position': 59, 'from': 'N', 'to': 'P'}] score 7.711
S00054 C00009 [{'position': 56, 'from': 'Q', 'to': 'P'}, {'position': 64, 'from': 'K', 'to': 'P'}] score 5.801
S00055 C00009 [{'position': 57, 'from': 'Q', 'to': 'P'}, {'position': 64, 'from': 'K', 'to': 'P'}] score 7.879
S00056 C00009 [{'position': 51, 'from': 'G', 'to': 'A'}, {'position': 99, 'from': 'G', 'to': 'A'}, {'position': 102, 'from': 'G', 'to': 'A'}, {'position': 111, 'from': 'G', 'to': 'A'}] score 2.179
S00057 C00009 [{'position': 29, 'from': 'S', 'to': 'P'}, {'position': 55, 'from': 'N', 'to': 'P'}, {'position': 111, 'from': 'G', 'to': 'A'}] score 6.27
S00058 C00009 [{'position': 29, 'from': 'S', 'to': 'P'}, {'position': 57, 'from': 'Q', 'to': 'P'}, {'position': 111, 'from': 'G', 'to': 'A'}] score 8.517
S00059 C00009 [{'position': 57, 'from': 'Q', 'to': 'C'}, {'position': 60, 'from': 'Y', 'to': 'C'}] score 0.82
S00060 C00009 [{'position': 35, 'from': 'G', 'to': 'C'}, {'position': 73, 'from': 'R', 'to': 'C'}] score 5.815
S00061 C00009 [{'position': 108, 'from': 'T', 'to': 'C'}, {'position': 110, 'from': 'S', 'to': 'C'}] score 2.645
GENERATED 61
