NATIVE_3EAK 198005 0.0 warmup T 297 CDRs [0.15, 0.19, 0.16]
NATIVE_3EAK 198005 0.5 warmup T 250 CDRs [0.32, 0.35, 0.38]
NATIVE_3EAK 198005 1.0 warmup T 280 CDRs [0.37, 0.41, 0.3]
NATIVE_3EAK 198005 1.5 warmup T 294 CDRs [0.39, 0.34, 0.42]
NATIVE_3EAK 198005 2.0 production T 303 CDRs [0.54, 0.59, 0.53]
NATIVE_3EAK 198005 2.5 production T 301 CDRs [0.63, 0.68, 0.68]
NATIVE_3EAK 198005 3.0 production T 302 CDRs [0.63, 0.76, 0.79]
NATIVE_3EAK 198005 3.5 production T 299 CDRs [0.7, 0.88, 1.15]
NATIVE_3EAK 198005 4.0 production T 306 CDRs [0.67, 0.76, 1.1]
NATIVE_3EAK 198005 4.5 production T 306 CDRs [0.71, 0.81, 1.22]
NATIVE_3EAK 198005 5.0 production T 291 CDRs [1.01, 1.15, 1.39]
NATIVE_3EAK 198005 5.5 production T 300 CDRs [0.9, 1.25, 1.29]
NATIVE_3EAK 198005 6.0 production T 307 CDRs [0.87, 1.38, 1.21]
NATIVE_3EAK 198005 6.5 production T 304 CDRs [1.01, 1.31, 1.33]
NATIVE_3EAK 198005 7.0 production T 302 CDRs [1.11, 1.28, 1.21]
NATIVE_3EAK 198005 7.5 production T 306 CDRs [1.03, 1.45, 1.31]
NATIVE_3EAK 198005 8.0 production T 297 CDRs [1.06, 1.54, 1.32]
NATIVE_3EAK 198005 8.5 production T 292 CDRs [1.13, 1.63, 1.35]
NATIVE_3EAK 198005 9.0 production T 305 CDRs [1.18, 1.48, 1.55]
NATIVE_3EAK 198005 9.5 production T 294 CDRs [1.16, 1.38, 1.54]
NATIVE_3EAK 198005 10.0 production T 302 CDRs [0.98, 1.32, 1.37]
NATIVE_3EAK 198005 10.5 production T 298 CDRs [1.2, 1.39, 1.76]
NATIVE_3EAK 198005 11.0 production T 306 CDRs [1.22, 1.25, 1.92]
NATIVE_3EAK 198005 11.5 production T 303 CDRs [1.36, 1.4, 2.06]
NATIVE_3EAK 198005 12.0 production T 299 CDRs [1.28, 1.28, 1.98]
NATIVE_3EAK 198005 12.5 production T 293 CDRs [1.58, 1.32, 1.79]
NATIVE_3EAK 198005 13.0 production T 298 CDRs [1.47, 1.4, 1.83]
NATIVE_3EAK 198005 13.5 production T 301 CDRs [1.47, 1.46, 1.52]
NATIVE_3EAK 198005 14.0 production T 298 CDRs [1.55, 1.34, 1.5]
NATIVE_3EAK 198005 14.5 production T 303 CDRs [1.38, 1.25, 1.69]
NATIVE_3EAK 198005 15.0 production T 310 CDRs [1.26, 1.27, 1.84]
NATIVE_3EAK 198005 15.5 production T 294 CDRs [1.13, 1.19, 1.75]
NATIVE_3EAK 198005 16.0 production T 293 CDRs [1.13, 1.4, 1.81]
NATIVE_3EAK 198005 16.5 production T 301 CDRs [1.21, 1.38, 1.99]
NATIVE_3EAK 198005 17.0 production T 296 CDRs [1.39, 1.43, 1.95]
NATIVE_3EAK 198005 17.5 production T 287 CDRs [1.31, 1.49, 1.83]
NATIVE_3EAK 198005 18.0 production T 299 CDRs [1.06, 1.6, 1.95]
NATIVE_3EAK 198005 18.5 production T 290 CDRs [1.25, 1.37, 1.69]
NATIVE_3EAK 198005 19.0 production T 290 CDRs [1.03, 1.28, 1.83]
NATIVE_3EAK 198005 19.5 production T 295 CDRs [1.12, 1.33, 2.01]
NATIVE_3EAK 198005 20.0 production T 291 CDRs [1.21, 1.35, 1.98]
NATIVE_3EAK 198005 20.5 production T 304 CDRs [1.12, 1.31, 2.12]
NATIVE_3EAK 198005 21.0 production T 302 CDRs [1.18, 1.29, 2.32]
NATIVE_3EAK 198005 21.5 production T 299 CDRs [1.37, 1.34, 2.48]
NATIVE_3EAK 198005 22.0 production T 313 CDRs [1.37, 1.32, 2.28]
DONE NATIVE_3EAK_v2_s198005 {'production_mean_temperature_K': 299.5034087055627, 'production_mean_loop_RMSD_A': 1.3868058681812763, 'final_CDR_RMSD_A': [1.3717973109267931, 1.3160379394637591, 2.27820392600269], 'final_framework_RMSD_A': 0.9380634851694833, 'production_mean_CDR_RMSD_A': [1.1209351997051866, 1.2708338110737585, 1.6149334032091631]} seconds 1265.4808576107025
