NATIVE_3EAK 198006 0.0 warmup T 292 CDRs [0.15, 0.19, 0.16]
NATIVE_3EAK 198006 0.5 warmup T 253 CDRs [0.34, 0.28, 0.3]
NATIVE_3EAK 198006 1.0 warmup T 288 CDRs [0.34, 0.35, 0.39]
NATIVE_3EAK 198006 1.5 warmup T 293 CDRs [0.56, 0.47, 0.54]
NATIVE_3EAK 198006 2.0 production T 307 CDRs [0.55, 0.51, 0.38]
NATIVE_3EAK 198006 2.5 production T 305 CDRs [0.79, 1.06, 0.68]
NATIVE_3EAK 198006 3.0 production T 293 CDRs [0.8, 0.92, 0.77]
NATIVE_3EAK 198006 3.5 production T 306 CDRs [0.75, 0.86, 0.92]
NATIVE_3EAK 198006 4.0 production T 310 CDRs [0.75, 0.74, 0.88]
NATIVE_3EAK 198006 4.5 production T 304 CDRs [0.87, 0.88, 0.81]
NATIVE_3EAK 198006 5.0 production T 299 CDRs [0.95, 1.01, 0.93]
NATIVE_3EAK 198006 5.5 production T 301 CDRs [0.86, 1.08, 1.09]
NATIVE_3EAK 198006 6.0 production T 304 CDRs [1.0, 0.94, 1.25]
NATIVE_3EAK 198006 6.5 production T 294 CDRs [1.11, 1.14, 1.38]
NATIVE_3EAK 198006 7.0 production T 292 CDRs [1.13, 1.12, 1.45]
NATIVE_3EAK 198006 7.5 production T 297 CDRs [1.06, 0.95, 1.64]
NATIVE_3EAK 198006 8.0 production T 296 CDRs [0.99, 0.89, 1.44]
NATIVE_3EAK 198006 8.5 production T 297 CDRs [1.15, 1.06, 1.45]
NATIVE_3EAK 198006 9.0 production T 304 CDRs [1.26, 1.16, 1.42]
NATIVE_3EAK 198006 9.5 production T 300 CDRs [1.06, 1.09, 1.43]
NATIVE_3EAK 198006 10.0 production T 303 CDRs [1.07, 1.09, 1.21]
NATIVE_3EAK 198006 10.5 production T 302 CDRs [0.95, 1.28, 1.3]
NATIVE_3EAK 198006 11.0 production T 297 CDRs [0.94, 1.33, 1.28]
NATIVE_3EAK 198006 11.5 production T 309 CDRs [1.19, 1.28, 1.45]
NATIVE_3EAK 198006 12.0 production T 307 CDRs [1.14, 1.4, 1.59]
NATIVE_3EAK 198006 12.5 production T 305 CDRs [1.11, 1.44, 1.56]
NATIVE_3EAK 198006 13.0 production T 297 CDRs [1.23, 1.69, 1.42]
NATIVE_3EAK 198006 13.5 production T 301 CDRs [1.4, 1.61, 1.54]
NATIVE_3EAK 198006 14.0 production T 305 CDRs [1.36, 1.39, 1.61]
NATIVE_3EAK 198006 14.5 production T 305 CDRs [1.27, 1.32, 1.33]
NATIVE_3EAK 198006 15.0 production T 287 CDRs [1.21, 1.29, 1.42]
NATIVE_3EAK 198006 15.5 production T 296 CDRs [1.04, 1.23, 1.55]
NATIVE_3EAK 198006 16.0 production T 295 CDRs [0.93, 1.37, 1.56]
NATIVE_3EAK 198006 16.5 production T 301 CDRs [0.92, 1.58, 1.74]
NATIVE_3EAK 198006 17.0 production T 291 CDRs [1.01, 1.24, 1.77]
NATIVE_3EAK 198006 17.5 production T 289 CDRs [0.92, 1.1, 1.52]
NATIVE_3EAK 198006 18.0 production T 300 CDRs [1.05, 1.11, 1.26]
NATIVE_3EAK 198006 18.5 production T 302 CDRs [1.17, 1.02, 1.23]
NATIVE_3EAK 198006 19.0 production T 308 CDRs [0.96, 1.23, 1.12]
NATIVE_3EAK 198006 19.5 production T 292 CDRs [1.08, 1.25, 1.12]
NATIVE_3EAK 198006 20.0 production T 297 CDRs [1.36, 1.18, 1.28]
NATIVE_3EAK 198006 20.5 production T 298 CDRs [1.12, 1.31, 1.46]
NATIVE_3EAK 198006 21.0 production T 298 CDRs [1.0, 1.11, 1.3]
NATIVE_3EAK 198006 21.5 production T 301 CDRs [1.0, 1.01, 1.22]
NATIVE_3EAK 198006 22.0 production T 299 CDRs [1.09, 1.02, 1.1]
DONE NATIVE_3EAK_v2_s198006 {'production_mean_temperature_K': 299.800127978963, 'production_mean_loop_RMSD_A': 1.1839250131699666, 'final_CDR_RMSD_A': [1.0861551145991084, 1.0160560465484945, 1.0979334457151713], 'final_framework_RMSD_A': 0.6986678402881431, 'production_mean_CDR_RMSD_A': [1.0380742513947692, 1.153399524831097, 1.2889485804257914]} seconds 1277.0763907432556
