M00000 198005 0.0 warmup T 294 CDRs [0.11, 0.12, 0.14]
M00000 198005 0.5 warmup T 249 CDRs [0.24, 0.25, 0.31]
M00000 198005 1.0 warmup T 275 CDRs [0.55, 0.41, 0.6]
M00000 198005 1.5 warmup T 286 CDRs [0.6, 0.58, 0.53]
M00000 198005 2.0 production T 298 CDRs [0.49, 0.8, 0.68]
M00000 198005 2.5 production T 304 CDRs [0.87, 1.13, 1.08]
M00000 198005 3.0 production T 299 CDRs [0.93, 1.47, 1.16]
M00000 198005 3.5 production T 311 CDRs [1.22, 1.74, 1.68]
M00000 198005 4.0 production T 315 CDRs [1.28, 1.68, 1.74]
M00000 198005 4.5 production T 304 CDRs [1.13, 1.84, 1.68]
M00000 198005 5.0 production T 293 CDRs [1.4, 2.06, 1.62]
M00000 198005 5.5 production T 299 CDRs [1.69, 2.11, 1.5]
M00000 198005 6.0 production T 290 CDRs [1.72, 2.02, 1.53]
M00000 198005 6.5 production T 315 CDRs [1.73, 1.85, 1.96]
M00000 198005 7.0 production T 301 CDRs [1.76, 1.95, 2.05]
M00000 198005 7.5 production T 309 CDRs [1.91, 2.04, 1.94]
M00000 198005 8.0 production T 311 CDRs [2.15, 2.13, 1.93]
M00000 198005 8.5 production T 304 CDRs [2.41, 1.98, 1.89]
M00000 198005 9.0 production T 288 CDRs [2.52, 2.05, 1.93]
M00000 198005 9.5 production T 296 CDRs [2.65, 1.98, 2.04]
M00000 198005 10.0 production T 298 CDRs [2.45, 1.86, 2.22]
M00000 198005 10.5 production T 304 CDRs [2.41, 1.94, 2.32]
M00000 198005 11.0 production T 314 CDRs [2.19, 1.98, 2.46]
M00000 198005 11.5 production T 304 CDRs [2.4, 2.24, 2.31]
M00000 198005 12.0 production T 303 CDRs [2.32, 2.04, 2.32]
M00000 198005 12.5 production T 298 CDRs [2.4, 1.93, 2.65]
M00000 198005 13.0 production T 296 CDRs [2.56, 1.98, 2.73]
M00000 198005 13.5 production T 297 CDRs [2.55, 2.03, 2.83]
M00000 198005 14.0 production T 300 CDRs [2.63, 2.08, 3.07]
M00000 198005 14.5 production T 303 CDRs [2.51, 2.07, 2.97]
M00000 198005 15.0 production T 289 CDRs [2.86, 1.91, 2.8]
M00000 198005 15.5 production T 296 CDRs [2.72, 1.76, 2.53]
M00000 198005 16.0 production T 286 CDRs [2.78, 2.09, 2.69]
M00000 198005 16.5 production T 295 CDRs [2.82, 2.03, 2.75]
M00000 198005 17.0 production T 288 CDRs [2.83, 1.99, 2.86]
M00000 198005 17.5 production T 288 CDRs [2.12, 1.66, 3.22]
M00000 198005 18.0 production T 295 CDRs [1.84, 1.46, 3.13]
M00000 198005 18.5 production T 299 CDRs [1.67, 1.62, 3.43]
M00000 198005 19.0 production T 317 CDRs [1.59, 1.62, 3.18]
M00000 198005 19.5 production T 309 CDRs [1.57, 1.62, 3.2]
M00000 198005 20.0 production T 299 CDRs [1.45, 1.55, 3.24]
M00000 198005 20.5 production T 294 CDRs [1.63, 1.58, 3.33]
M00000 198005 21.0 production T 299 CDRs [1.7, 1.55, 3.56]
M00000 198005 21.5 production T 291 CDRs [1.59, 1.57, 3.57]
M00000 198005 22.0 production T 292 CDRs [1.45, 1.66, 3.54]
DONE M00000_v2_s198005 {'production_mean_temperature_K': 299.78009661555876, 'production_mean_loop_RMSD_A': 2.1541611425197345, 'final_CDR_RMSD_A': [1.449058456616058, 1.6555376109644788, 3.540939785839106], 'final_framework_RMSD_A': 0.7531508748102477, 'production_mean_CDR_RMSD_A': [1.9733817647202092, 1.820263301026946, 2.4224469429967153]} seconds 1122.950675725937
