M00000 198006 0.0 warmup T 288 CDRs [0.11, 0.12, 0.14]
M00000 198006 0.5 warmup T 251 CDRs [0.27, 0.31, 0.38]
M00000 198006 1.0 warmup T 282 CDRs [0.31, 0.46, 0.43]
M00000 198006 1.5 warmup T 295 CDRs [0.47, 0.44, 0.59]
M00000 198006 2.0 production T 298 CDRs [0.54, 0.69, 0.57]
M00000 198006 2.5 production T 299 CDRs [0.71, 0.83, 0.72]
M00000 198006 3.0 production T 294 CDRs [0.88, 1.07, 0.82]
M00000 198006 3.5 production T 314 CDRs [0.96, 0.97, 0.85]
M00000 198006 4.0 production T 306 CDRs [1.02, 1.0, 1.03]
M00000 198006 4.5 production T 307 CDRs [1.2, 0.98, 1.05]
M00000 198006 5.0 production T 305 CDRs [1.14, 1.04, 1.2]
M00000 198006 5.5 production T 290 CDRs [1.65, 1.39, 1.15]
M00000 198006 6.0 production T 297 CDRs [1.49, 1.51, 1.37]
M00000 198006 6.5 production T 288 CDRs [1.75, 1.67, 1.46]
M00000 198006 7.0 production T 303 CDRs [1.59, 1.5, 1.57]
M00000 198006 7.5 production T 296 CDRs [1.65, 1.34, 1.89]
M00000 198006 8.0 production T 294 CDRs [1.77, 1.43, 1.59]
M00000 198006 8.5 production T 293 CDRs [1.86, 1.71, 1.55]
M00000 198006 9.0 production T 297 CDRs [1.83, 1.88, 1.78]
M00000 198006 9.5 production T 298 CDRs [1.68, 2.1, 1.71]
M00000 198006 10.0 production T 298 CDRs [1.53, 2.16, 1.99]
M00000 198006 10.5 production T 317 CDRs [1.58, 2.44, 2.14]
M00000 198006 11.0 production T 306 CDRs [1.44, 2.52, 2.33]
M00000 198006 11.5 production T 298 CDRs [1.33, 2.25, 2.51]
M00000 198006 12.0 production T 303 CDRs [1.38, 2.41, 2.49]
M00000 198006 12.5 production T 312 CDRs [1.33, 2.57, 2.42]
M00000 198006 13.0 production T 306 CDRs [1.47, 2.62, 2.33]
M00000 198006 13.5 production T 294 CDRs [1.49, 2.73, 2.44]
M00000 198006 14.0 production T 289 CDRs [1.34, 2.86, 2.5]
M00000 198006 14.5 production T 306 CDRs [1.41, 2.95, 2.34]
M00000 198006 15.0 production T 288 CDRs [1.59, 2.96, 2.43]
M00000 198006 15.5 production T 300 CDRs [1.6, 3.22, 2.67]
M00000 198006 16.0 production T 306 CDRs [1.76, 3.11, 2.69]
M00000 198006 16.5 production T 291 CDRs [1.69, 3.33, 2.95]
M00000 198006 17.0 production T 296 CDRs [1.74, 3.57, 2.91]
M00000 198006 17.5 production T 293 CDRs [1.72, 3.26, 2.64]
M00000 198006 18.0 production T 290 CDRs [1.68, 3.15, 2.72]
M00000 198006 18.5 production T 298 CDRs [1.69, 3.22, 2.67]
M00000 198006 19.0 production T 296 CDRs [1.81, 2.91, 2.32]
M00000 198006 19.5 production T 300 CDRs [1.54, 3.21, 2.34]
M00000 198006 20.0 production T 290 CDRs [1.43, 3.09, 2.53]
M00000 198006 20.5 production T 296 CDRs [1.51, 2.99, 2.46]
M00000 198006 21.0 production T 303 CDRs [1.58, 3.02, 2.48]
M00000 198006 21.5 production T 307 CDRs [1.46, 3.16, 2.41]
M00000 198006 22.0 production T 313 CDRs [1.34, 3.08, 2.46]
DONE M00000_v2_s198006 {'production_mean_temperature_K': 299.397968153624, 'production_mean_loop_RMSD_A': 2.0092279920974883, 'final_CDR_RMSD_A': [1.3427272256485727, 3.0843304098868756, 2.46400657551773], 'final_framework_RMSD_A': 1.0085944564924527, 'production_mean_CDR_RMSD_A': [1.4670690411093714, 2.2897061859509353, 2.0120243880732205]} seconds 1120.9564790725708
