START M00000_s198005_extra 5072
START M00000_s198006_extra 5099
DONE {'tag': 'M00000_s198005_extra', 'source': '/mnt/data/egfr_campaign/stage7/intermediate/dynamics/M00000_v2_s198005.json', 'candidate_id': 'M00000', 'seed': 198005, 'added_restraints': True, 'returncode': 0, 'timed_out': False, 'seconds': 105.23799421800004}
START NATIVE_3EAK_s198005_extra 5242
DONE {'tag': 'M00000_s198006_extra', 'source': '/mnt/data/egfr_campaign/stage7/intermediate/dynamics/M00000_v2_s198006.json', 'candidate_id': 'M00000', 'seed': 198006, 'added_restraints': True, 'returncode': 0, 'timed_out': False, 'seconds': 138.29750134699998}
START NATIVE_3EAK_s198006_extra 5317
DONE {'tag': 'NATIVE_3EAK_s198005_extra', 'source': '/mnt/data/egfr_campaign/stage7/intermediate/dynamics/NATIVE_3EAK_v2_s198005.json', 'candidate_id': 'NATIVE_3EAK', 'seed': 198005, 'added_restraints': True, 'returncode': 0, 'timed_out': False, 'seconds': 132.26503296200008}
START M00000_s198005_noextra 5400
DONE {'tag': 'NATIVE_3EAK_s198006_extra', 'source': '/mnt/data/egfr_campaign/stage7/intermediate/dynamics/NATIVE_3EAK_v2_s198006.json', 'candidate_id': 'NATIVE_3EAK', 'seed': 198006, 'added_restraints': True, 'returncode': 0, 'timed_out': False, 'seconds': 108.21908829799986}
START M00018_s198005_noextra 5430
START M00021_s198005_noextra 5450
DONE {'tag': 'M00000_s198005_noextra', 'source': '/mnt/data/egfr_campaign/stage7/intermediate/thermal_unrestrained/M00000_s198005/intermediate/dynamics/M00000_v2_s198005.json', 'candidate_id': 'M00000', 'seed': 198005, 'added_restraints': False, 'returncode': 0, 'timed_out': False, 'seconds': 117.09368450000011}
DONE {'tag': 'M00018_s198005_noextra', 'source': '/mnt/data/egfr_campaign/stage7/intermediate/thermal_unrestrained/M00018_s198005/intermediate/dynamics/M00018_v2_s198005.json', 'candidate_id': 'M00018', 'seed': 198005, 'added_restraints': False, 'returncode': 0, 'timed_out': False, 'seconds': 99.03907674400034}
DONE {'tag': 'M00021_s198005_noextra', 'source': '/mnt/data/egfr_campaign/stage7/intermediate/thermal_unrestrained/M00021_s198005/intermediate/dynamics/M00021_v2_s198005.json', 'candidate_id': 'M00021', 'seed': 198005, 'added_restraints': False, 'returncode': 0, 'timed_out': False, 'seconds': 105.03238468400014}
START M00000_s198006_noextra 5581
START M00018_s198006_noextra 5593
START NATIVE_3EAK_s198005_noextra 5595
DONE {'tag': 'M00000_s198006_noextra', 'source': '/mnt/data/egfr_campaign/stage7/intermediate/thermal_unrestrained/M00000_s198006/intermediate/dynamics/M00000_v2_s198006.json', 'candidate_id': 'M00000', 'seed': 198006, 'added_restraints': False, 'returncode': 0, 'timed_out': False, 'seconds': 90.03228761299988}
DONE {'tag': 'M00018_s198006_noextra', 'source': '/mnt/data/egfr_campaign/stage7/intermediate/thermal_unrestrained/M00018_s198006/intermediate/dynamics/M00018_v2_s198006.json', 'candidate_id': 'M00018', 'seed': 198006, 'added_restraints': False, 'returncode': 0, 'timed_out': False, 'seconds': 102.02820384699999}
DONE {'tag': 'NATIVE_3EAK_s198005_noextra', 'source': '/mnt/data/egfr_campaign/stage7/intermediate/thermal_unrestrained/NATIVE_3EAK_s198005/intermediate/dynamics/NATIVE_3EAK_v2_s198005.json', 'candidate_id': 'NATIVE_3EAK', 'seed': 198005, 'added_restraints': False, 'returncode': 0, 'timed_out': False, 'seconds': 150.03037813900028}
START M00021_s198006_noextra 5727
DONE {'tag': 'M00021_s198006_noextra', 'source': '/mnt/data/egfr_campaign/stage7/intermediate/thermal_unrestrained/M00021_s198006/intermediate/dynamics/M00021_v2_s198006.json', 'candidate_id': 'M00021', 'seed': 198006, 'added_restraints': False, 'returncode': 0, 'timed_out': False, 'seconds': 114.0196842549999}
START NATIVE_3EAK_s198006_noextra 5870
DONE {'tag': 'NATIVE_3EAK_s198006_noextra', 'source': '/mnt/data/egfr_campaign/stage7/intermediate/thermal_unrestrained/NATIVE_3EAK_s198006/intermediate/dynamics/NATIVE_3EAK_v2_s198006.json', 'candidate_id': 'NATIVE_3EAK', 'seed': 198006, 'added_restraints': False, 'returncode': 0, 'timed_out': False, 'seconds': 123.02980536099994}
ALL_ENDPOINT_QUENCHES_FINISHED
