M00000 198006 0.0 warmup T 288 CDRs [0.1, 0.1, 0.12]
M00000 198006 0.5 warmup T 250 CDRs [0.3, 0.33, 0.41]
M00000 198006 1.0 warmup T 286 CDRs [0.32, 0.51, 0.43]
M00000 198006 1.5 warmup T 298 CDRs [0.43, 0.52, 0.63]
M00000 198006 2.0 production T 295 CDRs [0.49, 0.67, 0.58]
M00000 198006 2.5 production T 292 CDRs [0.72, 0.91, 0.73]
M00000 198006 3.0 production T 297 CDRs [0.72, 1.02, 0.98]
M00000 198006 3.5 production T 311 CDRs [0.99, 1.08, 0.83]
M00000 198006 4.0 production T 302 CDRs [1.08, 1.12, 1.09]
M00000 198006 4.5 production T 311 CDRs [1.27, 1.22, 1.12]
M00000 198006 5.0 production T 309 CDRs [1.41, 1.24, 1.52]
M00000 198006 5.5 production T 297 CDRs [1.21, 1.4, 1.35]
M00000 198006 6.0 production T 295 CDRs [1.26, 1.52, 1.62]
M00000 198006 6.5 production T 299 CDRs [1.6, 1.69, 1.86]
M00000 198006 7.0 production T 298 CDRs [1.79, 1.58, 1.94]
M00000 198006 7.5 production T 301 CDRs [1.79, 1.56, 2.02]
M00000 198006 8.0 production T 303 CDRs [1.95, 1.67, 1.76]
M00000 198006 8.5 production T 293 CDRs [2.2, 1.86, 2.0]
M00000 198006 9.0 production T 307 CDRs [2.2, 1.86, 2.21]
M00000 198006 9.5 production T 289 CDRs [2.04, 1.89, 2.08]
M00000 198006 10.0 production T 296 CDRs [1.95, 1.87, 2.31]
M00000 198006 10.5 production T 310 CDRs [2.18, 1.94, 2.19]
M00000 198006 11.0 production T 302 CDRs [2.25, 1.85, 2.23]
M00000 198006 11.5 production T 304 CDRs [2.23, 1.69, 2.14]
M00000 198006 12.0 production T 307 CDRs [2.24, 1.7, 2.12]
M00000 198006 12.5 production T 303 CDRs [2.2, 1.93, 2.11]
M00000 198006 13.0 production T 296 CDRs [2.23, 1.93, 2.1]
M00000 198006 13.5 production T 300 CDRs [1.7, 1.99, 2.28]
M00000 198006 14.0 production T 298 CDRs [1.6, 2.12, 2.25]
M00000 198006 14.5 production T 302 CDRs [1.54, 2.13, 2.06]
M00000 198006 15.0 production T 291 CDRs [1.38, 2.25, 2.13]
M00000 198006 15.5 production T 305 CDRs [1.37, 2.33, 2.39]
M00000 198006 16.0 production T 307 CDRs [1.69, 2.33, 2.27]
M00000 198006 16.5 production T 303 CDRs [1.83, 2.3, 2.37]
M00000 198006 17.0 production T 291 CDRs [1.82, 2.34, 2.32]
M00000 198006 17.5 production T 292 CDRs [1.99, 2.34, 2.47]
M00000 198006 18.0 production T 296 CDRs [1.8, 2.24, 2.52]
M00000 198006 18.5 production T 288 CDRs [1.73, 2.49, 2.57]
M00000 198006 19.0 production T 299 CDRs [1.73, 2.27, 2.29]
M00000 198006 19.5 production T 293 CDRs [1.54, 2.62, 2.05]
M00000 198006 20.0 production T 310 CDRs [1.44, 2.56, 1.97]
M00000 198006 20.5 production T 297 CDRs [1.56, 2.67, 2.07]
M00000 198006 21.0 production T 295 CDRs [1.63, 2.72, 2.01]
M00000 198006 21.5 production T 313 CDRs [1.56, 2.77, 2.09]
M00000 198006 22.0 production T 310 CDRs [1.49, 2.81, 2.24]
DONE M00000_v2_s198006 {'production_mean_temperature_K': 300.18645876085145, 'production_mean_loop_RMSD_A': 1.8694326342421819, 'final_CDR_RMSD_A': [1.485243532578479, 2.8145225382190038, 2.2397831974979594], 'final_framework_RMSD_A': 0.7751969078090397, 'production_mean_CDR_RMSD_A': [1.6439558035321566, 1.9136257800538445, 1.9330656340071493]} seconds 1145.3953182697296
NO_ADDED_CHIRALITY_RESTRAINTS_CONFIRMED M00000 198006
