M00021 198006 0.0 warmup T 289 CDRs [0.09, 0.11, 0.11]
M00021 198006 0.5 warmup T 253 CDRs [0.47, 0.31, 0.28]
M00021 198006 1.0 warmup T 283 CDRs [0.58, 0.36, 0.42]
M00021 198006 1.5 warmup T 301 CDRs [0.61, 0.47, 0.52]
M00021 198006 2.0 production T 315 CDRs [0.73, 0.57, 0.59]
M00021 198006 2.5 production T 307 CDRs [1.03, 0.88, 0.73]
M00021 198006 3.0 production T 304 CDRs [0.79, 1.17, 0.88]
M00021 198006 3.5 production T 305 CDRs [0.81, 1.29, 1.0]
M00021 198006 4.0 production T 304 CDRs [0.99, 1.3, 1.08]
M00021 198006 4.5 production T 306 CDRs [1.24, 1.43, 1.23]
M00021 198006 5.0 production T 304 CDRs [1.42, 1.93, 1.08]
M00021 198006 5.5 production T 291 CDRs [1.4, 2.12, 0.88]
M00021 198006 6.0 production T 295 CDRs [1.37, 1.98, 0.88]
M00021 198006 6.5 production T 290 CDRs [1.15, 1.87, 1.11]
M00021 198006 7.0 production T 300 CDRs [1.17, 1.65, 1.21]
M00021 198006 7.5 production T 290 CDRs [1.2, 1.71, 1.12]
M00021 198006 8.0 production T 297 CDRs [1.29, 1.81, 1.62]
M00021 198006 8.5 production T 299 CDRs [1.37, 1.61, 1.44]
M00021 198006 9.0 production T 287 CDRs [1.6, 1.53, 1.46]
M00021 198006 9.5 production T 291 CDRs [1.54, 1.57, 1.58]
M00021 198006 10.0 production T 298 CDRs [1.48, 1.47, 1.84]
M00021 198006 10.5 production T 316 CDRs [1.41, 1.7, 1.82]
M00021 198006 11.0 production T 304 CDRs [1.39, 1.84, 2.06]
M00021 198006 11.5 production T 286 CDRs [1.41, 2.04, 2.1]
M00021 198006 12.0 production T 293 CDRs [1.55, 2.17, 1.61]
M00021 198006 12.5 production T 293 CDRs [1.59, 2.08, 1.52]
M00021 198006 13.0 production T 304 CDRs [1.7, 2.21, 1.68]
M00021 198006 13.5 production T 290 CDRs [1.98, 2.21, 1.89]
M00021 198006 14.0 production T 306 CDRs [2.05, 2.1, 1.98]
M00021 198006 14.5 production T 315 CDRs [2.06, 1.85, 1.97]
M00021 198006 15.0 production T 309 CDRs [2.04, 1.72, 2.02]
M00021 198006 15.5 production T 310 CDRs [2.01, 1.64, 1.9]
M00021 198006 16.0 production T 299 CDRs [2.05, 1.56, 2.33]
M00021 198006 16.5 production T 308 CDRs [1.95, 1.62, 2.39]
M00021 198006 17.0 production T 316 CDRs [1.7, 1.6, 2.33]
M00021 198006 17.5 production T 296 CDRs [1.9, 1.54, 2.29]
M00021 198006 18.0 production T 305 CDRs [2.01, 1.67, 2.4]
M00021 198006 18.5 production T 296 CDRs [1.88, 1.83, 2.33]
M00021 198006 19.0 production T 297 CDRs [1.88, 2.02, 2.47]
M00021 198006 19.5 production T 304 CDRs [2.08, 2.08, 2.65]
M00021 198006 20.0 production T 289 CDRs [1.94, 1.88, 2.82]
M00021 198006 20.5 production T 298 CDRs [2.26, 1.76, 2.94]
M00021 198006 21.0 production T 303 CDRs [2.15, 1.84, 2.95]
M00021 198006 21.5 production T 307 CDRs [2.33, 1.77, 2.74]
M00021 198006 22.0 production T 299 CDRs [1.94, 1.61, 2.73]
DONE M00021_v2_s198006 {'production_mean_temperature_K': 300.64932010547653, 'production_mean_loop_RMSD_A': 1.7429941453065414, 'final_CDR_RMSD_A': [1.9431380814111796, 1.6086913007197958, 2.7262726660274548], 'final_framework_RMSD_A': 0.7827817824565566, 'production_mean_CDR_RMSD_A': [1.6054233996589826, 1.7126375089347756, 1.7965409791764884]} seconds 1154.2380254268646
NO_ADDED_CHIRALITY_RESTRAINTS_CONFIRMED M00021 198006
