NATIVE_3EAK 198005 0.0 warmup T 297 CDRs [0.14, 0.18, 0.16]
NATIVE_3EAK 198005 0.5 warmup T 252 CDRs [0.3, 0.33, 0.39]
NATIVE_3EAK 198005 1.0 warmup T 282 CDRs [0.43, 0.41, 0.32]
NATIVE_3EAK 198005 1.5 warmup T 290 CDRs [0.39, 0.34, 0.37]
NATIVE_3EAK 198005 2.0 production T 305 CDRs [0.55, 0.61, 0.57]
NATIVE_3EAK 198005 2.5 production T 311 CDRs [0.6, 0.79, 0.74]
NATIVE_3EAK 198005 3.0 production T 309 CDRs [0.72, 0.79, 0.8]
NATIVE_3EAK 198005 3.5 production T 296 CDRs [0.87, 0.81, 1.01]
NATIVE_3EAK 198005 4.0 production T 307 CDRs [0.73, 0.57, 1.07]
NATIVE_3EAK 198005 4.5 production T 294 CDRs [0.9, 0.77, 1.23]
NATIVE_3EAK 198005 5.0 production T 297 CDRs [0.96, 0.81, 1.38]
NATIVE_3EAK 198005 5.5 production T 298 CDRs [1.1, 1.09, 1.43]
NATIVE_3EAK 198005 6.0 production T 302 CDRs [0.87, 0.91, 1.25]
NATIVE_3EAK 198005 6.5 production T 308 CDRs [0.93, 1.09, 1.48]
NATIVE_3EAK 198005 7.0 production T 292 CDRs [0.89, 1.19, 1.48]
NATIVE_3EAK 198005 7.5 production T 303 CDRs [1.04, 1.38, 1.58]
NATIVE_3EAK 198005 8.0 production T 305 CDRs [1.05, 1.3, 1.53]
NATIVE_3EAK 198005 8.5 production T 299 CDRs [1.24, 1.43, 1.54]
NATIVE_3EAK 198005 9.0 production T 303 CDRs [1.51, 1.18, 1.55]
NATIVE_3EAK 198005 9.5 production T 294 CDRs [1.36, 1.32, 1.5]
NATIVE_3EAK 198005 10.0 production T 305 CDRs [1.17, 1.12, 1.37]
NATIVE_3EAK 198005 10.5 production T 300 CDRs [1.27, 1.31, 1.69]
NATIVE_3EAK 198005 11.0 production T 298 CDRs [1.24, 1.41, 1.79]
NATIVE_3EAK 198005 11.5 production T 305 CDRs [1.44, 1.65, 1.97]
NATIVE_3EAK 198005 12.0 production T 300 CDRs [1.29, 1.56, 1.91]
NATIVE_3EAK 198005 12.5 production T 306 CDRs [1.31, 1.48, 1.78]
NATIVE_3EAK 198005 13.0 production T 295 CDRs [1.13, 1.46, 1.74]
NATIVE_3EAK 198005 13.5 production T 305 CDRs [1.25, 1.44, 1.61]
NATIVE_3EAK 198005 14.0 production T 295 CDRs [1.33, 1.5, 1.68]
NATIVE_3EAK 198005 14.5 production T 302 CDRs [1.33, 1.65, 1.98]
NATIVE_3EAK 198005 15.0 production T 306 CDRs [1.24, 1.56, 2.06]
NATIVE_3EAK 198005 15.5 production T 301 CDRs [1.28, 1.41, 1.89]
NATIVE_3EAK 198005 16.0 production T 286 CDRs [1.1, 1.27, 1.79]
NATIVE_3EAK 198005 16.5 production T 303 CDRs [1.24, 1.24, 1.93]
NATIVE_3EAK 198005 17.0 production T 292 CDRs [1.17, 1.31, 1.91]
NATIVE_3EAK 198005 17.5 production T 296 CDRs [1.15, 1.61, 1.87]
NATIVE_3EAK 198005 18.0 production T 302 CDRs [1.09, 1.4, 1.8]
NATIVE_3EAK 198005 18.5 production T 303 CDRs [1.33, 1.22, 1.7]
NATIVE_3EAK 198005 19.0 production T 289 CDRs [1.4, 1.27, 1.81]
NATIVE_3EAK 198005 19.5 production T 291 CDRs [1.53, 1.4, 2.0]
NATIVE_3EAK 198005 20.0 production T 296 CDRs [1.37, 1.3, 1.93]
NATIVE_3EAK 198005 20.5 production T 297 CDRs [1.3, 1.26, 2.06]
NATIVE_3EAK 198005 21.0 production T 303 CDRs [1.47, 1.39, 2.21]
NATIVE_3EAK 198005 21.5 production T 290 CDRs [1.67, 1.55, 2.48]
NATIVE_3EAK 198005 22.0 production T 312 CDRs [1.76, 1.68, 2.48]
DONE NATIVE_3EAK_v2_s198005 {'production_mean_temperature_K': 299.99799490503506, 'production_mean_loop_RMSD_A': 1.4064259398741608, 'final_CDR_RMSD_A': [1.7553221084998603, 1.6758411797840895, 2.4772236263733114], 'final_framework_RMSD_A': 0.9887289942217103, 'production_mean_CDR_RMSD_A': [1.1746267772049803, 1.255911761546342, 1.6484818437105722]} seconds 1294.0615153312683
NO_ADDED_CHIRALITY_RESTRAINTS_CONFIRMED NATIVE_3EAK 198005
