M00018 198005 0.0 warmup T 294 CDRs [0.04, 0.05, 0.05]
M00018 198005 0.5 warmup T 254 CDRs [0.27, 0.26, 0.32]
M00018 198005 1.0 warmup T 284 CDRs [0.36, 0.42, 0.37]
M00018 198005 1.5 warmup T 300 CDRs [0.34, 0.55, 0.38]
M00018 198005 2.0 production T 299 CDRs [0.56, 0.5, 0.49]
M00018 198005 2.5 production T 289 CDRs [0.82, 0.63, 0.7]
M00018 198005 3.0 production T 307 CDRs [0.93, 0.71, 1.0]
M00018 198005 3.5 production T 291 CDRs [0.8, 0.81, 1.3]
M00018 198005 4.0 production T 294 CDRs [0.74, 1.0, 1.31]
M00018 198005 4.5 production T 298 CDRs [0.9, 1.06, 1.13]
M00018 198005 5.0 production T 289 CDRs [0.91, 1.09, 1.27]
M00018 198005 5.5 production T 297 CDRs [0.97, 1.13, 1.3]
M00018 198005 6.0 production T 300 CDRs [0.88, 1.1, 1.38]
M00018 198005 6.5 production T 305 CDRs [1.23, 1.42, 1.37]
M00018 198005 7.0 production T 304 CDRs [1.1, 1.65, 1.31]
M00018 198005 7.5 production T 306 CDRs [1.26, 1.83, 1.39]
M00018 198005 8.0 production T 294 CDRs [1.12, 1.95, 1.55]
M00018 198005 8.5 production T 301 CDRs [1.22, 1.86, 1.5]
M00018 198005 9.0 production T 296 CDRs [1.48, 1.96, 1.55]
M00018 198005 9.5 production T 295 CDRs [1.39, 1.76, 1.57]
M00018 198005 10.0 production T 297 CDRs [1.42, 1.9, 1.76]
M00018 198005 10.5 production T 295 CDRs [1.76, 1.9, 1.74]
M00018 198005 11.0 production T 308 CDRs [1.72, 1.89, 1.77]
M00018 198005 11.5 production T 310 CDRs [2.19, 1.7, 1.83]
M00018 198005 12.0 production T 314 CDRs [2.12, 1.86, 1.73]
M00018 198005 12.5 production T 305 CDRs [2.11, 2.0, 1.39]
M00018 198005 13.0 production T 288 CDRs [2.03, 2.18, 1.43]
M00018 198005 13.5 production T 299 CDRs [2.28, 2.6, 1.47]
M00018 198005 14.0 production T 300 CDRs [2.45, 2.6, 1.4]
M00018 198005 14.5 production T 305 CDRs [2.68, 2.44, 1.39]
M00018 198005 15.0 production T 300 CDRs [2.64, 2.44, 1.45]
M00018 198005 15.5 production T 301 CDRs [2.37, 2.41, 1.64]
M00018 198005 16.0 production T 291 CDRs [2.49, 2.24, 1.44]
M00018 198005 16.5 production T 294 CDRs [2.61, 2.28, 1.41]
M00018 198005 17.0 production T 293 CDRs [2.76, 2.38, 1.72]
M00018 198005 17.5 production T 294 CDRs [2.7, 2.42, 1.69]
M00018 198005 18.0 production T 291 CDRs [2.59, 2.58, 1.54]
M00018 198005 18.5 production T 297 CDRs [2.34, 2.76, 1.87]
M00018 198005 19.0 production T 293 CDRs [2.76, 2.51, 1.63]
M00018 198005 19.5 production T 298 CDRs [2.79, 2.16, 1.72]
M00018 198005 20.0 production T 297 CDRs [2.71, 2.21, 1.97]
M00018 198005 20.5 production T 299 CDRs [2.34, 2.08, 1.89]
M00018 198005 21.0 production T 300 CDRs [1.79, 2.37, 1.94]
M00018 198005 21.5 production T 303 CDRs [2.03, 2.31, 1.94]
M00018 198005 22.0 production T 290 CDRs [2.03, 2.13, 2.14]
DONE M00018_v2_s198005 {'production_mean_temperature_K': 298.1677813645653, 'production_mean_loop_RMSD_A': 1.733896693777726, 'final_CDR_RMSD_A': [2.030591182887902, 2.127698080943165, 2.1364544686485], 'final_framework_RMSD_A': 0.836036785763572, 'production_mean_CDR_RMSD_A': [1.8055319401923349, 1.8725045781243834, 1.5118728480324872]} seconds 1134.5420577526093
NO_ADDED_CHIRALITY_RESTRAINTS_CONFIRMED M00018 198005
