M00000 198005 0.0 warmup T 294 CDRs [0.1, 0.1, 0.12]
M00000 198005 0.5 warmup T 253 CDRs [0.27, 0.3, 0.28]
M00000 198005 1.0 warmup T 275 CDRs [0.54, 0.4, 0.61]
M00000 198005 1.5 warmup T 280 CDRs [0.64, 0.61, 0.56]
M00000 198005 2.0 production T 294 CDRs [0.57, 0.8, 0.68]
M00000 198005 2.5 production T 294 CDRs [0.84, 1.09, 1.1]
M00000 198005 3.0 production T 301 CDRs [0.98, 1.17, 1.19]
M00000 198005 3.5 production T 313 CDRs [1.08, 1.49, 1.72]
M00000 198005 4.0 production T 319 CDRs [1.03, 1.57, 1.89]
M00000 198005 4.5 production T 295 CDRs [1.11, 1.41, 1.8]
M00000 198005 5.0 production T 293 CDRs [1.13, 1.55, 1.77]
M00000 198005 5.5 production T 297 CDRs [1.43, 1.61, 1.59]
M00000 198005 6.0 production T 292 CDRs [1.3, 1.73, 1.69]
M00000 198005 6.5 production T 309 CDRs [1.2, 1.71, 2.07]
M00000 198005 7.0 production T 297 CDRs [1.25, 1.83, 1.98]
M00000 198005 7.5 production T 305 CDRs [1.28, 2.03, 2.0]
M00000 198005 8.0 production T 303 CDRs [1.25, 2.13, 2.06]
M00000 198005 8.5 production T 309 CDRs [1.46, 2.16, 1.92]
M00000 198005 9.0 production T 293 CDRs [1.75, 2.23, 1.84]
M00000 198005 9.5 production T 297 CDRs [1.86, 2.28, 1.88]
M00000 198005 10.0 production T 286 CDRs [1.84, 2.11, 2.01]
M00000 198005 10.5 production T 303 CDRs [1.73, 2.21, 2.07]
M00000 198005 11.0 production T 302 CDRs [1.58, 2.22, 2.23]
M00000 198005 11.5 production T 295 CDRs [1.86, 2.35, 2.03]
M00000 198005 12.0 production T 306 CDRs [1.88, 2.54, 2.03]
M00000 198005 12.5 production T 302 CDRs [1.85, 2.44, 2.34]
M00000 198005 13.0 production T 295 CDRs [1.88, 2.4, 2.28]
M00000 198005 13.5 production T 292 CDRs [1.89, 2.4, 2.29]
M00000 198005 14.0 production T 301 CDRs [1.98, 2.54, 2.26]
M00000 198005 14.5 production T 302 CDRs [2.14, 2.41, 2.1]
M00000 198005 15.0 production T 292 CDRs [2.42, 2.34, 2.09]
M00000 198005 15.5 production T 295 CDRs [2.44, 2.58, 2.01]
M00000 198005 16.0 production T 289 CDRs [2.41, 2.59, 2.2]
M00000 198005 16.5 production T 295 CDRs [2.42, 2.66, 2.14]
M00000 198005 17.0 production T 297 CDRs [2.4, 2.8, 2.22]
M00000 198005 17.5 production T 305 CDRs [1.96, 2.94, 2.5]
M00000 198005 18.0 production T 302 CDRs [1.78, 3.09, 2.37]
M00000 198005 18.5 production T 299 CDRs [1.59, 3.34, 2.72]
M00000 198005 19.0 production T 303 CDRs [1.68, 3.04, 2.66]
M00000 198005 19.5 production T 301 CDRs [1.83, 2.94, 2.99]
M00000 198005 20.0 production T 293 CDRs [1.91, 3.34, 3.06]
M00000 198005 20.5 production T 292 CDRs [1.98, 3.32, 3.09]
M00000 198005 21.0 production T 306 CDRs [1.92, 3.39, 3.07]
M00000 198005 21.5 production T 299 CDRs [1.99, 3.63, 3.24]
M00000 198005 22.0 production T 302 CDRs [2.04, 3.65, 3.35]
DONE M00000_v2_s198005 {'production_mean_temperature_K': 299.1163664210411, 'production_mean_loop_RMSD_A': 2.126296828876742, 'final_CDR_RMSD_A': [2.0411858090457375, 3.645550108880603, 3.3510034874935544], 'final_framework_RMSD_A': 0.7799154543229375, 'production_mean_CDR_RMSD_A': [1.6804441580575444, 2.3426618401500012, 2.1592637629848803]} seconds 1140.859045267105
NO_ADDED_CHIRALITY_RESTRAINTS_CONFIRMED M00000 198005
