M00021 198005 0.0 warmup T 293 CDRs [0.09, 0.11, 0.11]
M00021 198005 0.5 warmup T 240 CDRs [0.21, 0.26, 0.3]
M00021 198005 1.0 warmup T 291 CDRs [0.28, 0.44, 0.32]
M00021 198005 1.5 warmup T 292 CDRs [0.58, 0.55, 0.48]
M00021 198005 2.0 production T 297 CDRs [0.75, 0.75, 0.61]
M00021 198005 2.5 production T 292 CDRs [1.12, 0.98, 0.69]
M00021 198005 3.0 production T 303 CDRs [0.93, 1.1, 0.68]
M00021 198005 3.5 production T 296 CDRs [1.06, 0.84, 0.77]
M00021 198005 4.0 production T 300 CDRs [1.17, 0.99, 1.01]
M00021 198005 4.5 production T 301 CDRs [1.1, 1.17, 1.17]
M00021 198005 5.0 production T 293 CDRs [1.3, 1.1, 1.06]
M00021 198005 5.5 production T 302 CDRs [1.4, 1.01, 0.85]
M00021 198005 6.0 production T 306 CDRs [1.48, 1.11, 0.91]
M00021 198005 6.5 production T 296 CDRs [1.47, 1.12, 1.0]
M00021 198005 7.0 production T 294 CDRs [1.67, 1.2, 1.28]
M00021 198005 7.5 production T 314 CDRs [1.73, 1.19, 1.32]
M00021 198005 8.0 production T 310 CDRs [1.65, 1.49, 1.53]
M00021 198005 8.5 production T 308 CDRs [1.59, 1.37, 1.58]
M00021 198005 9.0 production T 303 CDRs [1.69, 1.53, 1.68]
M00021 198005 9.5 production T 292 CDRs [1.71, 1.54, 1.66]
M00021 198005 10.0 production T 302 CDRs [1.62, 1.5, 1.55]
M00021 198005 10.5 production T 304 CDRs [1.67, 1.61, 1.85]
M00021 198005 11.0 production T 305 CDRs [1.64, 1.51, 1.95]
M00021 198005 11.5 production T 297 CDRs [1.7, 1.56, 1.81]
M00021 198005 12.0 production T 300 CDRs [1.67, 1.54, 2.02]
M00021 198005 12.5 production T 299 CDRs [1.65, 1.44, 2.22]
M00021 198005 13.0 production T 294 CDRs [1.92, 1.33, 2.2]
M00021 198005 13.5 production T 299 CDRs [2.29, 1.35, 2.02]
M00021 198005 14.0 production T 294 CDRs [2.28, 1.47, 1.95]
M00021 198005 14.5 production T 300 CDRs [2.09, 1.72, 1.85]
M00021 198005 15.0 production T 296 CDRs [2.38, 1.95, 1.79]
M00021 198005 15.5 production T 304 CDRs [2.4, 1.73, 2.05]
M00021 198005 16.0 production T 300 CDRs [2.38, 1.6, 1.91]
M00021 198005 16.5 production T 298 CDRs [2.49, 1.94, 2.15]
M00021 198005 17.0 production T 299 CDRs [2.35, 2.14, 2.24]
M00021 198005 17.5 production T 294 CDRs [2.26, 2.2, 2.04]
M00021 198005 18.0 production T 296 CDRs [2.34, 2.23, 2.1]
M00021 198005 18.5 production T 294 CDRs [2.48, 2.01, 2.31]
M00021 198005 19.0 production T 295 CDRs [2.46, 2.26, 2.51]
M00021 198005 19.5 production T 299 CDRs [2.4, 2.78, 2.55]
M00021 198005 20.0 production T 303 CDRs [2.76, 2.67, 2.29]
M00021 198005 20.5 production T 307 CDRs [2.8, 2.7, 2.1]
M00021 198005 21.0 production T 299 CDRs [2.87, 3.04, 2.14]
M00021 198005 21.5 production T 289 CDRs [3.1, 3.15, 2.02]
M00021 198005 22.0 production T 300 CDRs [3.25, 2.97, 2.08]
DONE M00021_v2_s198005 {'production_mean_temperature_K': 299.40428606837867, 'production_mean_loop_RMSD_A': 1.7621899142462063, 'final_CDR_RMSD_A': [3.248935555066871, 2.9658348738348006, 2.0782273622097307], 'final_framework_RMSD_A': 1.065452531235296, 'production_mean_CDR_RMSD_A': [1.9282977244176405, 1.6802686373092088, 1.6949071290707656]} seconds 1157.7069449424744
NO_ADDED_CHIRALITY_RESTRAINTS_CONFIRMED M00021 198005
