M00018 198006 0.0 warmup T 290 CDRs [0.04, 0.05, 0.05]
M00018 198006 0.5 warmup T 251 CDRs [0.38, 0.31, 0.38]
M00018 198006 1.0 warmup T 274 CDRs [0.38, 0.47, 0.33]
M00018 198006 1.5 warmup T 306 CDRs [0.46, 0.52, 0.53]
M00018 198006 2.0 production T 294 CDRs [0.58, 0.66, 0.62]
M00018 198006 2.5 production T 300 CDRs [0.8, 0.95, 0.83]
M00018 198006 3.0 production T 299 CDRs [1.32, 0.92, 0.99]
M00018 198006 3.5 production T 305 CDRs [1.46, 0.82, 1.19]
M00018 198006 4.0 production T 303 CDRs [1.32, 0.96, 1.36]
M00018 198006 4.5 production T 293 CDRs [1.34, 1.18, 1.44]
M00018 198006 5.0 production T 314 CDRs [1.48, 1.26, 1.85]
M00018 198006 5.5 production T 289 CDRs [1.39, 1.22, 1.86]
M00018 198006 6.0 production T 302 CDRs [1.59, 1.34, 1.73]
M00018 198006 6.5 production T 292 CDRs [1.79, 1.52, 1.61]
M00018 198006 7.0 production T 303 CDRs [1.98, 1.46, 1.64]
M00018 198006 7.5 production T 307 CDRs [1.91, 1.43, 1.39]
M00018 198006 8.0 production T 305 CDRs [1.79, 1.62, 1.11]
M00018 198006 8.5 production T 292 CDRs [1.92, 1.32, 1.19]
M00018 198006 9.0 production T 293 CDRs [2.05, 1.31, 1.35]
M00018 198006 9.5 production T 300 CDRs [2.05, 1.28, 1.28]
M00018 198006 10.0 production T 302 CDRs [1.98, 1.53, 1.28]
M00018 198006 10.5 production T 303 CDRs [1.91, 1.68, 1.28]
M00018 198006 11.0 production T 289 CDRs [1.6, 1.82, 1.15]
M00018 198006 11.5 production T 298 CDRs [1.67, 1.89, 1.14]
M00018 198006 12.0 production T 304 CDRs [1.61, 1.95, 1.13]
M00018 198006 12.5 production T 307 CDRs [1.68, 2.04, 1.18]
M00018 198006 13.0 production T 299 CDRs [1.69, 2.21, 1.07]
M00018 198006 13.5 production T 304 CDRs [1.75, 2.42, 1.26]
M00018 198006 14.0 production T 308 CDRs [1.63, 2.37, 1.22]
M00018 198006 14.5 production T 309 CDRs [1.75, 2.48, 1.27]
M00018 198006 15.0 production T 304 CDRs [1.69, 2.75, 1.39]
M00018 198006 15.5 production T 303 CDRs [1.42, 3.07, 1.26]
M00018 198006 16.0 production T 288 CDRs [1.78, 3.11, 1.46]
M00018 198006 16.5 production T 309 CDRs [1.52, 3.3, 1.46]
M00018 198006 17.0 production T 298 CDRs [1.69, 3.4, 1.4]
M00018 198006 17.5 production T 294 CDRs [1.75, 3.36, 1.35]
M00018 198006 18.0 production T 301 CDRs [1.93, 3.2, 1.35]
M00018 198006 18.5 production T 297 CDRs [1.93, 3.16, 1.36]
M00018 198006 19.0 production T 312 CDRs [2.16, 2.98, 1.46]
M00018 198006 19.5 production T 295 CDRs [2.01, 3.04, 1.28]
M00018 198006 20.0 production T 297 CDRs [1.88, 3.49, 1.54]
M00018 198006 20.5 production T 304 CDRs [1.71, 3.88, 1.51]
M00018 198006 21.0 production T 297 CDRs [1.95, 3.89, 1.71]
M00018 198006 21.5 production T 310 CDRs [1.84, 3.91, 1.61]
M00018 198006 22.0 production T 316 CDRs [1.59, 3.98, 1.44]
DONE M00018_v2_s198006 {'production_mean_temperature_K': 300.9413052918235, 'production_mean_loop_RMSD_A': 1.7991460649126074, 'final_CDR_RMSD_A': [1.5899255802848327, 3.980472896732992, 1.440351573316788], 'final_framework_RMSD_A': 0.8482083513342547, 'production_mean_CDR_RMSD_A': [1.680908824809326, 2.1997722206475725, 1.34168427290056]} seconds 1137.7818353176117
NO_ADDED_CHIRALITY_RESTRAINTS_CONFIRMED M00018 198006
