NATIVE_3EAK 198006 0.0 warmup T 291 CDRs [0.14, 0.18, 0.16]
NATIVE_3EAK 198006 0.5 warmup T 252 CDRs [0.31, 0.29, 0.3]
NATIVE_3EAK 198006 1.0 warmup T 289 CDRs [0.36, 0.33, 0.38]
NATIVE_3EAK 198006 1.5 warmup T 302 CDRs [0.51, 0.48, 0.49]
NATIVE_3EAK 198006 2.0 production T 307 CDRs [0.54, 0.51, 0.43]
NATIVE_3EAK 198006 2.5 production T 299 CDRs [0.64, 0.91, 0.67]
NATIVE_3EAK 198006 3.0 production T 299 CDRs [0.77, 0.8, 0.8]
NATIVE_3EAK 198006 3.5 production T 309 CDRs [0.86, 0.78, 0.94]
NATIVE_3EAK 198006 4.0 production T 307 CDRs [0.78, 0.8, 0.89]
NATIVE_3EAK 198006 4.5 production T 305 CDRs [0.92, 1.02, 0.98]
NATIVE_3EAK 198006 5.0 production T 294 CDRs [1.01, 1.2, 1.17]
NATIVE_3EAK 198006 5.5 production T 289 CDRs [1.05, 1.31, 1.24]
NATIVE_3EAK 198006 6.0 production T 291 CDRs [1.28, 1.16, 1.25]
NATIVE_3EAK 198006 6.5 production T 297 CDRs [1.15, 1.35, 1.35]
NATIVE_3EAK 198006 7.0 production T 291 CDRs [1.13, 1.32, 1.35]
NATIVE_3EAK 198006 7.5 production T 294 CDRs [1.08, 1.29, 1.29]
NATIVE_3EAK 198006 8.0 production T 293 CDRs [0.89, 1.36, 1.33]
NATIVE_3EAK 198006 8.5 production T 301 CDRs [0.92, 1.52, 1.41]
NATIVE_3EAK 198006 9.0 production T 304 CDRs [0.94, 1.6, 1.29]
NATIVE_3EAK 198006 9.5 production T 299 CDRs [0.93, 1.38, 1.27]
NATIVE_3EAK 198006 10.0 production T 299 CDRs [0.92, 1.45, 1.17]
NATIVE_3EAK 198006 10.5 production T 296 CDRs [0.86, 1.57, 1.23]
NATIVE_3EAK 198006 11.0 production T 299 CDRs [0.91, 1.65, 1.3]
NATIVE_3EAK 198006 11.5 production T 297 CDRs [1.01, 1.51, 1.53]
NATIVE_3EAK 198006 12.0 production T 302 CDRs [0.94, 1.48, 1.51]
NATIVE_3EAK 198006 12.5 production T 305 CDRs [1.0, 1.54, 1.53]
NATIVE_3EAK 198006 13.0 production T 302 CDRs [1.01, 1.52, 1.25]
NATIVE_3EAK 198006 13.5 production T 301 CDRs [1.31, 1.55, 1.35]
NATIVE_3EAK 198006 14.0 production T 305 CDRs [1.41, 1.53, 1.46]
NATIVE_3EAK 198006 14.5 production T 303 CDRs [1.33, 1.26, 1.38]
NATIVE_3EAK 198006 15.0 production T 302 CDRs [1.35, 1.21, 1.42]
NATIVE_3EAK 198006 15.5 production T 286 CDRs [1.22, 1.14, 1.42]
NATIVE_3EAK 198006 16.0 production T 305 CDRs [1.12, 1.07, 1.53]
NATIVE_3EAK 198006 16.5 production T 294 CDRs [1.21, 1.16, 1.48]
NATIVE_3EAK 198006 17.0 production T 305 CDRs [0.94, 1.04, 1.55]
NATIVE_3EAK 198006 17.5 production T 292 CDRs [0.85, 0.93, 1.32]
NATIVE_3EAK 198006 18.0 production T 294 CDRs [0.88, 0.88, 1.22]
NATIVE_3EAK 198006 18.5 production T 291 CDRs [1.12, 0.85, 1.45]
NATIVE_3EAK 198006 19.0 production T 306 CDRs [1.04, 0.9, 1.3]
NATIVE_3EAK 198006 19.5 production T 292 CDRs [1.27, 0.98, 1.32]
NATIVE_3EAK 198006 20.0 production T 300 CDRs [1.33, 0.95, 1.39]
NATIVE_3EAK 198006 20.5 production T 291 CDRs [1.22, 1.16, 1.32]
NATIVE_3EAK 198006 21.0 production T 301 CDRs [0.97, 1.23, 1.31]
NATIVE_3EAK 198006 21.5 production T 303 CDRs [1.12, 1.17, 1.26]
NATIVE_3EAK 198006 22.0 production T 313 CDRs [1.32, 1.13, 1.05]
DONE NATIVE_3EAK_v2_s198006 {'production_mean_temperature_K': 299.111716424948, 'production_mean_loop_RMSD_A': 1.189251784225866, 'final_CDR_RMSD_A': [1.3211116090965813, 1.131667860490747, 1.05146916863502], 'final_framework_RMSD_A': 0.8157227024831506, 'production_mean_CDR_RMSD_A': [1.0383549082038719, 1.1992687955406391, 1.2612159157301686]} seconds 1279.9367926120758
NO_ADDED_CHIRALITY_RESTRAINTS_CONFIRMED NATIVE_3EAK 198006
