M00000 new False edit {} search 0.0
M00001 new True edit {35: 'A'} search 0.666
M00002 new True edit {51: 'A'} search 0.0
M00003 new True edit {99: 'A'} search 0.0
M00004 new True edit {102: 'A'} search 0.721
M00005 new True edit {111: 'A'} search 0.0
M00006 new True edit {113: 'A'} search 2.663
M00007 new True edit {35: 'S'} search 0.888
M00008 new True edit {99: 'S'} search 2.295
M00009 new True edit {111: 'S'} search 0.0
M00010 new True edit {113: 'S'} search 3.783
M00011 new True edit {35: 'A', 111: 'A'} search 0.402
M00012 new True edit {51: 'A', 111: 'A'} search 0.0
M00013 new True edit {102: 'A', 111: 'A'} search 0.457
M00014 new True edit {99: 'A', 102: 'A', 111: 'A'} search 0.437
M00015 new True edit {35: 'A', 51: 'A', 111: 'A'} search 0.0
M00016 new True edit {35: 'A', 102: 'A', 111: 'A'} search 1.123
M00017 new True edit {51: 'A', 102: 'A', 111: 'A'} search 0.0
M00018 new True edit {35: 'A', 51: 'A', 102: 'A', 111: 'A'} search 0.581
M00019 new True edit {35: 'A', 51: 'A', 99: 'A', 102: 'A', 111: 'A'} search 0.56
M00020 new True edit {35: 'A', 51: 'A', 99: 'A', 102: 'A', 111: 'A', 113: 'A'} search 3.223
M00021 new True edit {35: 'A', 51: 'A', 102: 'A', 111: 'S'} search 0.175
M00022 new True edit {35: 'A', 51: 'A', 102: 'A', 111: 'A', 113: 'S'} search 4.363
Finished 23 records
