PROCESS_START 1791143737.6801643
IMPORTS_DONE 1791143738.1108367
ADD_H_START 2282
ADD_H_DONE 8.877867698669434
M00019_human6ARU refinement True seconds 53.0
ADD_H_START 2282
ADD_H_DONE 7.40174412727356
Timeout (0:01:20)!
Thread 0x00007f7d0848a780 (most recent call first):
  File "/mnt/data/egfr_campaign/stage2/runtime/python/openmm/app/forcefield.py", line 639 in __init__
  File "__init__", line ??? in __init__
  File "/mnt/data/egfr_campaign/stage2/runtime/python/openmm/app/forcefield.py", line 1261 in createSystem
  File "/mnt/data/egfr_campaign/stage3/code/fast_obc.py", line 68 in parameters
  File "/mnt/data/egfr_campaign/stage3/code/fast_obc.py", line 83 in evaluate
  File "/mnt/data/egfr_campaign/stage3/code/proton_ensemble.py", line 90 in probe
  File "/mnt/data/egfr_campaign/stage3/code/refine_new.py", line 33 in run
  File "/mnt/data/egfr_campaign/stage7/code/refine_one.py", line 22 in <module>
M00019_human6ARU states 9 pH contrast 1.1854286699227288 2.2557655194068253 seconds 16.7
STRICT True omega_warnings 0
RESULT {"candidate_id": "M00019", "species": "human6ARU", "status": "complete", "minimum_pH_contrast": 1.1854286699227288} seconds 80.48185753822327
