PROCESS_START 1791143579.5021284
IMPORTS_DONE 1791143579.9148715
ADD_H_START 2279
ADD_H_DONE 7.240600824356079
M00013_human6ARU refinement True seconds 55.3
ADD_H_START 2279
ADD_H_DONE 6.952175617218018
Timeout (0:01:20)!
Thread 0x00007f318b1f9780 (most recent call first):
  File "/mnt/data/egfr_campaign/stage2/runtime/python/openmm/app/forcefield.py", line 639 in __init__
  File "__init__", line ??? in __init__
  File "/mnt/data/egfr_campaign/stage2/runtime/python/openmm/app/forcefield.py", line 1261 in createSystem
  File "/mnt/data/egfr_campaign/stage3/code/fast_obc.py", line 68 in parameters
  File "/mnt/data/egfr_campaign/stage3/code/fast_obc.py", line 83 in evaluate
  File "/mnt/data/egfr_campaign/stage3/code/proton_ensemble.py", line 90 in probe
  File "/mnt/data/egfr_campaign/stage3/code/refine_new.py", line 33 in run
  File "/mnt/data/egfr_campaign/stage7/code/refine_one.py", line 22 in <module>
M00013_human6ARU states 9 pH contrast 1.173779838166432 2.252018132099371 seconds 16.6
STRICT True omega_warnings 0
RESULT {"candidate_id": "M00013", "species": "human6ARU", "status": "complete", "minimum_pH_contrast": 1.173779838166432} seconds 80.53585195541382
