{
  "parent": "M00000, unchanged J00008 with matched additional refinement",
  "comparisons": [
    {
      "candidate_id": "M00018",
      "scenario_count": 354294,
      "minimum_contrast_kcal": 0.7620382114617428,
      "matched_parent_minimum_contrast_kcal": 0.7992559317726631,
      "difference_of_minima_kcal": -0.0372177203109203,
      "paired_parameter_contrast_change_min_kcal": -0.19265953936839253,
      "paired_parameter_contrast_change_max_kcal": -0.0011393546791822473,
      "paired_parameter_contrast_change_median_kcal": -0.023121434000946017,
      "number_of_parameter_settings_with_larger_contrast": 0,
      "acid_interaction_proxy_change_range_kcal": [
        -2.35437519292579,
        -0.7013757719738436
      ],
      "neutral_interaction_proxy_change_range_kcal": [
        -2.4937949937010933,
        -0.703907549250836
      ],
      "scope": "Fixed-coordinate classical conditional model with matched priors; no predicted Kd, binding ratio or nondetection claim."
    },
    {
      "candidate_id": "M00021",
      "scenario_count": 354294,
      "minimum_contrast_kcal": 0.7804727137855281,
      "matched_parent_minimum_contrast_kcal": 0.7992559317726631,
      "difference_of_minima_kcal": -0.018783217987135004,
      "paired_parameter_contrast_change_min_kcal": -0.13245114841224925,
      "paired_parameter_contrast_change_max_kcal": 0.008982096280085727,
      "paired_parameter_contrast_change_median_kcal": -0.012077371370425638,
      "number_of_parameter_settings_with_larger_contrast": 10049,
      "acid_interaction_proxy_change_range_kcal": [
        -2.1886498676626585,
        -0.8477909818938372
      ],
      "neutral_interaction_proxy_change_range_kcal": [
        -2.2917765232157583,
        -0.8441700662395917
      ],
      "scope": "Fixed-coordinate classical conditional model with matched priors; no predicted Kd, binding ratio or nondetection claim."
    }
  ],
  "scenario_grid_is_not_probabilistic": true
}
