{
  "panel_size": 100,
  "top20_size": 20,
  "new_sequences_in_pool": 9,
  "new_sequences_in_top20": 0,
  "promoted_by_complete_comparison": [],
  "top20_order_changed": false,
  "unique_CDR3": 84,
  "max_CDR3_repetition": 6,
  "length_min": 119,
  "length_max": 127,
  "evidence_counts": {
    "0": 13,
    "1": 21,
    "2": 3,
    "3": 63
  },
  "new_entries_considered_but_excluded": [],
  "omitted_by_pool_size_or_diversity": [
    {
      "public_name": "092_ResidueRuse_Cipher",
      "source_internal_key": "stage5:T3080000",
      "reason": "lower-priority reserve beyond100"
    },
    {
      "public_name": "093_Covertase_Nightfall",
      "source_internal_key": "stage5:T3071300",
      "reason": "lower-priority reserve beyond100"
    },
    {
      "public_name": "094_MotifMisdirect_Nightfall",
      "source_internal_key": "stage5:T3071101",
      "reason": "lower-priority reserve beyond100"
    },
    {
      "public_name": "095_Covertase_Cinder",
      "source_internal_key": "stage5:T3071100",
      "reason": "lower-priority reserve beyond100"
    },
    {
      "public_name": "096_EnzymeEnigma_Cipher",
      "source_internal_key": "stage5:T3071000",
      "reason": "lower-priority reserve beyond100"
    },
    {
      "public_name": "097_FoldAndDagger_Cinder",
      "source_internal_key": "stage5:T3070602",
      "reason": "lower-priority reserve beyond100"
    },
    {
      "public_name": "098_ResidueRuse_Velvet",
      "source_internal_key": "stage5:T3070601",
      "reason": "lower-priority reserve beyond100"
    },
    {
      "public_name": "099_ChiralCipher_Velvet",
      "source_internal_key": "stage5:T3070600",
      "reason": "lower-priority reserve beyond100"
    },
    {
      "public_name": "100_BufferBandit_Cinder",
      "source_internal_key": "stage5:T3070300",
      "reason": "lower-priority reserve beyond100"
    }
  ],
  "old_release_sha256": "03d88fc36fe88c85edf5a288d5d18a12b65c75314e4e152b32a705f58422ee59",
  "new_fasta_sha256": "d8dc97e46e2bf68b81b3699947fb51070323d2404ed26688fda33da9d6732ec3",
  "new_csv_sha256": "71029ff358eff9c47de65db329def25118178a7a8d04fddfa8fc3a6c0d357f95",
  "rank_is_file_order": true,
  "old_public_identifiers_preserved": true,
  "all_experimental_outcomes_unverified": true
}

