G00038 completed 6 0.275 6.8 
G00011 completed 6 0.37 3.6 
G00029 completed 6 0.297 4.1 
G00050 completed 6 0.176 4.1 
G00007 completed 2 0.11 3.6 
G00053 completed 6 0.725 4.2 
G00117 completed 6 0.39 3.8 
G00049 completed 2 0.0 3.9 
G00067 completed 2 0.0 3.7 
G00010 completed 2 0.0 3.4 
G00009 completed 2 0.014 3.5 
G00044 completed 2 0.0 3.6 
G00121 completed 6 0.214 4.5 
G00090 completed 2 0.021 3.3 
G00054 completed 2 0.0 3.5 
G00161 completed 2 0.0 3.5 
G00042 completed 2 0.0 4.0 
G00001 completed 2 0.0 4.0 
G00002 completed 2 0.0 3.7 
G00003 completed 2 0.008 3.7 
G00004 completed 2 0.086 3.3 
G00005 completed 6 0.778 3.5 
G00006 completed 6 0.251 3.0 
G00008 completed 2 0.002 3.5 
G00012 completed 6 0.334 3.2 
G00013 completed 2 0.0 3.2 
G00014 completed 2 0.0 3.2 
G00015 completed 2 0.0 3.0 
G00016 completed 2 0.0 3.2 
G00017 completed 2 0.0 3.5 
G00018 completed 2 0.0 2.9 
G00019 completed 2 0.137 3.1 
G00020 completed 2 0.012 3.2 
G00021 completed 2 0.045 3.2 
G00022 completed 2 0.0 4.2 
G00023 completed 2 0.0 3.8 
G00024 completed 2 0.056 2.8 
G00025 failed None 0 0.1 ValueError('fixed framework/target collision')
G00026 completed 2 0.0 3.3 
G00027 failed None 0 0.2 ValueError('fixed framework/glycan collision')
G00028 completed 2 0.0 3.4 
G00030 completed 2 0.016 3.9 
G00031 completed 2 0.078 3.7 
G00032 completed 2 0.082 3.8 
G00033 completed 2 0.0 3.9 
G00034 failed None 0 0.2 ValueError('fixed framework/target collision')
G00035 completed 2 0.009 3.9 
G00036 completed 6 0.642 3.6 
G00037 completed 6 0.214 3.9 
G00039 failed None 0 0.2 ValueError('fixed framework/target collision')
G00040 completed 2 0.0 3.2 
G00047 completed 2 0.002 3.0 
G00059 completed 2 0.005 3.1 
G00069 completed 2 0.102 3.2 
G00072 completed 2 0.0 2.9 
G00075 completed 2 0.018 3.9 
G00079 completed 6 0.336 3.5 
G00080 completed 2 0.0 3.7 
G00082 completed 2 0.0 4.4 
G00083 completed 2 0.0 3.6 
G00095 completed 2 0.003 4.3 
G00098 completed 6 0.468 3.7 
G00106 completed 2 0.0 3.3 
G00118 completed 6 0.161 3.7 
G00129 completed 6 0.562 3.8 
G00138 completed 2 0.0 3.1 
G00139 completed 2 0.0 3.3 
G00148 completed 2 0.0 3.1 
G00150 completed 2 0.0 3.0 
G00155 completed 2 0.059 3.2 
G00162 completed 2 0.009 4.0 
G00167 completed 2 0.0 3.3 
G00168 completed 2 0.003 3.7 
G00174 completed 6 0.252 4.0 
G00181 completed 6 0.666 3.8 
G00187 completed 2 0.0 3.6 
G00190 completed 6 0.237 3.6 
G00192 completed 6 0.246 4.1 
G00197 completed 6 0.33 3.6 
G00206 completed 2 0.094 3.6 
G00209 completed 2 0.0 3.8 
G00213 completed 6 0.328 3.4 
G00217 completed 2 0.0 3.0 
G00252 completed 2 0.0 3.3 
G00258 completed 6 0.242 3.1 
G00263 completed 2 0.0 3.2 
G00271 completed 2 0.0 3.1 
G00277 completed 6 0.299 3.8 
G00282 completed 6 0.215 3.7 
G00305 failed None 0 0.2 ValueError('fixed framework/target collision')
G00314 completed 2 0.004 3.3 
G00369 completed 2 0.0 3.4 
G00388 completed 6 0.323 3.9 
