A00001 {'chain': 'B', 'position': 101, 'residue': 'GLU', 'LJ_kcal': -3.934920595722015, 'SA_kcal': -0.7341525942192819, 'epsilon1_salt_kcal': 7.478296673103578, 'epsilon4_salt_kcal': -2.1038353446727847}
A00001 {'chain': 'B', 'position': 1, 'residue': 'GLN', 'LJ_kcal': -2.5410487858986692, 'SA_kcal': -0.26720073408571476, 'epsilon1_salt_kcal': 7.42636010706027, 'epsilon4_salt_kcal': -0.2684881422495793}
A00001 {'chain': 'B', 'position': 108, 'residue': 'GLN', 'LJ_kcal': -2.6611982806086014, 'SA_kcal': -0.5764550356212363, 'epsilon1_salt_kcal': 1.5933263398746953, 'epsilon4_salt_kcal': -2.0788916759689817}
A00001 {'chain': 'B', 'position': 105, 'residue': 'ASP', 'LJ_kcal': -0.2045244781259397, 'SA_kcal': -0.12229340749120245, 'epsilon1_salt_kcal': 0.9429766871295139, 'epsilon4_salt_kcal': -0.1828517644306099}
A00001 {'chain': 'B', 'position': 53, 'residue': 'GLU', 'LJ_kcal': -0.13405163777748197, 'SA_kcal': -0.06647350557896743, 'epsilon1_salt_kcal': 0.8750647487669484, 'epsilon4_salt_kcal': -0.07651560096098856}
A00001 {'chain': 'B', 'position': 56, 'residue': 'ASP', 'LJ_kcal': -0.27365907918065224, 'SA_kcal': -0.025080545225368386, 'epsilon1_salt_kcal': 0.8091213237513687, 'epsilon4_salt_kcal': -0.1816689096933707}
A00001 {'chain': 'B', 'position': 103, 'residue': 'GLU', 'LJ_kcal': -0.17253293280003945, 'SA_kcal': -0.0139668587073132, 'epsilon1_salt_kcal': 0.7531720878765515, 'epsilon4_salt_kcal': -0.08082111762323342}
A00001 {'chain': 'B', 'position': 57, 'residue': 'GLU', 'LJ_kcal': -1.544418422468751, 'SA_kcal': -0.34290597242631865, 'epsilon1_salt_kcal': 0.6890777253688695, 'epsilon4_salt_kcal': -1.5537401399479294}
A00001 {'chain': 'B', 'position': 28, 'residue': 'GLU', 'LJ_kcal': -0.7792142970479442, 'SA_kcal': -0.23038169698255498, 'epsilon1_salt_kcal': 0.5742231303261042, 'epsilon4_salt_kcal': -0.6878275141104174}
A00001 {'chain': 'B', 'position': 54, 'residue': 'ASN', 'LJ_kcal': -0.1416253456928458, 'SA_kcal': -0.08381362545681789, 'epsilon1_salt_kcal': 0.47709911849081615, 'epsilon4_salt_kcal': -0.05744300777105557}
A00001 {'chain': 'B', 'position': 97, 'residue': 'GLN', 'LJ_kcal': -0.20367037531924503, 'SA_kcal': -0.00688861292362128, 'epsilon1_salt_kcal': 0.44430930296996046, 'epsilon4_salt_kcal': -0.06667241504296394}
A00001 {'chain': 'B', 'position': 106, 'residue': 'GLY', 'LJ_kcal': -0.13880940106304251, 'SA_kcal': -0.06192683713995073, 'epsilon1_salt_kcal': 0.371687047126303, 'epsilon4_salt_kcal': -0.06310441414976566}
A00001 {'chain': 'B', 'position': 59, 'residue': 'ASP', 'LJ_kcal': -0.0431148264551213, 'SA_kcal': -0.020699209134433103, 'epsilon1_salt_kcal': 0.36622335129415823, 'epsilon4_salt_kcal': -0.03329738718523125}
A00001 {'chain': 'B', 'position': 98, 'residue': 'GLN', 'LJ_kcal': -0.1845586587549093, 'SA_kcal': -0.04222514887159355, 'epsilon1_salt_kcal': 0.3251856809518886, 'epsilon4_salt_kcal': -0.094658130754092}
A00001 {'chain': 'B', 'position': 71, 'residue': 'ARG', 'LJ_kcal': -0.019146204868124145, 'SA_kcal': -0.015573907830796423, 'epsilon1_salt_kcal': 0.26578231640188266, 'epsilon4_salt_kcal': 0.08064053076960595}
A00001 {'chain': 'B', 'position': 27, 'residue': 'ASP', 'LJ_kcal': -0.06669124649822644, 'SA_kcal': -0.03929956319790947, 'epsilon1_salt_kcal': 0.22381838389641753, 'epsilon4_salt_kcal': -0.053860233944788755}
G00117_C04 {'chain': 'B', 'position': 103, 'residue': 'GLU', 'LJ_kcal': -1.0797829510571704, 'SA_kcal': -0.18283125257252567, 'epsilon1_salt_kcal': 2.02589983418272, 'epsilon4_salt_kcal': -0.7258199918543209}
G00117_C04 {'chain': 'B', 'position': 36, 'residue': 'LYS', 'LJ_kcal': -0.1982737890414356, 'SA_kcal': -0.06527546165524237, 'epsilon1_salt_kcal': 1.2301788094700894, 'epsilon4_salt_kcal': 0.18044332813708178}
G00117_C04 {'chain': 'B', 'position': 105, 'residue': 'LYS', 'LJ_kcal': -0.37052262296516675, 'SA_kcal': -0.07961324336867692, 'epsilon1_salt_kcal': 1.0737451694162392, 'epsilon4_salt_kcal': -0.05653968336257793}
G00117_C04 {'chain': 'B', 'position': 1, 'residue': 'GLN', 'LJ_kcal': -0.055708494843805786, 'SA_kcal': -0.0463553887884438, 'epsilon1_salt_kcal': 0.9680069600640603, 'epsilon4_salt_kcal': 0.21330683630984573}
G00117_C04 {'chain': 'B', 'position': 34, 'residue': 'GLU', 'LJ_kcal': -0.14155945296979594, 'SA_kcal': -0.022072887526594854, 'epsilon1_salt_kcal': 0.8385644994054472, 'epsilon4_salt_kcal': 0.010888316556648438}
G00117_C04 {'chain': 'B', 'position': 54, 'residue': 'ASP', 'LJ_kcal': -0.3671332532063601, 'SA_kcal': -0.1215292038918104, 'epsilon1_salt_kcal': 0.49097656595783484, 'epsilon4_salt_kcal': -0.3423031861300166}
G00117_C04 {'chain': 'B', 'position': 102, 'residue': 'GLY', 'LJ_kcal': -0.15688964517600554, 'SA_kcal': -0.03577842415854325, 'epsilon1_salt_kcal': 0.2789257905839842, 'epsilon4_salt_kcal': -0.09196398291747561}
G00117_C04 {'chain': 'B', 'position': 111, 'residue': 'GLY', 'LJ_kcal': -0.1132930484750916, 'SA_kcal': -0.030787914911754505, 'epsilon1_salt_kcal': 0.2552091791170069, 'epsilon4_salt_kcal': -0.033939833882622006}
G00117_C04 {'chain': 'B', 'position': 52, 'residue': 'ASN', 'LJ_kcal': -0.166838457405691, 'SA_kcal': -0.07756796584781768, 'epsilon1_salt_kcal': 0.21611965408588446, 'epsilon4_salt_kcal': -0.13180523426916246}
G00117_C04 {'chain': 'B', 'position': 33, 'residue': 'ASP', 'LJ_kcal': -0.029833616524726467, 'SA_kcal': -0.008839196968008854, 'epsilon1_salt_kcal': 0.1959989400562825, 'epsilon4_salt_kcal': -0.018015546351500704}
G00117_C04 {'chain': 'B', 'position': 114, 'residue': 'GLN', 'LJ_kcal': -0.06011045595552438, 'SA_kcal': -0.05112947595535041, 'epsilon1_salt_kcal': 0.18424383724706025, 'epsilon4_salt_kcal': -0.035905383809364484}
G00117_C04 {'chain': 'B', 'position': 28, 'residue': 'GLN', 'LJ_kcal': -0.02196797133496125, 'SA_kcal': -0.033906478275907155, 'epsilon1_salt_kcal': 0.1827831866744192, 'epsilon4_salt_kcal': -0.0005672419573800025}
G00117_C04 {'chain': 'B', 'position': 53, 'residue': 'ASN', 'LJ_kcal': -0.07666900600859568, 'SA_kcal': -0.0368847172034853, 'epsilon1_salt_kcal': 0.16105867535754634, 'epsilon4_salt_kcal': -0.05227679313604126}
G00117_C04 {'chain': 'B', 'position': 29, 'residue': 'SER', 'LJ_kcal': -0.017127197303252444, 'SA_kcal': -0.02921741469678608, 'epsilon1_salt_kcal': 0.1508219074297122, 'epsilon4_salt_kcal': -0.0006082557575862307}
G00117_C04 {'chain': 'B', 'position': 73, 'residue': 'ARG', 'LJ_kcal': -0.011326572098541302, 'SA_kcal': -0.014840520619341512, 'epsilon1_salt_kcal': 0.13472696871754197, 'epsilon4_salt_kcal': 0.031481791106464506}
G00117_C04 {'chain': 'B', 'position': 55, 'residue': 'ASN', 'LJ_kcal': -0.06634457927532321, 'SA_kcal': -0.04696481040507791, 'epsilon1_salt_kcal': 0.12838868125845038, 'epsilon4_salt_kcal': -0.057328090993758705}
