B00001 52 N D 4 6.32 [0.0, 0.0] -3.54
B00002 52 N D 7 7.02 [0.0, 0.0] -3.29
B00003 52 N D 0 6.95 [0.0, 0.0] -3.28
B00004 52 N E 4 6.15 [0.0, 0.0] -3.59
B00005 52 N E 7 6.68 [0.0, 0.0] -3.29
B00006 52 N E 10 7.29 [0.0, 0.0] -3.24
B00007 53 N D 7 10.59 [0.0, 0.0] -1.77
B00008 53 N D 0 10.48 [0.0, 0.0] -1.77
B00009 53 N D 4 10.33 [0.0, 0.0] -1.71
B00010 53 N E 8 10.68 [0.0, 0.0] -1.67
B00011 53 N E 11 10.47 [0.0, 0.0] -1.61
B00012 53 N E 6 10.4 [0.0, 0.0] -1.59
B00013 54 D D 9 4.08 [0.002, 0.0] -6.72
B00014 54 D D 3 4.15 [0.0, 0.0] -6.33
B00015 54 D D 6 4.25 [0.0, 0.0] -6.12
B00016 54 D E 10 3.36 [0.0, 0.065] -8.04
B00017 54 D E 5 4.19 [0.0, 0.0] -6.12
B00018 54 D E 9 4.33 [0.006, 0.0] -6.02
B00019 100 Y D 9 5.15 [0.0, 0.0] -5.09
B00020 100 Y D 8 5.26 [0.0, 0.0] -4.73
B00021 100 Y D 6 5.23 [0.0, 0.0] -4.51
B00022 100 Y E 14 5.87 [0.0, 0.0] -4.17
B00023 100 Y E 3 6.35 [0.0, 0.0] -3.55
B00024 100 Y E 15 6.28 [0.0, 0.0] -3.51
