plabdab_paired.csv.gz 100000 unique 78506 seconds 2.8
DONE plabdab_paired.csv.gz 176894 112722 45233
plabdab_unpaired.csv.gz 100000 unique 167595 seconds 6.7
plabdab_unpaired.csv.gz 200000 unique 218900 seconds 8.6
plabdab_unpaired.csv.gz 300000 unique 256185 seconds 10.9
plabdab_unpaired.csv.gz 400000 unique 297656 seconds 12.9
plabdab_unpaired.csv.gz 500000 unique 331566 seconds 14.8
plabdab_unpaired.csv.gz 600000 unique 352079 seconds 16.6
DONE plabdab_unpaired.csv.gz 673959 372629 130010
DONE plabdab_nano.csv.gz 4913 374378 131541
DONE therasabdab.csv 1133 374451 131580
{
  "numbered_H_rows": 386323,
  "validated_annotated_cdr3": 335857,
  "anchor_or_length_rejected": 50466,
  "numbered_variable_domains": 673958,
  "cdr3_total": 203818,
  "old_cdr3": 133050,
  "new_unique_domain_references": 72515,
  "antibody_total": 446966
}


Building a new DB, current time: 10/01/2026 19:13:08
New DB name:   /mnt/data/egfr_campaign/stage2/intermediate/blast/antibodies_augmented
New DB title:  /mnt/data/egfr_campaign/stage2/intermediate/novelty/antibodies_augmented.fasta
Sequence type: Protein
Keep MBits: T
Maximum file size: 3000000000B
Adding sequences from FASTA; added 446966 sequences in 3.37601 seconds.


