{
  "candidates": 1114,
  "unique_cdr3_queries": 1044,
  "reference_cdr3": 203818,
  "below_70pct": 1114,
  "max_identity": 0.6470588235294117,
  "distance_tests": [
    [
      "ARDYYGMDV",
      "ARDYYGMDV",
      0
    ],
    [
      "ARDYYGMDV",
      "ARDYFGMDV",
      1
    ],
    [
      "AAAA",
      "YYYY",
      4
    ],
    [
      "HGDHGEYY",
      "DHGEY",
      3
    ],
    [
      "",
      "AAAA",
      4
    ]
  ],
  "positive_control_exact_match": true,
  "seconds": 53.79230618476868,
  "qualification": "Local, motif-based coverage only; not organizer eligibility certification."
}
