{
  "timestamp_utc": "2026-10-01T19:55:33.566863+00:00",
  "stage": 3,
  "not_final_submission": true,
  "phone_a_friend_used": 2,
  "total_sequence_structure_records": 1114,
  "unique_sequences": 1097,
  "duplicate_records_beyond_unique_sequences": 17,
  "unique_CDR3": 1044,
  "length_range": [
    119,
    127
  ],
  "sequence_structure_checks_pass": true,
  "format_checks_per_record": 5,
  "initial_geometry_pass": 1114,
  "no_glycosylation_sequon": 1113,
  "sequon_flagged_ids": [
    "A00008"
  ],
  "native_human_detailed_evaluations": 49,
  "native_human_acid_on_all_54": 27,
  "native_refinement_geometry_pass": 49,
  "native_refinement_full_receptor_glycan_pass": 49,
  "native_human_backbones_with_omega_flag": 1,
  "mouse_detailed_evaluations": 7,
  "completed_whole_sequence_blast_records": 61,
  "completed_whole_sequence_blast_unique_sequences": 60,
  "no_experimental_binding_or_folding_validation": true
}
wrote /mnt/data/egfr_campaign/stage3/output
